15:26:48 **** Clean-only build of configuration Debug for project power ****
make clean 
rm -rf *
 
15:54:02 **** Build of configuration Debug for project power ****
make all 
Building file: ../Src/main.c
Invoking: MCU GCC Compiler
E:\gitworks\powersupply\Debug
arm-none-eabi-gcc -mcpu=cortex-m0 -mthumb -mfloat-abi=soft '-D__weak=__attribute__((weak))' '-D__packed=__attribute__((__packed__))' -DUSE_HAL_DRIVER -DSTM32F051x8 -I"E:/gitworks/powersupply/Inc" -I"E:/gitworks/powersupply/Drivers/STM32F0xx_HAL_Driver/Inc" -I"E:/gitworks/powersupply/Drivers/STM32F0xx_HAL_Driver/Inc/Legacy" -I"E:/gitworks/powersupply/Drivers/CMSIS/Device/ST/STM32F0xx/Include" -I"E:/gitworks/powersupply/Drivers/CMSIS/Include"  -Og -g3 -Wall -fmessage-length=0 -ffunction-sections -c -fmessage-length=0 -MMD -MP -MF"Src/main.d" -MT"Src/main.o" -o "Src/main.o" "../Src/main.c"
../Src/main.c: In function 'main':
../Src/main.c:361:11: warning: unused variable 'duty' [-Wunused-variable]
  uint32_t duty;
           ^~~~
../Src/main.c:360:11: warning: unused variable 'daccount' [-Wunused-variable]
  uint16_t daccount=0;
           ^~~~~~~~
../Src/main.c:359:10: warning: unused variable 'count' [-Wunused-variable]
  uint8_t count=0;
          ^~~~~
Finished building: ../Src/main.c
 
Building target: power.elf
Invoking: MCU GCC Linker
arm-none-eabi-gcc -mcpu=cortex-m0 -mthumb -mfloat-abi=soft -specs=nosys.specs -specs=nano.specs -T"../STM32F051R8Tx_FLASH.ld" -Wl,-Map=output.map -Wl,--gc-sections -o "power.elf" @"objects.list"   -lm
Finished building target: power.elf
 
make --no-print-directory post-build
Generating binary and Printing size information:
arm-none-eabi-objcopy -O binary "power.elf" "power.bin"
arm-none-eabi-size "power.elf"
   text	   data	    bss	    dec	    hex	filename
  10872	     44	   2068	  12984	   32b8	power.elf
 
15:54:30 **** Incremental Build of configuration Debug for project power ****
make all 
Building file: ../Src/main.c
Invoking: MCU GCC Compiler
E:\gitworks\powersupply\Debug
arm-none-eabi-gcc -mcpu=cortex-m0 -mthumb -mfloat-abi=soft '-D__weak=__attribute__((weak))' '-D__packed=__attribute__((__packed__))' -DUSE_HAL_DRIVER -DSTM32F051x8 -I"E:/gitworks/powersupply/Inc" -I"E:/gitworks/powersupply/Drivers/STM32F0xx_HAL_Driver/Inc" -I"E:/gitworks/powersupply/Drivers/STM32F0xx_HAL_Driver/Inc/Legacy" -I"E:/gitworks/powersupply/Drivers/CMSIS/Device/ST/STM32F0xx/Include" -I"E:/gitworks/powersupply/Drivers/CMSIS/Include"  -Og -g3 -Wall -fmessage-length=0 -ffunction-sections -c -fmessage-length=0 -MMD -MP -MF"Src/main.d" -MT"Src/main.o" -o "Src/main.o" "../Src/main.c"
../Src/main.c: In function 'main':
../Src/main.c:361:11: warning: unused variable 'duty' [-Wunused-variable]
  uint32_t duty;
           ^~~~
../Src/main.c:360:11: warning: unused variable 'daccount' [-Wunused-variable]
  uint16_t daccount=0;
           ^~~~~~~~
../Src/main.c:359:10: warning: unused variable 'count' [-Wunused-variable]
  uint8_t count=0;
          ^~~~~
Finished building: ../Src/main.c
 
Building target: power.elf
Invoking: MCU GCC Linker
arm-none-eabi-gcc -mcpu=cortex-m0 -mthumb -mfloat-abi=soft -specs=nosys.specs -specs=nano.specs -T"../STM32F051R8Tx_FLASH.ld" -Wl,-Map=output.map -Wl,--gc-sections -o "power.elf" @"objects.list"   -lm
Finished building target: power.elf
 
make --no-print-directory post-build
Generating binary and Printing size information:
arm-none-eabi-objcopy -O binary "power.elf" "power.bin"
arm-none-eabi-size "power.elf"
   text	   data	    bss	    dec	    hex	filename
  10920	     44	   2068	  13032	   32e8	power.elf
 
15:54:34 **** Incremental Build of configuration Debug for project power ****
make all 
make: Nothing to be done for 'all'.
15:54:53 **** Incremental Build of configuration Debug for project power ****
make all 
Building file: ../Src/main.c
Invoking: MCU GCC Compiler
E:\gitworks\powersupply\Debug
arm-none-eabi-gcc -mcpu=cortex-m0 -mthumb -mfloat-abi=soft '-D__weak=__attribute__((weak))' '-D__packed=__attribute__((__packed__))' -DUSE_HAL_DRIVER -DSTM32F051x8 -I"E:/gitworks/powersupply/Inc" -I"E:/gitworks/powersupply/Drivers/STM32F0xx_HAL_Driver/Inc" -I"E:/gitworks/powersupply/Drivers/STM32F0xx_HAL_Driver/Inc/Legacy" -I"E:/gitworks/powersupply/Drivers/CMSIS/Device/ST/STM32F0xx/Include" -I"E:/gitworks/powersupply/Drivers/CMSIS/Include"  -Og -g3 -Wall -fmessage-length=0 -ffunction-sections -c -fmessage-length=0 -MMD -MP -MF"Src/main.d" -MT"Src/main.o" -o "Src/main.o" "../Src/main.c"
../Src/main.c: In function 'main':
../Src/main.c:361:11: warning: unused variable 'duty' [-Wunused-variable]
  uint32_t duty;
           ^~~~
../Src/main.c:360:11: warning: unused variable 'daccount' [-Wunused-variable]
  uint16_t daccount=0;
           ^~~~~~~~
../Src/main.c:359:10: warning: unused variable 'count' [-Wunused-variable]
  uint8_t count=0;
          ^~~~~
Finished building: ../Src/main.c
 
Building target: power.elf
Invoking: MCU GCC Linker
arm-none-eabi-gcc -mcpu=cortex-m0 -mthumb -mfloat-abi=soft -specs=nosys.specs -specs=nano.specs -T"../STM32F051R8Tx_FLASH.ld" -Wl,-Map=output.map -Wl,--gc-sections -o "power.elf" @"objects.list"   -lm
Finished building target: power.elf
 
make --no-print-directory post-build
Generating binary and Printing size information:
arm-none-eabi-objcopy -O binary "power.elf" "power.bin"
arm-none-eabi-size "power.elf"
   text	   data	    bss	    dec	    hex	filename
  10904	     44	   2068	  13016	   32d8	power.elf
 
15:55:02 **** Incremental Build of configuration Debug for project power ****
make all 
Building file: ../Src/main.c
Invoking: MCU GCC Compiler
E:\gitworks\powersupply\Debug
arm-none-eabi-gcc -mcpu=cortex-m0 -mthumb -mfloat-abi=soft '-D__weak=__attribute__((weak))' '-D__packed=__attribute__((__packed__))' -DUSE_HAL_DRIVER -DSTM32F051x8 -I"E:/gitworks/powersupply/Inc" -I"E:/gitworks/powersupply/Drivers/STM32F0xx_HAL_Driver/Inc" -I"E:/gitworks/powersupply/Drivers/STM32F0xx_HAL_Driver/Inc/Legacy" -I"E:/gitworks/powersupply/Drivers/CMSIS/Device/ST/STM32F0xx/Include" -I"E:/gitworks/powersupply/Drivers/CMSIS/Include"  -Og -g3 -Wall -fmessage-length=0 -ffunction-sections -c -fmessage-length=0 -MMD -MP -MF"Src/main.d" -MT"Src/main.o" -o "Src/main.o" "../Src/main.c"
../Src/main.c: In function 'main':
../Src/main.c:361:11: warning: unused variable 'duty' [-Wunused-variable]
  uint32_t duty;
           ^~~~
../Src/main.c:360:11: warning: unused variable 'daccount' [-Wunused-variable]
  uint16_t daccount=0;
           ^~~~~~~~
../Src/main.c:359:10: warning: unused variable 'count' [-Wunused-variable]
  uint8_t count=0;
          ^~~~~
Finished building: ../Src/main.c
 
Building target: power.elf
Invoking: MCU GCC Linker
arm-none-eabi-gcc -mcpu=cortex-m0 -mthumb -mfloat-abi=soft -specs=nosys.specs -specs=nano.specs -T"../STM32F051R8Tx_FLASH.ld" -Wl,-Map=output.map -Wl,--gc-sections -o "power.elf" @"objects.list"   -lm
Finished building target: power.elf
 
make --no-print-directory post-build
Generating binary and Printing size information:
arm-none-eabi-objcopy -O binary "power.elf" "power.bin"
arm-none-eabi-size "power.elf"
   text	   data	    bss	    dec	    hex	filename
  10800	     44	   2068	  12912	   3270	power.elf
 
15:55:07 **** Incremental Build of configuration Debug for project power ****
make all 
make: Nothing to be done for 'all'.
15:55:17 **** Incremental Build of configuration Debug for project power ****
make all 
Building file: ../Src/main.c
Invoking: MCU GCC Compiler
E:\gitworks\powersupply\Debug
arm-none-eabi-gcc -mcpu=cortex-m0 -mthumb -mfloat-abi=soft '-D__weak=__attribute__((weak))' '-D__packed=__attribute__((__packed__))' -DUSE_HAL_DRIVER -DSTM32F051x8 -I"E:/gitworks/powersupply/Inc" -I"E:/gitworks/powersupply/Drivers/STM32F0xx_HAL_Driver/Inc" -I"E:/gitworks/powersupply/Drivers/STM32F0xx_HAL_Driver/Inc/Legacy" -I"E:/gitworks/powersupply/Drivers/CMSIS/Device/ST/STM32F0xx/Include" -I"E:/gitworks/powersupply/Drivers/CMSIS/Include"  -Og -g3 -Wall -fmessage-length=0 -ffunction-sections -c -fmessage-length=0 -MMD -MP -MF"Src/main.d" -MT"Src/main.o" -o "Src/main.o" "../Src/main.c"
../Src/main.c: In function 'main':
../Src/main.c:361:11: warning: unused variable 'duty' [-Wunused-variable]
  uint32_t duty;
           ^~~~
../Src/main.c:360:11: warning: unused variable 'daccount' [-Wunused-variable]
  uint16_t daccount=0;
           ^~~~~~~~
../Src/main.c:359:10: warning: unused variable 'count' [-Wunused-variable]
  uint8_t count=0;
          ^~~~~
At top level:
../Src/main.c:760:13: warning: 'MX_USART1_UART_Init' defined but not used [-Wunused-function]
 static void MX_USART1_UART_Init(void)
             ^~~~~~~~~~~~~~~~~~~
../Src/main.c:728:13: warning: 'MX_TIM2_Init' defined but not used [-Wunused-function]
 static void MX_TIM2_Init(void)
             ^~~~~~~~~~~~
../Src/main.c:649:13: warning: 'MX_TIM1_Init' defined but not used [-Wunused-function]
 static void MX_TIM1_Init(void)
             ^~~~~~~~~~~~
../Src/main.c:625:13: warning: 'MX_DAC1_Init' defined but not used [-Wunused-function]
 static void MX_DAC1_Init(void)
             ^~~~~~~~~~~~
../Src/main.c:605:13: warning: 'MX_COMP1_Init' defined but not used [-Wunused-function]
 static void MX_COMP1_Init(void)
             ^~~~~~~~~~~~~
../Src/main.c:551:13: warning: 'MX_ADC_Init' defined but not used [-Wunused-function]
 static void MX_ADC_Init(void)
             ^~~~~~~~~~~
Finished building: ../Src/main.c
 
Building target: power.elf
Invoking: MCU GCC Linker
arm-none-eabi-gcc -mcpu=cortex-m0 -mthumb -mfloat-abi=soft -specs=nosys.specs -specs=nano.specs -T"../STM32F051R8Tx_FLASH.ld" -Wl,-Map=output.map -Wl,--gc-sections -o "power.elf" @"objects.list"   -lm
Finished building target: power.elf
 
make --no-print-directory post-build
Generating binary and Printing size information:
arm-none-eabi-objcopy -O binary "power.elf" "power.bin"
arm-none-eabi-size "power.elf"
   text	   data	    bss	    dec	    hex	filename
   4924	     44	   2068	   7036	   1b7c	power.elf
 
15:55:20 **** Incremental Build of configuration Debug for project power ****
make all 
make: Nothing to be done for 'all'.
15:55:35 **** Incremental Build of configuration Debug for project power ****
make all 
Building file: ../Src/main.c
Invoking: MCU GCC Compiler
E:\gitworks\powersupply\Debug
arm-none-eabi-gcc -mcpu=cortex-m0 -mthumb -mfloat-abi=soft '-D__weak=__attribute__((weak))' '-D__packed=__attribute__((__packed__))' -DUSE_HAL_DRIVER -DSTM32F051x8 -I"E:/gitworks/powersupply/Inc" -I"E:/gitworks/powersupply/Drivers/STM32F0xx_HAL_Driver/Inc" -I"E:/gitworks/powersupply/Drivers/STM32F0xx_HAL_Driver/Inc/Legacy" -I"E:/gitworks/powersupply/Drivers/CMSIS/Device/ST/STM32F0xx/Include" -I"E:/gitworks/powersupply/Drivers/CMSIS/Include"  -Og -g3 -Wall -fmessage-length=0 -ffunction-sections -c -fmessage-length=0 -MMD -MP -MF"Src/main.d" -MT"Src/main.o" -o "Src/main.o" "../Src/main.c"
../Src/main.c: In function 'main':
../Src/main.c:361:11: warning: unused variable 'duty' [-Wunused-variable]
  uint32_t duty;
           ^~~~
../Src/main.c:360:11: warning: unused variable 'daccount' [-Wunused-variable]
  uint16_t daccount=0;
           ^~~~~~~~
../Src/main.c:359:10: warning: unused variable 'count' [-Wunused-variable]
  uint8_t count=0;
          ^~~~~
At top level:
../Src/main.c:760:13: warning: 'MX_USART1_UART_Init' defined but not used [-Wunused-function]
 static void MX_USART1_UART_Init(void)
             ^~~~~~~~~~~~~~~~~~~
../Src/main.c:728:13: warning: 'MX_TIM2_Init' defined but not used [-Wunused-function]
 static void MX_TIM2_Init(void)
             ^~~~~~~~~~~~
../Src/main.c:649:13: warning: 'MX_TIM1_Init' defined but not used [-Wunused-function]
 static void MX_TIM1_Init(void)
             ^~~~~~~~~~~~
../Src/main.c:625:13: warning: 'MX_DAC1_Init' defined but not used [-Wunused-function]
 static void MX_DAC1_Init(void)
             ^~~~~~~~~~~~
../Src/main.c:605:13: warning: 'MX_COMP1_Init' defined but not used [-Wunused-function]
 static void MX_COMP1_Init(void)
             ^~~~~~~~~~~~~
../Src/main.c:551:13: warning: 'MX_ADC_Init' defined but not used [-Wunused-function]
 static void MX_ADC_Init(void)
             ^~~~~~~~~~~
Finished building: ../Src/main.c
 
Building target: power.elf
Invoking: MCU GCC Linker
arm-none-eabi-gcc -mcpu=cortex-m0 -mthumb -mfloat-abi=soft -specs=nosys.specs -specs=nano.specs -T"../STM32F051R8Tx_FLASH.ld" -Wl,-Map=output.map -Wl,--gc-sections -o "power.elf" @"objects.list"   -lm
Finished building target: power.elf
 
make --no-print-directory post-build
Generating binary and Printing size information:
arm-none-eabi-objcopy -O binary "power.elf" "power.bin"
arm-none-eabi-size "power.elf"
   text	   data	    bss	    dec	    hex	filename
   2312	     40	   2072	   4424	   1148	power.elf
 
15:55:44 **** Incremental Build of configuration Debug for project power ****
make all 
Building file: ../Src/main.c
Invoking: MCU GCC Compiler
E:\gitworks\powersupply\Debug
arm-none-eabi-gcc -mcpu=cortex-m0 -mthumb -mfloat-abi=soft '-D__weak=__attribute__((weak))' '-D__packed=__attribute__((__packed__))' -DUSE_HAL_DRIVER -DSTM32F051x8 -I"E:/gitworks/powersupply/Inc" -I"E:/gitworks/powersupply/Drivers/STM32F0xx_HAL_Driver/Inc" -I"E:/gitworks/powersupply/Drivers/STM32F0xx_HAL_Driver/Inc/Legacy" -I"E:/gitworks/powersupply/Drivers/CMSIS/Device/ST/STM32F0xx/Include" -I"E:/gitworks/powersupply/Drivers/CMSIS/Include"  -Og -g3 -Wall -fmessage-length=0 -ffunction-sections -c -fmessage-length=0 -MMD -MP -MF"Src/main.d" -MT"Src/main.o" -o "Src/main.o" "../Src/main.c"
../Src/main.c: In function 'main':
../Src/main.c:361:11: warning: unused variable 'duty' [-Wunused-variable]
  uint32_t duty;
           ^~~~
../Src/main.c:360:11: warning: unused variable 'daccount' [-Wunused-variable]
  uint16_t daccount=0;
           ^~~~~~~~
../Src/main.c:359:10: warning: unused variable 'count' [-Wunused-variable]
  uint8_t count=0;
          ^~~~~
At top level:
../Src/main.c:760:13: warning: 'MX_USART1_UART_Init' defined but not used [-Wunused-function]
 static void MX_USART1_UART_Init(void)
             ^~~~~~~~~~~~~~~~~~~
../Src/main.c:728:13: warning: 'MX_TIM2_Init' defined but not used [-Wunused-function]
 static void MX_TIM2_Init(void)
             ^~~~~~~~~~~~
../Src/main.c:649:13: warning: 'MX_TIM1_Init' defined but not used [-Wunused-function]
 static void MX_TIM1_Init(void)
             ^~~~~~~~~~~~
../Src/main.c:625:13: warning: 'MX_DAC1_Init' defined but not used [-Wunused-function]
 static void MX_DAC1_Init(void)
             ^~~~~~~~~~~~
../Src/main.c:605:13: warning: 'MX_COMP1_Init' defined but not used [-Wunused-function]
 static void MX_COMP1_Init(void)
             ^~~~~~~~~~~~~
../Src/main.c:551:13: warning: 'MX_ADC_Init' defined but not used [-Wunused-function]
 static void MX_ADC_Init(void)
             ^~~~~~~~~~~
Finished building: ../Src/main.c
 
Building target: power.elf
Invoking: MCU GCC Linker
arm-none-eabi-gcc -mcpu=cortex-m0 -mthumb -mfloat-abi=soft -specs=nosys.specs -specs=nano.specs -T"../STM32F051R8Tx_FLASH.ld" -Wl,-Map=output.map -Wl,--gc-sections -o "power.elf" @"objects.list"   -lm
Finished building target: power.elf
 
make --no-print-directory post-build
Generating binary and Printing size information:
arm-none-eabi-objcopy -O binary "power.elf" "power.bin"
arm-none-eabi-size "power.elf"
   text	   data	    bss	    dec	    hex	filename
   4924	     44	   2068	   7036	   1b7c	power.elf
 
15:56:34 **** Incremental Build of configuration Debug for project power ****
make all 
Building file: ../Src/main.c
Invoking: MCU GCC Compiler
E:\gitworks\powersupply\Debug
arm-none-eabi-gcc -mcpu=cortex-m0 -mthumb -mfloat-abi=soft '-D__weak=__attribute__((weak))' '-D__packed=__attribute__((__packed__))' -DUSE_HAL_DRIVER -DSTM32F051x8 -I"E:/gitworks/powersupply/Inc" -I"E:/gitworks/powersupply/Drivers/STM32F0xx_HAL_Driver/Inc" -I"E:/gitworks/powersupply/Drivers/STM32F0xx_HAL_Driver/Inc/Legacy" -I"E:/gitworks/powersupply/Drivers/CMSIS/Device/ST/STM32F0xx/Include" -I"E:/gitworks/powersupply/Drivers/CMSIS/Include"  -Og -g3 -Wall -fmessage-length=0 -ffunction-sections -c -fmessage-length=0 -MMD -MP -MF"Src/main.d" -MT"Src/main.o" -o "Src/main.o" "../Src/main.c"
../Src/main.c: In function 'main':
../Src/main.c:361:11: warning: unused variable 'duty' [-Wunused-variable]
  uint32_t duty;
           ^~~~
../Src/main.c:360:11: warning: unused variable 'daccount' [-Wunused-variable]
  uint16_t daccount=0;
           ^~~~~~~~
../Src/main.c:359:10: warning: unused variable 'count' [-Wunused-variable]
  uint8_t count=0;
          ^~~~~
../Src/main.c: In function 'SystemClock_Config':
../Src/main.c:500:28: warning: variable 'PeriphClkInit' set but not used [-Wunused-but-set-variable]
   RCC_PeriphCLKInitTypeDef PeriphClkInit;
                            ^~~~~~~~~~~~~
../Src/main.c:499:22: warning: variable 'RCC_ClkInitStruct' set but not used [-Wunused-but-set-variable]
   RCC_ClkInitTypeDef RCC_ClkInitStruct;
                      ^~~~~~~~~~~~~~~~~
../Src/main.c:498:22: warning: variable 'RCC_OscInitStruct' set but not used [-Wunused-but-set-variable]
   RCC_OscInitTypeDef RCC_OscInitStruct;
                      ^~~~~~~~~~~~~~~~~
At top level:
../Src/main.c:760:13: warning: 'MX_USART1_UART_Init' defined but not used [-Wunused-function]
 static void MX_USART1_UART_Init(void)
             ^~~~~~~~~~~~~~~~~~~
../Src/main.c:728:13: warning: 'MX_TIM2_Init' defined but not used [-Wunused-function]
 static void MX_TIM2_Init(void)
             ^~~~~~~~~~~~
../Src/main.c:649:13: warning: 'MX_TIM1_Init' defined but not used [-Wunused-function]
 static void MX_TIM1_Init(void)
             ^~~~~~~~~~~~
../Src/main.c:625:13: warning: 'MX_DAC1_Init' defined but not used [-Wunused-function]
 static void MX_DAC1_Init(void)
             ^~~~~~~~~~~~
../Src/main.c:605:13: warning: 'MX_COMP1_Init' defined but not used [-Wunused-function]
 static void MX_COMP1_Init(void)
             ^~~~~~~~~~~~~
../Src/main.c:551:13: warning: 'MX_ADC_Init' defined but not used [-Wunused-function]
 static void MX_ADC_Init(void)
             ^~~~~~~~~~~
Finished building: ../Src/main.c
 
Building target: power.elf
Invoking: MCU GCC Linker
arm-none-eabi-gcc -mcpu=cortex-m0 -mthumb -mfloat-abi=soft -specs=nosys.specs -specs=nano.specs -T"../STM32F051R8Tx_FLASH.ld" -Wl,-Map=output.map -Wl,--gc-sections -o "power.elf" @"objects.list"   -lm
Finished building target: power.elf
 
make --no-print-directory post-build
Generating binary and Printing size information:
arm-none-eabi-objcopy -O binary "power.elf" "power.bin"
arm-none-eabi-size "power.elf"
   text	   data	    bss	    dec	    hex	filename
   2836	     44	   2068	   4948	   1354	power.elf
 
15:56:45 **** Incremental Build of configuration Debug for project power ****
make all 
Building file: ../Src/main.c
Invoking: MCU GCC Compiler
E:\gitworks\powersupply\Debug
arm-none-eabi-gcc -mcpu=cortex-m0 -mthumb -mfloat-abi=soft '-D__weak=__attribute__((weak))' '-D__packed=__attribute__((__packed__))' -DUSE_HAL_DRIVER -DSTM32F051x8 -I"E:/gitworks/powersupply/Inc" -I"E:/gitworks/powersupply/Drivers/STM32F0xx_HAL_Driver/Inc" -I"E:/gitworks/powersupply/Drivers/STM32F0xx_HAL_Driver/Inc/Legacy" -I"E:/gitworks/powersupply/Drivers/CMSIS/Device/ST/STM32F0xx/Include" -I"E:/gitworks/powersupply/Drivers/CMSIS/Include"  -Og -g3 -Wall -fmessage-length=0 -ffunction-sections -c -fmessage-length=0 -MMD -MP -MF"Src/main.d" -MT"Src/main.o" -o "Src/main.o" "../Src/main.c"
../Src/main.c: In function 'main':
../Src/main.c:361:11: warning: unused variable 'duty' [-Wunused-variable]
  uint32_t duty;
           ^~~~
../Src/main.c:360:11: warning: unused variable 'daccount' [-Wunused-variable]
  uint16_t daccount=0;
           ^~~~~~~~
../Src/main.c:359:10: warning: unused variable 'count' [-Wunused-variable]
  uint8_t count=0;
          ^~~~~
../Src/main.c: In function 'SystemClock_Config':
../Src/main.c:500:28: warning: variable 'PeriphClkInit' set but not used [-Wunused-but-set-variable]
   RCC_PeriphCLKInitTypeDef PeriphClkInit;
                            ^~~~~~~~~~~~~
../Src/main.c:499:22: warning: variable 'RCC_ClkInitStruct' set but not used [-Wunused-but-set-variable]
   RCC_ClkInitTypeDef RCC_ClkInitStruct;
                      ^~~~~~~~~~~~~~~~~
../Src/main.c:498:22: warning: variable 'RCC_OscInitStruct' set but not used [-Wunused-but-set-variable]
   RCC_OscInitTypeDef RCC_OscInitStruct;
                      ^~~~~~~~~~~~~~~~~
At top level:
../Src/main.c:760:13: warning: 'MX_USART1_UART_Init' defined but not used [-Wunused-function]
 static void MX_USART1_UART_Init(void)
             ^~~~~~~~~~~~~~~~~~~
../Src/main.c:728:13: warning: 'MX_TIM2_Init' defined but not used [-Wunused-function]
 static void MX_TIM2_Init(void)
             ^~~~~~~~~~~~
../Src/main.c:649:13: warning: 'MX_TIM1_Init' defined but not used [-Wunused-function]
 static void MX_TIM1_Init(void)
             ^~~~~~~~~~~~
../Src/main.c:625:13: warning: 'MX_DAC1_Init' defined but not used [-Wunused-function]
 static void MX_DAC1_Init(void)
             ^~~~~~~~~~~~
../Src/main.c:605:13: warning: 'MX_COMP1_Init' defined but not used [-Wunused-function]
 static void MX_COMP1_Init(void)
             ^~~~~~~~~~~~~
../Src/main.c:551:13: warning: 'MX_ADC_Init' defined but not used [-Wunused-function]
 static void MX_ADC_Init(void)
             ^~~~~~~~~~~
Finished building: ../Src/main.c
 
Building target: power.elf
Invoking: MCU GCC Linker
arm-none-eabi-gcc -mcpu=cortex-m0 -mthumb -mfloat-abi=soft -specs=nosys.specs -specs=nano.specs -T"../STM32F051R8Tx_FLASH.ld" -Wl,-Map=output.map -Wl,--gc-sections -o "power.elf" @"objects.list"   -lm
Finished building target: power.elf
 
make --no-print-directory post-build
Generating binary and Printing size information:
arm-none-eabi-objcopy -O binary "power.elf" "power.bin"
arm-none-eabi-size "power.elf"
   text	   data	    bss	    dec	    hex	filename
   2724	     44	   2068	   4836	   12e4	power.elf
 
15:57:29 **** Incremental Build of configuration Debug for project power ****
make all 
make: Nothing to be done for 'all'.
16:00:09 **** Incremental Build of configuration Debug for project power ****
make all 
Building file: ../Src/system_stm32f0xx.c
Invoking: MCU GCC Compiler
E:\gitworks\powersupply\Debug
arm-none-eabi-gcc -mcpu=cortex-m0 -mthumb -mfloat-abi=soft '-D__weak=__attribute__((weak))' '-D__packed=__attribute__((__packed__))' -DUSE_HAL_DRIVER -DSTM32F051x8 -I"E:/gitworks/powersupply/Inc" -I"E:/gitworks/powersupply/Drivers/STM32F0xx_HAL_Driver/Inc" -I"E:/gitworks/powersupply/Drivers/STM32F0xx_HAL_Driver/Inc/Legacy" -I"E:/gitworks/powersupply/Drivers/CMSIS/Device/ST/STM32F0xx/Include" -I"E:/gitworks/powersupply/Drivers/CMSIS/Include"  -Og -g3 -Wall -fmessage-length=0 -ffunction-sections -c -fmessage-length=0 -MMD -MP -MF"Src/system_stm32f0xx.d" -MT"Src/system_stm32f0xx.o" -o "Src/system_stm32f0xx.o" "../Src/system_stm32f0xx.c"
Finished building: ../Src/system_stm32f0xx.c
 
Building target: power.elf
Invoking: MCU GCC Linker
arm-none-eabi-gcc -mcpu=cortex-m0 -mthumb -mfloat-abi=soft -specs=nosys.specs -specs=nano.specs -T"../STM32F051R8Tx_FLASH.ld" -Wl,-Map=output.map -Wl,--gc-sections -o "power.elf" @"objects.list"   -lm
Finished building target: power.elf
 
make --no-print-directory post-build
Generating binary and Printing size information:
arm-none-eabi-objcopy -O binary "power.elf" "power.bin"
arm-none-eabi-size "power.elf"
   text	   data	    bss	    dec	    hex	filename
   2724	     44	   2068	   4836	   12e4	power.elf
 
16:00:14 **** Incremental Build of configuration Debug for project power ****
make all 
make: Nothing to be done for 'all'.
16:02:35 **** Incremental Build of configuration Debug for project power ****
make all 
Building file: ../Src/stm32f0xx_it.c
Invoking: MCU GCC Compiler
E:\gitworks\powersupply\Debug
arm-none-eabi-gcc -mcpu=cortex-m0 -mthumb -mfloat-abi=soft '-D__weak=__attribute__((weak))' '-D__packed=__attribute__((__packed__))' -DUSE_HAL_DRIVER -DSTM32F051x8 -I"E:/gitworks/powersupply/Inc" -I"E:/gitworks/powersupply/Drivers/STM32F0xx_HAL_Driver/Inc" -I"E:/gitworks/powersupply/Drivers/STM32F0xx_HAL_Driver/Inc/Legacy" -I"E:/gitworks/powersupply/Drivers/CMSIS/Device/ST/STM32F0xx/Include" -I"E:/gitworks/powersupply/Drivers/CMSIS/Include"  -Og -g3 -Wall -fmessage-length=0 -ffunction-sections -c -fmessage-length=0 -MMD -MP -MF"Src/stm32f0xx_it.d" -MT"Src/stm32f0xx_it.o" -o "Src/stm32f0xx_it.o" "../Src/stm32f0xx_it.c"
Finished building: ../Src/stm32f0xx_it.c
 
Building target: power.elf
Invoking: MCU GCC Linker
arm-none-eabi-gcc -mcpu=cortex-m0 -mthumb -mfloat-abi=soft -specs=nosys.specs -specs=nano.specs -T"../STM32F051R8Tx_FLASH.ld" -Wl,-Map=output.map -Wl,--gc-sections -o "power.elf" @"objects.list"   -lm
Finished building target: power.elf
 
make --no-print-directory post-build
Generating binary and Printing size information:
arm-none-eabi-objcopy -O binary "power.elf" "power.bin"
arm-none-eabi-size "power.elf"
   text	   data	    bss	    dec	    hex	filename
   2724	     44	   2068	   4836	   12e4	power.elf
 
16:02:38 **** Incremental Build of configuration Debug for project power ****
make all 
make: Nothing to be done for 'all'.
16:02:47 **** Incremental Build of configuration Debug for project power ****
make all 
Building file: ../Src/stm32f0xx_it.c
Invoking: MCU GCC Compiler
E:\gitworks\powersupply\Debug
arm-none-eabi-gcc -mcpu=cortex-m0 -mthumb -mfloat-abi=soft '-D__weak=__attribute__((weak))' '-D__packed=__attribute__((__packed__))' -DUSE_HAL_DRIVER -DSTM32F051x8 -I"E:/gitworks/powersupply/Inc" -I"E:/gitworks/powersupply/Drivers/STM32F0xx_HAL_Driver/Inc" -I"E:/gitworks/powersupply/Drivers/STM32F0xx_HAL_Driver/Inc/Legacy" -I"E:/gitworks/powersupply/Drivers/CMSIS/Device/ST/STM32F0xx/Include" -I"E:/gitworks/powersupply/Drivers/CMSIS/Include"  -Og -g3 -Wall -fmessage-length=0 -ffunction-sections -c -fmessage-length=0 -MMD -MP -MF"Src/stm32f0xx_it.d" -MT"Src/stm32f0xx_it.o" -o "Src/stm32f0xx_it.o" "../Src/stm32f0xx_it.c"
Finished building: ../Src/stm32f0xx_it.c
 
Building target: power.elf
Invoking: MCU GCC Linker
arm-none-eabi-gcc -mcpu=cortex-m0 -mthumb -mfloat-abi=soft -specs=nosys.specs -specs=nano.specs -T"../STM32F051R8Tx_FLASH.ld" -Wl,-Map=output.map -Wl,--gc-sections -o "power.elf" @"objects.list"   -lm
Finished building target: power.elf
 
make --no-print-directory post-build
Generating binary and Printing size information:
arm-none-eabi-objcopy -O binary "power.elf" "power.bin"
arm-none-eabi-size "power.elf"
   text	   data	    bss	    dec	    hex	filename
   2724	     44	   2068	   4836	   12e4	power.elf
 
16:02:53 **** Incremental Build of configuration Debug for project power ****
make all 
make: Nothing to be done for 'all'.
16:08:45 **** Incremental Build of configuration Debug for project power ****
make all 
make: Nothing to be done for 'all'.
16:12:06 **** Incremental Build of configuration Debug for project power ****
make all 
Building file: ../Src/main.c
Invoking: MCU GCC Compiler
E:\gitworks\powersupply\Debug
arm-none-eabi-gcc -mcpu=cortex-m0 -mthumb -mfloat-abi=soft '-D__weak=__attribute__((weak))' '-D__packed=__attribute__((__packed__))' -DUSE_HAL_DRIVER -DSTM32F051x8 -I"E:/gitworks/powersupply/Inc" -I"E:/gitworks/powersupply/Drivers/STM32F0xx_HAL_Driver/Inc" -I"E:/gitworks/powersupply/Drivers/STM32F0xx_HAL_Driver/Inc/Legacy" -I"E:/gitworks/powersupply/Drivers/CMSIS/Device/ST/STM32F0xx/Include" -I"E:/gitworks/powersupply/Drivers/CMSIS/Include"  -Og -g3 -Wall -fmessage-length=0 -ffunction-sections -c -fmessage-length=0 -MMD -MP -MF"Src/main.d" -MT"Src/main.o" -o "Src/main.o" "../Src/main.c"
../Src/main.c: In function 'main':
../Src/main.c:361:11: warning: unused variable 'duty' [-Wunused-variable]
  uint32_t duty;
           ^~~~
../Src/main.c:360:11: warning: unused variable 'daccount' [-Wunused-variable]
  uint16_t daccount=0;
           ^~~~~~~~
../Src/main.c:359:10: warning: unused variable 'count' [-Wunused-variable]
  uint8_t count=0;
          ^~~~~
At top level:
../Src/main.c:760:13: warning: 'MX_USART1_UART_Init' defined but not used [-Wunused-function]
 static void MX_USART1_UART_Init(void)
             ^~~~~~~~~~~~~~~~~~~
../Src/main.c:728:13: warning: 'MX_TIM2_Init' defined but not used [-Wunused-function]
 static void MX_TIM2_Init(void)
             ^~~~~~~~~~~~
../Src/main.c:649:13: warning: 'MX_TIM1_Init' defined but not used [-Wunused-function]
 static void MX_TIM1_Init(void)
             ^~~~~~~~~~~~
../Src/main.c:625:13: warning: 'MX_DAC1_Init' defined but not used [-Wunused-function]
 static void MX_DAC1_Init(void)
             ^~~~~~~~~~~~
../Src/main.c:605:13: warning: 'MX_COMP1_Init' defined but not used [-Wunused-function]
 static void MX_COMP1_Init(void)
             ^~~~~~~~~~~~~
../Src/main.c:551:13: warning: 'MX_ADC_Init' defined but not used [-Wunused-function]
 static void MX_ADC_Init(void)
             ^~~~~~~~~~~
Finished building: ../Src/main.c
 
Building target: power.elf
Invoking: MCU GCC Linker
arm-none-eabi-gcc -mcpu=cortex-m0 -mthumb -mfloat-abi=soft -specs=nosys.specs -specs=nano.specs -T"../STM32F051R8Tx_FLASH.ld" -Wl,-Map=output.map -Wl,--gc-sections -o "power.elf" @"objects.list"   -lm
Finished building target: power.elf
 
make --no-print-directory post-build
Generating binary and Printing size information:
arm-none-eabi-objcopy -O binary "power.elf" "power.bin"
arm-none-eabi-size "power.elf"
   text	   data	    bss	    dec	    hex	filename
   2312	     40	   2072	   4424	   1148	power.elf
 
16:12:11 **** Incremental Build of configuration Debug for project power ****
make all 
make: Nothing to be done for 'all'.
16:12:16 **** Incremental Build of configuration Debug for project power ****
make all 
Building file: ../Src/main.c
Invoking: MCU GCC Compiler
E:\gitworks\powersupply\Debug
arm-none-eabi-gcc -mcpu=cortex-m0 -mthumb -mfloat-abi=soft '-D__weak=__attribute__((weak))' '-D__packed=__attribute__((__packed__))' -DUSE_HAL_DRIVER -DSTM32F051x8 -I"E:/gitworks/powersupply/Inc" -I"E:/gitworks/powersupply/Drivers/STM32F0xx_HAL_Driver/Inc" -I"E:/gitworks/powersupply/Drivers/STM32F0xx_HAL_Driver/Inc/Legacy" -I"E:/gitworks/powersupply/Drivers/CMSIS/Device/ST/STM32F0xx/Include" -I"E:/gitworks/powersupply/Drivers/CMSIS/Include"  -Og -g3 -Wall -fmessage-length=0 -ffunction-sections -c -fmessage-length=0 -MMD -MP -MF"Src/main.d" -MT"Src/main.o" -o "Src/main.o" "../Src/main.c"
../Src/main.c: In function 'main':
../Src/main.c:361:11: warning: unused variable 'duty' [-Wunused-variable]
  uint32_t duty;
           ^~~~
../Src/main.c:360:11: warning: unused variable 'daccount' [-Wunused-variable]
  uint16_t daccount=0;
           ^~~~~~~~
../Src/main.c:359:10: warning: unused variable 'count' [-Wunused-variable]
  uint8_t count=0;
          ^~~~~
At top level:
../Src/main.c:760:13: warning: 'MX_USART1_UART_Init' defined but not used [-Wunused-function]
 static void MX_USART1_UART_Init(void)
             ^~~~~~~~~~~~~~~~~~~
../Src/main.c:728:13: warning: 'MX_TIM2_Init' defined but not used [-Wunused-function]
 static void MX_TIM2_Init(void)
             ^~~~~~~~~~~~
../Src/main.c:649:13: warning: 'MX_TIM1_Init' defined but not used [-Wunused-function]
 static void MX_TIM1_Init(void)
             ^~~~~~~~~~~~
../Src/main.c:625:13: warning: 'MX_DAC1_Init' defined but not used [-Wunused-function]
 static void MX_DAC1_Init(void)
             ^~~~~~~~~~~~
../Src/main.c:605:13: warning: 'MX_COMP1_Init' defined but not used [-Wunused-function]
 static void MX_COMP1_Init(void)
             ^~~~~~~~~~~~~
../Src/main.c:551:13: warning: 'MX_ADC_Init' defined but not used [-Wunused-function]
 static void MX_ADC_Init(void)
             ^~~~~~~~~~~
Finished building: ../Src/main.c
 
Building target: power.elf
Invoking: MCU GCC Linker
arm-none-eabi-gcc -mcpu=cortex-m0 -mthumb -mfloat-abi=soft -specs=nosys.specs -specs=nano.specs -T"../STM32F051R8Tx_FLASH.ld" -Wl,-Map=output.map -Wl,--gc-sections -o "power.elf" @"objects.list"   -lm
Finished building target: power.elf
 
make --no-print-directory post-build
Generating binary and Printing size information:
arm-none-eabi-objcopy -O binary "power.elf" "power.bin"
arm-none-eabi-size "power.elf"
   text	   data	    bss	    dec	    hex	filename
   4924	     44	   2068	   7036	   1b7c	power.elf
 
16:12:32 **** Incremental Build of configuration Debug for project power ****
make all 
Building file: ../Src/main.c
Invoking: MCU GCC Compiler
E:\gitworks\powersupply\Debug
arm-none-eabi-gcc -mcpu=cortex-m0 -mthumb -mfloat-abi=soft '-D__weak=__attribute__((weak))' '-D__packed=__attribute__((__packed__))' -DUSE_HAL_DRIVER -DSTM32F051x8 -I"E:/gitworks/powersupply/Inc" -I"E:/gitworks/powersupply/Drivers/STM32F0xx_HAL_Driver/Inc" -I"E:/gitworks/powersupply/Drivers/STM32F0xx_HAL_Driver/Inc/Legacy" -I"E:/gitworks/powersupply/Drivers/CMSIS/Device/ST/STM32F0xx/Include" -I"E:/gitworks/powersupply/Drivers/CMSIS/Include"  -Og -g3 -Wall -fmessage-length=0 -ffunction-sections -c -fmessage-length=0 -MMD -MP -MF"Src/main.d" -MT"Src/main.o" -o "Src/main.o" "../Src/main.c"
../Src/main.c: In function 'main':
../Src/main.c:361:11: warning: unused variable 'duty' [-Wunused-variable]
  uint32_t duty;
           ^~~~
../Src/main.c:360:11: warning: unused variable 'daccount' [-Wunused-variable]
  uint16_t daccount=0;
           ^~~~~~~~
../Src/main.c:359:10: warning: unused variable 'count' [-Wunused-variable]
  uint8_t count=0;
          ^~~~~
At top level:
../Src/main.c:760:13: warning: 'MX_USART1_UART_Init' defined but not used [-Wunused-function]
 static void MX_USART1_UART_Init(void)
             ^~~~~~~~~~~~~~~~~~~
../Src/main.c:728:13: warning: 'MX_TIM2_Init' defined but not used [-Wunused-function]
 static void MX_TIM2_Init(void)
             ^~~~~~~~~~~~
../Src/main.c:649:13: warning: 'MX_TIM1_Init' defined but not used [-Wunused-function]
 static void MX_TIM1_Init(void)
             ^~~~~~~~~~~~
../Src/main.c:625:13: warning: 'MX_DAC1_Init' defined but not used [-Wunused-function]
 static void MX_DAC1_Init(void)
             ^~~~~~~~~~~~
../Src/main.c:605:13: warning: 'MX_COMP1_Init' defined but not used [-Wunused-function]
 static void MX_COMP1_Init(void)
             ^~~~~~~~~~~~~
../Src/main.c:551:13: warning: 'MX_ADC_Init' defined but not used [-Wunused-function]
 static void MX_ADC_Init(void)
             ^~~~~~~~~~~
Finished building: ../Src/main.c
 
Building target: power.elf
Invoking: MCU GCC Linker
arm-none-eabi-gcc -mcpu=cortex-m0 -mthumb -mfloat-abi=soft -specs=nosys.specs -specs=nano.specs -T"../STM32F051R8Tx_FLASH.ld" -Wl,-Map=output.map -Wl,--gc-sections -o "power.elf" @"objects.list"   -lm
Finished building target: power.elf
 
make --no-print-directory post-build
Generating binary and Printing size information:
arm-none-eabi-objcopy -O binary "power.elf" "power.bin"
arm-none-eabi-size "power.elf"
   text	   data	    bss	    dec	    hex	filename
   2836	     44	   2068	   4948	   1354	power.elf
 
16:16:40 **** Incremental Build of configuration Debug for project power ****
make all 
make: Nothing to be done for 'all'.
15:00:34 **** Incremental Build of configuration Debug for project power ****
make all 
Building file: ../Src/main.c
Invoking: MCU GCC Compiler
E:\gitworks\powersupply\Debug
arm-none-eabi-gcc -mcpu=cortex-m0 -mthumb -mfloat-abi=soft '-D__weak=__attribute__((weak))' '-D__packed=__attribute__((__packed__))' -DUSE_HAL_DRIVER -DSTM32F051x8 -I"E:/gitworks/powersupply/Inc" -I"E:/gitworks/powersupply/Drivers/STM32F0xx_HAL_Driver/Inc" -I"E:/gitworks/powersupply/Drivers/STM32F0xx_HAL_Driver/Inc/Legacy" -I"E:/gitworks/powersupply/Drivers/CMSIS/Device/ST/STM32F0xx/Include" -I"E:/gitworks/powersupply/Drivers/CMSIS/Include"  -Og -g3 -Wall -fmessage-length=0 -ffunction-sections -c -fmessage-length=0 -MMD -MP -MF"Src/main.d" -MT"Src/main.o" -o "Src/main.o" "../Src/main.c"
../Src/main.c: In function 'main':
../Src/main.c:407:30: warning: passing argument 2 of 'HAL_UART_Transmit' makes pointer from integer without a cast [-Wint-conversion]
    HAL_UART_Transmit(&huart1,'a',1,10);
                              ^~~
In file included from E:/gitworks/powersupply/Inc/stm32f0xx_hal_conf.h:285:0,
                 from E:/gitworks/powersupply/Drivers/STM32F0xx_HAL_Driver/Inc/stm32f0xx_hal.h:46,
                 from ../Src/main.c:40:
E:/gitworks/powersupply/Drivers/STM32F0xx_HAL_Driver/Inc/stm32f0xx_hal_uart.h:1298:19: note: expected 'uint8_t * {aka unsigned char *}' but argument is of type 'int'
 HAL_StatusTypeDef HAL_UART_Transmit(UART_HandleTypeDef *huart, uint8_t *pData, uint16_t Size, uint32_t Timeout);
                   ^~~~~~~~~~~~~~~~~
../Src/main.c:361:11: warning: unused variable 'duty' [-Wunused-variable]
  uint32_t duty;
           ^~~~
../Src/main.c:360:11: warning: unused variable 'daccount' [-Wunused-variable]
  uint16_t daccount=0;
           ^~~~~~~~
../Src/main.c:359:10: warning: unused variable 'count' [-Wunused-variable]
  uint8_t count=0;
          ^~~~~
At top level:
../Src/main.c:760:13: warning: 'MX_USART1_UART_Init' defined but not used [-Wunused-function]
 static void MX_USART1_UART_Init(void)
             ^~~~~~~~~~~~~~~~~~~
../Src/main.c:728:13: warning: 'MX_TIM2_Init' defined but not used [-Wunused-function]
 static void MX_TIM2_Init(void)
             ^~~~~~~~~~~~
../Src/main.c:649:13: warning: 'MX_TIM1_Init' defined but not used [-Wunused-function]
 static void MX_TIM1_Init(void)
             ^~~~~~~~~~~~
../Src/main.c:625:13: warning: 'MX_DAC1_Init' defined but not used [-Wunused-function]
 static void MX_DAC1_Init(void)
             ^~~~~~~~~~~~
../Src/main.c:605:13: warning: 'MX_COMP1_Init' defined but not used [-Wunused-function]
 static void MX_COMP1_Init(void)
             ^~~~~~~~~~~~~
../Src/main.c:551:13: warning: 'MX_ADC_Init' defined but not used [-Wunused-function]
 static void MX_ADC_Init(void)
             ^~~~~~~~~~~
Finished building: ../Src/main.c
 
Building target: power.elf
Invoking: MCU GCC Linker
arm-none-eabi-gcc -mcpu=cortex-m0 -mthumb -mfloat-abi=soft -specs=nosys.specs -specs=nano.specs -T"../STM32F051R8Tx_FLASH.ld" -Wl,-Map=output.map -Wl,--gc-sections -o "power.elf" @"objects.list"   -lm
Finished building target: power.elf
 
make --no-print-directory post-build
Generating binary and Printing size information:
arm-none-eabi-objcopy -O binary "power.elf" "power.bin"
arm-none-eabi-size "power.elf"
   text	   data	    bss	    dec	    hex	filename
   5380	     44	   2068	   7492	   1d44	power.elf
 
15:00:44 **** Incremental Build of configuration Debug for project power ****
make all 
make: Nothing to be done for 'all'.
15:02:08 **** Incremental Build of configuration Debug for project power ****
make all 
Building file: ../Src/main.c
Invoking: MCU GCC Compiler
E:\gitworks\powersupply\Debug
arm-none-eabi-gcc -mcpu=cortex-m0 -mthumb -mfloat-abi=soft '-D__weak=__attribute__((weak))' '-D__packed=__attribute__((__packed__))' -DUSE_HAL_DRIVER -DSTM32F051x8 -I"E:/gitworks/powersupply/Inc" -I"E:/gitworks/powersupply/Drivers/STM32F0xx_HAL_Driver/Inc" -I"E:/gitworks/powersupply/Drivers/STM32F0xx_HAL_Driver/Inc/Legacy" -I"E:/gitworks/powersupply/Drivers/CMSIS/Device/ST/STM32F0xx/Include" -I"E:/gitworks/powersupply/Drivers/CMSIS/Include"  -Og -g3 -Wall -fmessage-length=0 -ffunction-sections -c -fmessage-length=0 -MMD -MP -MF"Src/main.d" -MT"Src/main.o" -o "Src/main.o" "../Src/main.c"
../Src/main.c: In function 'main':
../Src/main.c:407:30: warning: passing argument 2 of 'HAL_UART_Transmit' makes pointer from integer without a cast [-Wint-conversion]
    HAL_UART_Transmit(&huart1,'a',1,10);
                              ^~~
In file included from E:/gitworks/powersupply/Inc/stm32f0xx_hal_conf.h:285:0,
                 from E:/gitworks/powersupply/Drivers/STM32F0xx_HAL_Driver/Inc/stm32f0xx_hal.h:46,
                 from ../Src/main.c:40:
E:/gitworks/powersupply/Drivers/STM32F0xx_HAL_Driver/Inc/stm32f0xx_hal_uart.h:1298:19: note: expected 'uint8_t * {aka unsigned char *}' but argument is of type 'int'
 HAL_StatusTypeDef HAL_UART_Transmit(UART_HandleTypeDef *huart, uint8_t *pData, uint16_t Size, uint32_t Timeout);
                   ^~~~~~~~~~~~~~~~~
../Src/main.c:361:11: warning: unused variable 'duty' [-Wunused-variable]
  uint32_t duty;
           ^~~~
../Src/main.c:360:11: warning: unused variable 'daccount' [-Wunused-variable]
  uint16_t daccount=0;
           ^~~~~~~~
At top level:
../Src/main.c:761:13: warning: 'MX_USART1_UART_Init' defined but not used [-Wunused-function]
 static void MX_USART1_UART_Init(void)
             ^~~~~~~~~~~~~~~~~~~
../Src/main.c:729:13: warning: 'MX_TIM2_Init' defined but not used [-Wunused-function]
 static void MX_TIM2_Init(void)
             ^~~~~~~~~~~~
../Src/main.c:650:13: warning: 'MX_TIM1_Init' defined but not used [-Wunused-function]
 static void MX_TIM1_Init(void)
             ^~~~~~~~~~~~
../Src/main.c:626:13: warning: 'MX_DAC1_Init' defined but not used [-Wunused-function]
 static void MX_DAC1_Init(void)
             ^~~~~~~~~~~~
../Src/main.c:606:13: warning: 'MX_COMP1_Init' defined but not used [-Wunused-function]
 static void MX_COMP1_Init(void)
             ^~~~~~~~~~~~~
../Src/main.c:552:13: warning: 'MX_ADC_Init' defined but not used [-Wunused-function]
 static void MX_ADC_Init(void)
             ^~~~~~~~~~~
Finished building: ../Src/main.c
 
Building target: power.elf
Invoking: MCU GCC Linker
arm-none-eabi-gcc -mcpu=cortex-m0 -mthumb -mfloat-abi=soft -specs=nosys.specs -specs=nano.specs -T"../STM32F051R8Tx_FLASH.ld" -Wl,-Map=output.map -Wl,--gc-sections -o "power.elf" @"objects.list"   -lm
Finished building target: power.elf
 
make --no-print-directory post-build
Generating binary and Printing size information:
arm-none-eabi-objcopy -O binary "power.elf" "power.bin"
arm-none-eabi-size "power.elf"
   text	   data	    bss	    dec	    hex	filename
   9448	    144	   2088	  11680	   2da0	power.elf
 
15:08:56 **** Incremental Build of configuration Debug for project power ****
make all 
Building file: ../Src/main.c
Invoking: MCU GCC Compiler
E:\gitworks\powersupply\Debug
arm-none-eabi-gcc -mcpu=cortex-m0 -mthumb -mfloat-abi=soft '-D__weak=__attribute__((weak))' '-D__packed=__attribute__((__packed__))' -DUSE_HAL_DRIVER -DSTM32F051x8 -I"E:/gitworks/powersupply/Inc" -I"E:/gitworks/powersupply/Drivers/STM32F0xx_HAL_Driver/Inc" -I"E:/gitworks/powersupply/Drivers/STM32F0xx_HAL_Driver/Inc/Legacy" -I"E:/gitworks/powersupply/Drivers/CMSIS/Device/ST/STM32F0xx/Include" -I"E:/gitworks/powersupply/Drivers/CMSIS/Include"  -Og -g3 -Wall -fmessage-length=0 -ffunction-sections -c -fmessage-length=0 -MMD -MP -MF"Src/main.d" -MT"Src/main.o" -o "Src/main.o" "../Src/main.c"
../Src/main.c: In function 'main':
../Src/main.c:407:30: warning: passing argument 2 of 'HAL_UART_Transmit' makes pointer from integer without a cast [-Wint-conversion]
    HAL_UART_Transmit(&huart1,'a',1,10);
                              ^~~
In file included from E:/gitworks/powersupply/Inc/stm32f0xx_hal_conf.h:285:0,
                 from E:/gitworks/powersupply/Drivers/STM32F0xx_HAL_Driver/Inc/stm32f0xx_hal.h:46,
                 from ../Src/main.c:40:
E:/gitworks/powersupply/Drivers/STM32F0xx_HAL_Driver/Inc/stm32f0xx_hal_uart.h:1298:19: note: expected 'uint8_t * {aka unsigned char *}' but argument is of type 'int'
 HAL_StatusTypeDef HAL_UART_Transmit(UART_HandleTypeDef *huart, uint8_t *pData, uint16_t Size, uint32_t Timeout);
                   ^~~~~~~~~~~~~~~~~
../Src/main.c:361:11: warning: unused variable 'duty' [-Wunused-variable]
  uint32_t duty;
           ^~~~
../Src/main.c:360:11: warning: unused variable 'daccount' [-Wunused-variable]
  uint16_t daccount=0;
           ^~~~~~~~
At top level:
../Src/main.c:761:13: warning: 'MX_USART1_UART_Init' defined but not used [-Wunused-function]
 static void MX_USART1_UART_Init(void)
             ^~~~~~~~~~~~~~~~~~~
../Src/main.c:729:13: warning: 'MX_TIM2_Init' defined but not used [-Wunused-function]
 static void MX_TIM2_Init(void)
             ^~~~~~~~~~~~
../Src/main.c:650:13: warning: 'MX_TIM1_Init' defined but not used [-Wunused-function]
 static void MX_TIM1_Init(void)
             ^~~~~~~~~~~~
../Src/main.c:626:13: warning: 'MX_DAC1_Init' defined but not used [-Wunused-function]
 static void MX_DAC1_Init(void)
             ^~~~~~~~~~~~
../Src/main.c:606:13: warning: 'MX_COMP1_Init' defined but not used [-Wunused-function]
 static void MX_COMP1_Init(void)
             ^~~~~~~~~~~~~
../Src/main.c:552:13: warning: 'MX_ADC_Init' defined but not used [-Wunused-function]
 static void MX_ADC_Init(void)
             ^~~~~~~~~~~
Finished building: ../Src/main.c
 
Building target: power.elf
Invoking: MCU GCC Linker
arm-none-eabi-gcc -mcpu=cortex-m0 -mthumb -mfloat-abi=soft -specs=nosys.specs -specs=nano.specs -T"../STM32F051R8Tx_FLASH.ld" -Wl,-Map=output.map -Wl,--gc-sections -o "power.elf" @"objects.list"   -lm
Finished building target: power.elf
 
make --no-print-directory post-build
Generating binary and Printing size information:
arm-none-eabi-objcopy -O binary "power.elf" "power.bin"
arm-none-eabi-size "power.elf"
   text	   data	    bss	    dec	    hex	filename
   9452	    144	   2088	  11684	   2da4	power.elf
 
15:09:38 **** Incremental Build of configuration Debug for project power ****
make all 
Building file: ../Src/main.c
Invoking: MCU GCC Compiler
E:\gitworks\powersupply\Debug
arm-none-eabi-gcc -mcpu=cortex-m0 -mthumb -mfloat-abi=soft '-D__weak=__attribute__((weak))' '-D__packed=__attribute__((__packed__))' -DUSE_HAL_DRIVER -DSTM32F051x8 -I"E:/gitworks/powersupply/Inc" -I"E:/gitworks/powersupply/Drivers/STM32F0xx_HAL_Driver/Inc" -I"E:/gitworks/powersupply/Drivers/STM32F0xx_HAL_Driver/Inc/Legacy" -I"E:/gitworks/powersupply/Drivers/CMSIS/Device/ST/STM32F0xx/Include" -I"E:/gitworks/powersupply/Drivers/CMSIS/Include"  -Og -g3 -Wall -fmessage-length=0 -ffunction-sections -c -fmessage-length=0 -MMD -MP -MF"Src/main.d" -MT"Src/main.o" -o "Src/main.o" "../Src/main.c"
../Src/main.c: In function 'main':
../Src/main.c:407:30: warning: passing argument 2 of 'HAL_UART_Transmit' makes pointer from integer without a cast [-Wint-conversion]
    HAL_UART_Transmit(&huart1,'a',1,10);
                              ^~~
In file included from E:/gitworks/powersupply/Inc/stm32f0xx_hal_conf.h:285:0,
                 from E:/gitworks/powersupply/Drivers/STM32F0xx_HAL_Driver/Inc/stm32f0xx_hal.h:46,
                 from ../Src/main.c:40:
E:/gitworks/powersupply/Drivers/STM32F0xx_HAL_Driver/Inc/stm32f0xx_hal_uart.h:1298:19: note: expected 'uint8_t * {aka unsigned char *}' but argument is of type 'int'
 HAL_StatusTypeDef HAL_UART_Transmit(UART_HandleTypeDef *huart, uint8_t *pData, uint16_t Size, uint32_t Timeout);
                   ^~~~~~~~~~~~~~~~~
../Src/main.c:361:11: warning: unused variable 'duty' [-Wunused-variable]
  uint32_t duty;
           ^~~~
../Src/main.c:360:11: warning: unused variable 'daccount' [-Wunused-variable]
  uint16_t daccount=0;
           ^~~~~~~~
At top level:
../Src/main.c:729:13: warning: 'MX_TIM2_Init' defined but not used [-Wunused-function]
 static void MX_TIM2_Init(void)
             ^~~~~~~~~~~~
../Src/main.c:650:13: warning: 'MX_TIM1_Init' defined but not used [-Wunused-function]
 static void MX_TIM1_Init(void)
             ^~~~~~~~~~~~
../Src/main.c:626:13: warning: 'MX_DAC1_Init' defined but not used [-Wunused-function]
 static void MX_DAC1_Init(void)
             ^~~~~~~~~~~~
../Src/main.c:606:13: warning: 'MX_COMP1_Init' defined but not used [-Wunused-function]
 static void MX_COMP1_Init(void)
             ^~~~~~~~~~~~~
../Src/main.c:552:13: warning: 'MX_ADC_Init' defined but not used [-Wunused-function]
 static void MX_ADC_Init(void)
             ^~~~~~~~~~~
Finished building: ../Src/main.c
 
Building target: power.elf
Invoking: MCU GCC Linker
arm-none-eabi-gcc -mcpu=cortex-m0 -mthumb -mfloat-abi=soft -specs=nosys.specs -specs=nano.specs -T"../STM32F051R8Tx_FLASH.ld" -Wl,-Map=output.map -Wl,--gc-sections -o "power.elf" @"objects.list"   -lm
Finished building target: power.elf
 
make --no-print-directory post-build
Generating binary and Printing size information:
arm-none-eabi-objcopy -O binary "power.elf" "power.bin"
arm-none-eabi-size "power.elf"
   text	   data	    bss	    dec	    hex	filename
  10528	    144	   2088	  12760	   31d8	power.elf
 
11:09:25 **** Build of configuration Debug for project power ****
make all 
Building file: ../Src/main.c
Invoking: MCU GCC Compiler
E:\gitworks\powersupply\Debug
arm-none-eabi-gcc -mcpu=cortex-m0 -mthumb -mfloat-abi=soft '-D__weak=__attribute__((weak))' '-D__packed=__attribute__((__packed__))' -DUSE_HAL_DRIVER -DSTM32F051x8 -I"E:/gitworks/powersupply/Inc" -I"E:/gitworks/powersupply/Drivers/STM32F0xx_HAL_Driver/Inc" -I"E:/gitworks/powersupply/Drivers/STM32F0xx_HAL_Driver/Inc/Legacy" -I"E:/gitworks/powersupply/Drivers/CMSIS/Device/ST/STM32F0xx/Include" -I"E:/gitworks/powersupply/Drivers/CMSIS/Include"  -Og -g3 -Wall -fmessage-length=0 -ffunction-sections -c -fmessage-length=0 -MMD -MP -MF"Src/main.d" -MT"Src/main.o" -o "Src/main.o" "../Src/main.c"
../Src/main.c: In function 'main':
../Src/main.c:407:30: warning: passing argument 2 of 'HAL_UART_Transmit' makes pointer from integer without a cast [-Wint-conversion]
    HAL_UART_Transmit(&huart1,'a',1,10);
                              ^~~
In file included from E:/gitworks/powersupply/Inc/stm32f0xx_hal_conf.h:285:0,
                 from E:/gitworks/powersupply/Drivers/STM32F0xx_HAL_Driver/Inc/stm32f0xx_hal.h:46,
                 from ../Src/main.c:40:
E:/gitworks/powersupply/Drivers/STM32F0xx_HAL_Driver/Inc/stm32f0xx_hal_uart.h:1298:19: note: expected 'uint8_t * {aka unsigned char *}' but argument is of type 'int'
 HAL_StatusTypeDef HAL_UART_Transmit(UART_HandleTypeDef *huart, uint8_t *pData, uint16_t Size, uint32_t Timeout);
                   ^~~~~~~~~~~~~~~~~
../Src/main.c:361:11: warning: unused variable 'duty' [-Wunused-variable]
  uint32_t duty;
           ^~~~
../Src/main.c:360:11: warning: unused variable 'daccount' [-Wunused-variable]
  uint16_t daccount=0;
           ^~~~~~~~
At top level:
../Src/main.c:650:13: warning: 'MX_TIM1_Init' defined but not used [-Wunused-function]
 static void MX_TIM1_Init(void)
             ^~~~~~~~~~~~
../Src/main.c:626:13: warning: 'MX_DAC1_Init' defined but not used [-Wunused-function]
 static void MX_DAC1_Init(void)
             ^~~~~~~~~~~~
../Src/main.c:606:13: warning: 'MX_COMP1_Init' defined but not used [-Wunused-function]
 static void MX_COMP1_Init(void)
             ^~~~~~~~~~~~~
../Src/main.c:552:13: warning: 'MX_ADC_Init' defined but not used [-Wunused-function]
 static void MX_ADC_Init(void)
             ^~~~~~~~~~~
Finished building: ../Src/main.c
 
Building target: power.elf
Invoking: MCU GCC Linker
arm-none-eabi-gcc -mcpu=cortex-m0 -mthumb -mfloat-abi=soft -specs=nosys.specs -specs=nano.specs -T"../STM32F051R8Tx_FLASH.ld" -Wl,-Map=output.map -Wl,--gc-sections -o "power.elf" @"objects.list"   -lm
Finished building target: power.elf
 
make --no-print-directory post-build
Generating binary and Printing size information:
arm-none-eabi-objcopy -O binary "power.elf" "power.bin"
arm-none-eabi-size "power.elf"
   text	   data	    bss	    dec	    hex	filename
  11456	    144	   2088	  13688	   3578	power.elf
 
11:09:29 **** Build of configuration Debug for project smartcard ****
make all 
Building file: ../startup/startup_stm32f051x8.s
Invoking: MCU GCC Assembler
E:\gitworks\STM32-QT\smartcardconfig\smartcard\Debug
arm-none-eabi-as -mcpu=cortex-m0 -mthumb -mfloat-abi=soft -g -o "startup/startup_stm32f051x8.o" "../startup/startup_stm32f051x8.s"
Finished building: ../startup/startup_stm32f051x8.s
 
Building file: ../Src/main.c
Invoking: MCU GCC Compiler
E:\gitworks\STM32-QT\smartcardconfig\smartcard\Debug
arm-none-eabi-gcc -mcpu=cortex-m0 -mthumb -mfloat-abi=soft '-D__weak=__attribute__((weak))' '-D__packed=__attribute__((__packed__))' -DUSE_HAL_DRIVER -DSTM32F051x8 -I"E:/gitworks/STM32-QT/smartcardconfig/smartcard/Inc" -I"E:/gitworks/STM32-QT/smartcardconfig/smartcard/Drivers/STM32F0xx_HAL_Driver/Inc" -I"E:/gitworks/STM32-QT/smartcardconfig/smartcard/Drivers/STM32F0xx_HAL_Driver/Inc/Legacy" -I"E:/gitworks/STM32-QT/smartcardconfig/smartcard/Drivers/CMSIS/Device/ST/STM32F0xx/Include" -I"E:/gitworks/STM32-QT/smartcardconfig/smartcard/Drivers/CMSIS/Include"  -Og -g3 -Wall -fmessage-length=0 -ffunction-sections -c -fmessage-length=0 -MMD -MP -MF"Src/main.d" -MT"Src/main.o" -o "Src/main.o" "../Src/main.c"
Finished building: ../Src/main.c
 
Building file: ../Src/stm32f0xx_hal_msp.c
Invoking: MCU GCC Compiler
E:\gitworks\STM32-QT\smartcardconfig\smartcard\Debug
arm-none-eabi-gcc -mcpu=cortex-m0 -mthumb -mfloat-abi=soft '-D__weak=__attribute__((weak))' '-D__packed=__attribute__((__packed__))' -DUSE_HAL_DRIVER -DSTM32F051x8 -I"E:/gitworks/STM32-QT/smartcardconfig/smartcard/Inc" -I"E:/gitworks/STM32-QT/smartcardconfig/smartcard/Drivers/STM32F0xx_HAL_Driver/Inc" -I"E:/gitworks/STM32-QT/smartcardconfig/smartcard/Drivers/STM32F0xx_HAL_Driver/Inc/Legacy" -I"E:/gitworks/STM32-QT/smartcardconfig/smartcard/Drivers/CMSIS/Device/ST/STM32F0xx/Include" -I"E:/gitworks/STM32-QT/smartcardconfig/smartcard/Drivers/CMSIS/Include"  -Og -g3 -Wall -fmessage-length=0 -ffunction-sections -c -fmessage-length=0 -MMD -MP -MF"Src/stm32f0xx_hal_msp.d" -MT"Src/stm32f0xx_hal_msp.o" -o "Src/stm32f0xx_hal_msp.o" "../Src/stm32f0xx_hal_msp.c"
Finished building: ../Src/stm32f0xx_hal_msp.c
 
Building file: ../Src/stm32f0xx_it.c
Invoking: MCU GCC Compiler
E:\gitworks\STM32-QT\smartcardconfig\smartcard\Debug
arm-none-eabi-gcc -mcpu=cortex-m0 -mthumb -mfloat-abi=soft '-D__weak=__attribute__((weak))' '-D__packed=__attribute__((__packed__))' -DUSE_HAL_DRIVER -DSTM32F051x8 -I"E:/gitworks/STM32-QT/smartcardconfig/smartcard/Inc" -I"E:/gitworks/STM32-QT/smartcardconfig/smartcard/Drivers/STM32F0xx_HAL_Driver/Inc" -I"E:/gitworks/STM32-QT/smartcardconfig/smartcard/Drivers/STM32F0xx_HAL_Driver/Inc/Legacy" -I"E:/gitworks/STM32-QT/smartcardconfig/smartcard/Drivers/CMSIS/Device/ST/STM32F0xx/Include" -I"E:/gitworks/STM32-QT/smartcardconfig/smartcard/Drivers/CMSIS/Include"  -Og -g3 -Wall -fmessage-length=0 -ffunction-sections -c -fmessage-length=0 -MMD -MP -MF"Src/stm32f0xx_it.d" -MT"Src/stm32f0xx_it.o" -o "Src/stm32f0xx_it.o" "../Src/stm32f0xx_it.c"
Finished building: ../Src/stm32f0xx_it.c
 
Building file: ../Src/system_stm32f0xx.c
Invoking: MCU GCC Compiler
E:\gitworks\STM32-QT\smartcardconfig\smartcard\Debug
arm-none-eabi-gcc -mcpu=cortex-m0 -mthumb -mfloat-abi=soft '-D__weak=__attribute__((weak))' '-D__packed=__attribute__((__packed__))' -DUSE_HAL_DRIVER -DSTM32F051x8 -I"E:/gitworks/STM32-QT/smartcardconfig/smartcard/Inc" -I"E:/gitworks/STM32-QT/smartcardconfig/smartcard/Drivers/STM32F0xx_HAL_Driver/Inc" -I"E:/gitworks/STM32-QT/smartcardconfig/smartcard/Drivers/STM32F0xx_HAL_Driver/Inc/Legacy" -I"E:/gitworks/STM32-QT/smartcardconfig/smartcard/Drivers/CMSIS/Device/ST/STM32F0xx/Include" -I"E:/gitworks/STM32-QT/smartcardconfig/smartcard/Drivers/CMSIS/Include"  -Og -g3 -Wall -fmessage-length=0 -ffunction-sections -c -fmessage-length=0 -MMD -MP -MF"Src/system_stm32f0xx.d" -MT"Src/system_stm32f0xx.o" -o "Src/system_stm32f0xx.o" "../Src/system_stm32f0xx.c"
Finished building: ../Src/system_stm32f0xx.c
 
Building file: ../Drivers/STM32F0xx_HAL_Driver/Src/stm32f0xx_hal.c
Invoking: MCU GCC Compiler
E:\gitworks\STM32-QT\smartcardconfig\smartcard\Debug
arm-none-eabi-gcc -mcpu=cortex-m0 -mthumb -mfloat-abi=soft '-D__weak=__attribute__((weak))' '-D__packed=__attribute__((__packed__))' -DUSE_HAL_DRIVER -DSTM32F051x8 -I"E:/gitworks/STM32-QT/smartcardconfig/smartcard/Inc" -I"E:/gitworks/STM32-QT/smartcardconfig/smartcard/Drivers/STM32F0xx_HAL_Driver/Inc" -I"E:/gitworks/STM32-QT/smartcardconfig/smartcard/Drivers/STM32F0xx_HAL_Driver/Inc/Legacy" -I"E:/gitworks/STM32-QT/smartcardconfig/smartcard/Drivers/CMSIS/Device/ST/STM32F0xx/Include" -I"E:/gitworks/STM32-QT/smartcardconfig/smartcard/Drivers/CMSIS/Include"  -Og -g3 -Wall -fmessage-length=0 -ffunction-sections -c -fmessage-length=0 -MMD -MP -MF"Drivers/STM32F0xx_HAL_Driver/Src/stm32f0xx_hal.d" -MT"Drivers/STM32F0xx_HAL_Driver/Src/stm32f0xx_hal.o" -o "Drivers/STM32F0xx_HAL_Driver/Src/stm32f0xx_hal.o" "../Drivers/STM32F0xx_HAL_Driver/Src/stm32f0xx_hal.c"
Finished building: ../Drivers/STM32F0xx_HAL_Driver/Src/stm32f0xx_hal.c
 
Building file: ../Drivers/STM32F0xx_HAL_Driver/Src/stm32f0xx_hal_cortex.c
Invoking: MCU GCC Compiler
E:\gitworks\STM32-QT\smartcardconfig\smartcard\Debug
arm-none-eabi-gcc -mcpu=cortex-m0 -mthumb -mfloat-abi=soft '-D__weak=__attribute__((weak))' '-D__packed=__attribute__((__packed__))' -DUSE_HAL_DRIVER -DSTM32F051x8 -I"E:/gitworks/STM32-QT/smartcardconfig/smartcard/Inc" -I"E:/gitworks/STM32-QT/smartcardconfig/smartcard/Drivers/STM32F0xx_HAL_Driver/Inc" -I"E:/gitworks/STM32-QT/smartcardconfig/smartcard/Drivers/STM32F0xx_HAL_Driver/Inc/Legacy" -I"E:/gitworks/STM32-QT/smartcardconfig/smartcard/Drivers/CMSIS/Device/ST/STM32F0xx/Include" -I"E:/gitworks/STM32-QT/smartcardconfig/smartcard/Drivers/CMSIS/Include"  -Og -g3 -Wall -fmessage-length=0 -ffunction-sections -c -fmessage-length=0 -MMD -MP -MF"Drivers/STM32F0xx_HAL_Driver/Src/stm32f0xx_hal_cortex.d" -MT"Drivers/STM32F0xx_HAL_Driver/Src/stm32f0xx_hal_cortex.o" -o "Drivers/STM32F0xx_HAL_Driver/Src/stm32f0xx_hal_cortex.o" "../Drivers/STM32F0xx_HAL_Driver/Src/stm32f0xx_hal_cortex.c"
Finished building: ../Drivers/STM32F0xx_HAL_Driver/Src/stm32f0xx_hal_cortex.c
 
Building file: ../Drivers/STM32F0xx_HAL_Driver/Src/stm32f0xx_hal_dma.c
Invoking: MCU GCC Compiler
E:\gitworks\STM32-QT\smartcardconfig\smartcard\Debug
arm-none-eabi-gcc -mcpu=cortex-m0 -mthumb -mfloat-abi=soft '-D__weak=__attribute__((weak))' '-D__packed=__attribute__((__packed__))' -DUSE_HAL_DRIVER -DSTM32F051x8 -I"E:/gitworks/STM32-QT/smartcardconfig/smartcard/Inc" -I"E:/gitworks/STM32-QT/smartcardconfig/smartcard/Drivers/STM32F0xx_HAL_Driver/Inc" -I"E:/gitworks/STM32-QT/smartcardconfig/smartcard/Drivers/STM32F0xx_HAL_Driver/Inc/Legacy" -I"E:/gitworks/STM32-QT/smartcardconfig/smartcard/Drivers/CMSIS/Device/ST/STM32F0xx/Include" -I"E:/gitworks/STM32-QT/smartcardconfig/smartcard/Drivers/CMSIS/Include"  -Og -g3 -Wall -fmessage-length=0 -ffunction-sections -c -fmessage-length=0 -MMD -MP -MF"Drivers/STM32F0xx_HAL_Driver/Src/stm32f0xx_hal_dma.d" -MT"Drivers/STM32F0xx_HAL_Driver/Src/stm32f0xx_hal_dma.o" -o "Drivers/STM32F0xx_HAL_Driver/Src/stm32f0xx_hal_dma.o" "../Drivers/STM32F0xx_HAL_Driver/Src/stm32f0xx_hal_dma.c"
Finished building: ../Drivers/STM32F0xx_HAL_Driver/Src/stm32f0xx_hal_dma.c
 
Building file: ../Drivers/STM32F0xx_HAL_Driver/Src/stm32f0xx_hal_flash.c
Invoking: MCU GCC Compiler
E:\gitworks\STM32-QT\smartcardconfig\smartcard\Debug
arm-none-eabi-gcc -mcpu=cortex-m0 -mthumb -mfloat-abi=soft '-D__weak=__attribute__((weak))' '-D__packed=__attribute__((__packed__))' -DUSE_HAL_DRIVER -DSTM32F051x8 -I"E:/gitworks/STM32-QT/smartcardconfig/smartcard/Inc" -I"E:/gitworks/STM32-QT/smartcardconfig/smartcard/Drivers/STM32F0xx_HAL_Driver/Inc" -I"E:/gitworks/STM32-QT/smartcardconfig/smartcard/Drivers/STM32F0xx_HAL_Driver/Inc/Legacy" -I"E:/gitworks/STM32-QT/smartcardconfig/smartcard/Drivers/CMSIS/Device/ST/STM32F0xx/Include" -I"E:/gitworks/STM32-QT/smartcardconfig/smartcard/Drivers/CMSIS/Include"  -Og -g3 -Wall -fmessage-length=0 -ffunction-sections -c -fmessage-length=0 -MMD -MP -MF"Drivers/STM32F0xx_HAL_Driver/Src/stm32f0xx_hal_flash.d" -MT"Drivers/STM32F0xx_HAL_Driver/Src/stm32f0xx_hal_flash.o" -o "Drivers/STM32F0xx_HAL_Driver/Src/stm32f0xx_hal_flash.o" "../Drivers/STM32F0xx_HAL_Driver/Src/stm32f0xx_hal_flash.c"
Finished building: ../Drivers/STM32F0xx_HAL_Driver/Src/stm32f0xx_hal_flash.c
 
Building file: ../Drivers/STM32F0xx_HAL_Driver/Src/stm32f0xx_hal_flash_ex.c
Invoking: MCU GCC Compiler
E:\gitworks\STM32-QT\smartcardconfig\smartcard\Debug
arm-none-eabi-gcc -mcpu=cortex-m0 -mthumb -mfloat-abi=soft '-D__weak=__attribute__((weak))' '-D__packed=__attribute__((__packed__))' -DUSE_HAL_DRIVER -DSTM32F051x8 -I"E:/gitworks/STM32-QT/smartcardconfig/smartcard/Inc" -I"E:/gitworks/STM32-QT/smartcardconfig/smartcard/Drivers/STM32F0xx_HAL_Driver/Inc" -I"E:/gitworks/STM32-QT/smartcardconfig/smartcard/Drivers/STM32F0xx_HAL_Driver/Inc/Legacy" -I"E:/gitworks/STM32-QT/smartcardconfig/smartcard/Drivers/CMSIS/Device/ST/STM32F0xx/Include" -I"E:/gitworks/STM32-QT/smartcardconfig/smartcard/Drivers/CMSIS/Include"  -Og -g3 -Wall -fmessage-length=0 -ffunction-sections -c -fmessage-length=0 -MMD -MP -MF"Drivers/STM32F0xx_HAL_Driver/Src/stm32f0xx_hal_flash_ex.d" -MT"Drivers/STM32F0xx_HAL_Driver/Src/stm32f0xx_hal_flash_ex.o" -o "Drivers/STM32F0xx_HAL_Driver/Src/stm32f0xx_hal_flash_ex.o" "../Drivers/STM32F0xx_HAL_Driver/Src/stm32f0xx_hal_flash_ex.c"
Finished building: ../Drivers/STM32F0xx_HAL_Driver/Src/stm32f0xx_hal_flash_ex.c
 
Building file: ../Drivers/STM32F0xx_HAL_Driver/Src/stm32f0xx_hal_gpio.c
Invoking: MCU GCC Compiler
E:\gitworks\STM32-QT\smartcardconfig\smartcard\Debug
arm-none-eabi-gcc -mcpu=cortex-m0 -mthumb -mfloat-abi=soft '-D__weak=__attribute__((weak))' '-D__packed=__attribute__((__packed__))' -DUSE_HAL_DRIVER -DSTM32F051x8 -I"E:/gitworks/STM32-QT/smartcardconfig/smartcard/Inc" -I"E:/gitworks/STM32-QT/smartcardconfig/smartcard/Drivers/STM32F0xx_HAL_Driver/Inc" -I"E:/gitworks/STM32-QT/smartcardconfig/smartcard/Drivers/STM32F0xx_HAL_Driver/Inc/Legacy" -I"E:/gitworks/STM32-QT/smartcardconfig/smartcard/Drivers/CMSIS/Device/ST/STM32F0xx/Include" -I"E:/gitworks/STM32-QT/smartcardconfig/smartcard/Drivers/CMSIS/Include"  -Og -g3 -Wall -fmessage-length=0 -ffunction-sections -c -fmessage-length=0 -MMD -MP -MF"Drivers/STM32F0xx_HAL_Driver/Src/stm32f0xx_hal_gpio.d" -MT"Drivers/STM32F0xx_HAL_Driver/Src/stm32f0xx_hal_gpio.o" -o "Drivers/STM32F0xx_HAL_Driver/Src/stm32f0xx_hal_gpio.o" "../Drivers/STM32F0xx_HAL_Driver/Src/stm32f0xx_hal_gpio.c"
Finished building: ../Drivers/STM32F0xx_HAL_Driver/Src/stm32f0xx_hal_gpio.c
 
Building file: ../Drivers/STM32F0xx_HAL_Driver/Src/stm32f0xx_hal_i2c.c
Invoking: MCU GCC Compiler
E:\gitworks\STM32-QT\smartcardconfig\smartcard\Debug
arm-none-eabi-gcc -mcpu=cortex-m0 -mthumb -mfloat-abi=soft '-D__weak=__attribute__((weak))' '-D__packed=__attribute__((__packed__))' -DUSE_HAL_DRIVER -DSTM32F051x8 -I"E:/gitworks/STM32-QT/smartcardconfig/smartcard/Inc" -I"E:/gitworks/STM32-QT/smartcardconfig/smartcard/Drivers/STM32F0xx_HAL_Driver/Inc" -I"E:/gitworks/STM32-QT/smartcardconfig/smartcard/Drivers/STM32F0xx_HAL_Driver/Inc/Legacy" -I"E:/gitworks/STM32-QT/smartcardconfig/smartcard/Drivers/CMSIS/Device/ST/STM32F0xx/Include" -I"E:/gitworks/STM32-QT/smartcardconfig/smartcard/Drivers/CMSIS/Include"  -Og -g3 -Wall -fmessage-length=0 -ffunction-sections -c -fmessage-length=0 -MMD -MP -MF"Drivers/STM32F0xx_HAL_Driver/Src/stm32f0xx_hal_i2c.d" -MT"Drivers/STM32F0xx_HAL_Driver/Src/stm32f0xx_hal_i2c.o" -o "Drivers/STM32F0xx_HAL_Driver/Src/stm32f0xx_hal_i2c.o" "../Drivers/STM32F0xx_HAL_Driver/Src/stm32f0xx_hal_i2c.c"
Finished building: ../Drivers/STM32F0xx_HAL_Driver/Src/stm32f0xx_hal_i2c.c
 
Building file: ../Drivers/STM32F0xx_HAL_Driver/Src/stm32f0xx_hal_i2c_ex.c
Invoking: MCU GCC Compiler
E:\gitworks\STM32-QT\smartcardconfig\smartcard\Debug
arm-none-eabi-gcc -mcpu=cortex-m0 -mthumb -mfloat-abi=soft '-D__weak=__attribute__((weak))' '-D__packed=__attribute__((__packed__))' -DUSE_HAL_DRIVER -DSTM32F051x8 -I"E:/gitworks/STM32-QT/smartcardconfig/smartcard/Inc" -I"E:/gitworks/STM32-QT/smartcardconfig/smartcard/Drivers/STM32F0xx_HAL_Driver/Inc" -I"E:/gitworks/STM32-QT/smartcardconfig/smartcard/Drivers/STM32F0xx_HAL_Driver/Inc/Legacy" -I"E:/gitworks/STM32-QT/smartcardconfig/smartcard/Drivers/CMSIS/Device/ST/STM32F0xx/Include" -I"E:/gitworks/STM32-QT/smartcardconfig/smartcard/Drivers/CMSIS/Include"  -Og -g3 -Wall -fmessage-length=0 -ffunction-sections -c -fmessage-length=0 -MMD -MP -MF"Drivers/STM32F0xx_HAL_Driver/Src/stm32f0xx_hal_i2c_ex.d" -MT"Drivers/STM32F0xx_HAL_Driver/Src/stm32f0xx_hal_i2c_ex.o" -o "Drivers/STM32F0xx_HAL_Driver/Src/stm32f0xx_hal_i2c_ex.o" "../Drivers/STM32F0xx_HAL_Driver/Src/stm32f0xx_hal_i2c_ex.c"
Finished building: ../Drivers/STM32F0xx_HAL_Driver/Src/stm32f0xx_hal_i2c_ex.c
 
Building file: ../Drivers/STM32F0xx_HAL_Driver/Src/stm32f0xx_hal_pwr.c
Invoking: MCU GCC Compiler
E:\gitworks\STM32-QT\smartcardconfig\smartcard\Debug
arm-none-eabi-gcc -mcpu=cortex-m0 -mthumb -mfloat-abi=soft '-D__weak=__attribute__((weak))' '-D__packed=__attribute__((__packed__))' -DUSE_HAL_DRIVER -DSTM32F051x8 -I"E:/gitworks/STM32-QT/smartcardconfig/smartcard/Inc" -I"E:/gitworks/STM32-QT/smartcardconfig/smartcard/Drivers/STM32F0xx_HAL_Driver/Inc" -I"E:/gitworks/STM32-QT/smartcardconfig/smartcard/Drivers/STM32F0xx_HAL_Driver/Inc/Legacy" -I"E:/gitworks/STM32-QT/smartcardconfig/smartcard/Drivers/CMSIS/Device/ST/STM32F0xx/Include" -I"E:/gitworks/STM32-QT/smartcardconfig/smartcard/Drivers/CMSIS/Include"  -Og -g3 -Wall -fmessage-length=0 -ffunction-sections -c -fmessage-length=0 -MMD -MP -MF"Drivers/STM32F0xx_HAL_Driver/Src/stm32f0xx_hal_pwr.d" -MT"Drivers/STM32F0xx_HAL_Driver/Src/stm32f0xx_hal_pwr.o" -o "Drivers/STM32F0xx_HAL_Driver/Src/stm32f0xx_hal_pwr.o" "../Drivers/STM32F0xx_HAL_Driver/Src/stm32f0xx_hal_pwr.c"
Finished building: ../Drivers/STM32F0xx_HAL_Driver/Src/stm32f0xx_hal_pwr.c
 
Building file: ../Drivers/STM32F0xx_HAL_Driver/Src/stm32f0xx_hal_pwr_ex.c
Invoking: MCU GCC Compiler
E:\gitworks\STM32-QT\smartcardconfig\smartcard\Debug
arm-none-eabi-gcc -mcpu=cortex-m0 -mthumb -mfloat-abi=soft '-D__weak=__attribute__((weak))' '-D__packed=__attribute__((__packed__))' -DUSE_HAL_DRIVER -DSTM32F051x8 -I"E:/gitworks/STM32-QT/smartcardconfig/smartcard/Inc" -I"E:/gitworks/STM32-QT/smartcardconfig/smartcard/Drivers/STM32F0xx_HAL_Driver/Inc" -I"E:/gitworks/STM32-QT/smartcardconfig/smartcard/Drivers/STM32F0xx_HAL_Driver/Inc/Legacy" -I"E:/gitworks/STM32-QT/smartcardconfig/smartcard/Drivers/CMSIS/Device/ST/STM32F0xx/Include" -I"E:/gitworks/STM32-QT/smartcardconfig/smartcard/Drivers/CMSIS/Include"  -Og -g3 -Wall -fmessage-length=0 -ffunction-sections -c -fmessage-length=0 -MMD -MP -MF"Drivers/STM32F0xx_HAL_Driver/Src/stm32f0xx_hal_pwr_ex.d" -MT"Drivers/STM32F0xx_HAL_Driver/Src/stm32f0xx_hal_pwr_ex.o" -o "Drivers/STM32F0xx_HAL_Driver/Src/stm32f0xx_hal_pwr_ex.o" "../Drivers/STM32F0xx_HAL_Driver/Src/stm32f0xx_hal_pwr_ex.c"
Finished building: ../Drivers/STM32F0xx_HAL_Driver/Src/stm32f0xx_hal_pwr_ex.c
 
Building file: ../Drivers/STM32F0xx_HAL_Driver/Src/stm32f0xx_hal_rcc.c
Invoking: MCU GCC Compiler
E:\gitworks\STM32-QT\smartcardconfig\smartcard\Debug
arm-none-eabi-gcc -mcpu=cortex-m0 -mthumb -mfloat-abi=soft '-D__weak=__attribute__((weak))' '-D__packed=__attribute__((__packed__))' -DUSE_HAL_DRIVER -DSTM32F051x8 -I"E:/gitworks/STM32-QT/smartcardconfig/smartcard/Inc" -I"E:/gitworks/STM32-QT/smartcardconfig/smartcard/Drivers/STM32F0xx_HAL_Driver/Inc" -I"E:/gitworks/STM32-QT/smartcardconfig/smartcard/Drivers/STM32F0xx_HAL_Driver/Inc/Legacy" -I"E:/gitworks/STM32-QT/smartcardconfig/smartcard/Drivers/CMSIS/Device/ST/STM32F0xx/Include" -I"E:/gitworks/STM32-QT/smartcardconfig/smartcard/Drivers/CMSIS/Include"  -Og -g3 -Wall -fmessage-length=0 -ffunction-sections -c -fmessage-length=0 -MMD -MP -MF"Drivers/STM32F0xx_HAL_Driver/Src/stm32f0xx_hal_rcc.d" -MT"Drivers/STM32F0xx_HAL_Driver/Src/stm32f0xx_hal_rcc.o" -o "Drivers/STM32F0xx_HAL_Driver/Src/stm32f0xx_hal_rcc.o" "../Drivers/STM32F0xx_HAL_Driver/Src/stm32f0xx_hal_rcc.c"
Finished building: ../Drivers/STM32F0xx_HAL_Driver/Src/stm32f0xx_hal_rcc.c
 
Building file: ../Drivers/STM32F0xx_HAL_Driver/Src/stm32f0xx_hal_rcc_ex.c
Invoking: MCU GCC Compiler
E:\gitworks\STM32-QT\smartcardconfig\smartcard\Debug
arm-none-eabi-gcc -mcpu=cortex-m0 -mthumb -mfloat-abi=soft '-D__weak=__attribute__((weak))' '-D__packed=__attribute__((__packed__))' -DUSE_HAL_DRIVER -DSTM32F051x8 -I"E:/gitworks/STM32-QT/smartcardconfig/smartcard/Inc" -I"E:/gitworks/STM32-QT/smartcardconfig/smartcard/Drivers/STM32F0xx_HAL_Driver/Inc" -I"E:/gitworks/STM32-QT/smartcardconfig/smartcard/Drivers/STM32F0xx_HAL_Driver/Inc/Legacy" -I"E:/gitworks/STM32-QT/smartcardconfig/smartcard/Drivers/CMSIS/Device/ST/STM32F0xx/Include" -I"E:/gitworks/STM32-QT/smartcardconfig/smartcard/Drivers/CMSIS/Include"  -Og -g3 -Wall -fmessage-length=0 -ffunction-sections -c -fmessage-length=0 -MMD -MP -MF"Drivers/STM32F0xx_HAL_Driver/Src/stm32f0xx_hal_rcc_ex.d" -MT"Drivers/STM32F0xx_HAL_Driver/Src/stm32f0xx_hal_rcc_ex.o" -o "Drivers/STM32F0xx_HAL_Driver/Src/stm32f0xx_hal_rcc_ex.o" "../Drivers/STM32F0xx_HAL_Driver/Src/stm32f0xx_hal_rcc_ex.c"
Finished building: ../Drivers/STM32F0xx_HAL_Driver/Src/stm32f0xx_hal_rcc_ex.c
 
Building file: ../Drivers/STM32F0xx_HAL_Driver/Src/stm32f0xx_hal_smartcard.c
Invoking: MCU GCC Compiler
E:\gitworks\STM32-QT\smartcardconfig\smartcard\Debug
arm-none-eabi-gcc -mcpu=cortex-m0 -mthumb -mfloat-abi=soft '-D__weak=__attribute__((weak))' '-D__packed=__attribute__((__packed__))' -DUSE_HAL_DRIVER -DSTM32F051x8 -I"E:/gitworks/STM32-QT/smartcardconfig/smartcard/Inc" -I"E:/gitworks/STM32-QT/smartcardconfig/smartcard/Drivers/STM32F0xx_HAL_Driver/Inc" -I"E:/gitworks/STM32-QT/smartcardconfig/smartcard/Drivers/STM32F0xx_HAL_Driver/Inc/Legacy" -I"E:/gitworks/STM32-QT/smartcardconfig/smartcard/Drivers/CMSIS/Device/ST/STM32F0xx/Include" -I"E:/gitworks/STM32-QT/smartcardconfig/smartcard/Drivers/CMSIS/Include"  -Og -g3 -Wall -fmessage-length=0 -ffunction-sections -c -fmessage-length=0 -MMD -MP -MF"Drivers/STM32F0xx_HAL_Driver/Src/stm32f0xx_hal_smartcard.d" -MT"Drivers/STM32F0xx_HAL_Driver/Src/stm32f0xx_hal_smartcard.o" -o "Drivers/STM32F0xx_HAL_Driver/Src/stm32f0xx_hal_smartcard.o" "../Drivers/STM32F0xx_HAL_Driver/Src/stm32f0xx_hal_smartcard.c"
Finished building: ../Drivers/STM32F0xx_HAL_Driver/Src/stm32f0xx_hal_smartcard.c
 
Building file: ../Drivers/STM32F0xx_HAL_Driver/Src/stm32f0xx_hal_smartcard_ex.c
Invoking: MCU GCC Compiler
E:\gitworks\STM32-QT\smartcardconfig\smartcard\Debug
arm-none-eabi-gcc -mcpu=cortex-m0 -mthumb -mfloat-abi=soft '-D__weak=__attribute__((weak))' '-D__packed=__attribute__((__packed__))' -DUSE_HAL_DRIVER -DSTM32F051x8 -I"E:/gitworks/STM32-QT/smartcardconfig/smartcard/Inc" -I"E:/gitworks/STM32-QT/smartcardconfig/smartcard/Drivers/STM32F0xx_HAL_Driver/Inc" -I"E:/gitworks/STM32-QT/smartcardconfig/smartcard/Drivers/STM32F0xx_HAL_Driver/Inc/Legacy" -I"E:/gitworks/STM32-QT/smartcardconfig/smartcard/Drivers/CMSIS/Device/ST/STM32F0xx/Include" -I"E:/gitworks/STM32-QT/smartcardconfig/smartcard/Drivers/CMSIS/Include"  -Og -g3 -Wall -fmessage-length=0 -ffunction-sections -c -fmessage-length=0 -MMD -MP -MF"Drivers/STM32F0xx_HAL_Driver/Src/stm32f0xx_hal_smartcard_ex.d" -MT"Drivers/STM32F0xx_HAL_Driver/Src/stm32f0xx_hal_smartcard_ex.o" -o "Drivers/STM32F0xx_HAL_Driver/Src/stm32f0xx_hal_smartcard_ex.o" "../Drivers/STM32F0xx_HAL_Driver/Src/stm32f0xx_hal_smartcard_ex.c"
Finished building: ../Drivers/STM32F0xx_HAL_Driver/Src/stm32f0xx_hal_smartcard_ex.c
 
Building file: ../Drivers/STM32F0xx_HAL_Driver/Src/stm32f0xx_hal_tim.c
Invoking: MCU GCC Compiler
E:\gitworks\STM32-QT\smartcardconfig\smartcard\Debug
arm-none-eabi-gcc -mcpu=cortex-m0 -mthumb -mfloat-abi=soft '-D__weak=__attribute__((weak))' '-D__packed=__attribute__((__packed__))' -DUSE_HAL_DRIVER -DSTM32F051x8 -I"E:/gitworks/STM32-QT/smartcardconfig/smartcard/Inc" -I"E:/gitworks/STM32-QT/smartcardconfig/smartcard/Drivers/STM32F0xx_HAL_Driver/Inc" -I"E:/gitworks/STM32-QT/smartcardconfig/smartcard/Drivers/STM32F0xx_HAL_Driver/Inc/Legacy" -I"E:/gitworks/STM32-QT/smartcardconfig/smartcard/Drivers/CMSIS/Device/ST/STM32F0xx/Include" -I"E:/gitworks/STM32-QT/smartcardconfig/smartcard/Drivers/CMSIS/Include"  -Og -g3 -Wall -fmessage-length=0 -ffunction-sections -c -fmessage-length=0 -MMD -MP -MF"Drivers/STM32F0xx_HAL_Driver/Src/stm32f0xx_hal_tim.d" -MT"Drivers/STM32F0xx_HAL_Driver/Src/stm32f0xx_hal_tim.o" -o "Drivers/STM32F0xx_HAL_Driver/Src/stm32f0xx_hal_tim.o" "../Drivers/STM32F0xx_HAL_Driver/Src/stm32f0xx_hal_tim.c"
Finished building: ../Drivers/STM32F0xx_HAL_Driver/Src/stm32f0xx_hal_tim.c
 
Building file: ../Drivers/STM32F0xx_HAL_Driver/Src/stm32f0xx_hal_tim_ex.c
Invoking: MCU GCC Compiler
E:\gitworks\STM32-QT\smartcardconfig\smartcard\Debug
arm-none-eabi-gcc -mcpu=cortex-m0 -mthumb -mfloat-abi=soft '-D__weak=__attribute__((weak))' '-D__packed=__attribute__((__packed__))' -DUSE_HAL_DRIVER -DSTM32F051x8 -I"E:/gitworks/STM32-QT/smartcardconfig/smartcard/Inc" -I"E:/gitworks/STM32-QT/smartcardconfig/smartcard/Drivers/STM32F0xx_HAL_Driver/Inc" -I"E:/gitworks/STM32-QT/smartcardconfig/smartcard/Drivers/STM32F0xx_HAL_Driver/Inc/Legacy" -I"E:/gitworks/STM32-QT/smartcardconfig/smartcard/Drivers/CMSIS/Device/ST/STM32F0xx/Include" -I"E:/gitworks/STM32-QT/smartcardconfig/smartcard/Drivers/CMSIS/Include"  -Og -g3 -Wall -fmessage-length=0 -ffunction-sections -c -fmessage-length=0 -MMD -MP -MF"Drivers/STM32F0xx_HAL_Driver/Src/stm32f0xx_hal_tim_ex.d" -MT"Drivers/STM32F0xx_HAL_Driver/Src/stm32f0xx_hal_tim_ex.o" -o "Drivers/STM32F0xx_HAL_Driver/Src/stm32f0xx_hal_tim_ex.o" "../Drivers/STM32F0xx_HAL_Driver/Src/stm32f0xx_hal_tim_ex.c"
Finished building: ../Drivers/STM32F0xx_HAL_Driver/Src/stm32f0xx_hal_tim_ex.c
 
Building file: ../Drivers/STM32F0xx_HAL_Driver/Src/stm32f0xx_hal_uart.c
Invoking: MCU GCC Compiler
E:\gitworks\STM32-QT\smartcardconfig\smartcard\Debug
arm-none-eabi-gcc -mcpu=cortex-m0 -mthumb -mfloat-abi=soft '-D__weak=__attribute__((weak))' '-D__packed=__attribute__((__packed__))' -DUSE_HAL_DRIVER -DSTM32F051x8 -I"E:/gitworks/STM32-QT/smartcardconfig/smartcard/Inc" -I"E:/gitworks/STM32-QT/smartcardconfig/smartcard/Drivers/STM32F0xx_HAL_Driver/Inc" -I"E:/gitworks/STM32-QT/smartcardconfig/smartcard/Drivers/STM32F0xx_HAL_Driver/Inc/Legacy" -I"E:/gitworks/STM32-QT/smartcardconfig/smartcard/Drivers/CMSIS/Device/ST/STM32F0xx/Include" -I"E:/gitworks/STM32-QT/smartcardconfig/smartcard/Drivers/CMSIS/Include"  -Og -g3 -Wall -fmessage-length=0 -ffunction-sections -c -fmessage-length=0 -MMD -MP -MF"Drivers/STM32F0xx_HAL_Driver/Src/stm32f0xx_hal_uart.d" -MT"Drivers/STM32F0xx_HAL_Driver/Src/stm32f0xx_hal_uart.o" -o "Drivers/STM32F0xx_HAL_Driver/Src/stm32f0xx_hal_uart.o" "../Drivers/STM32F0xx_HAL_Driver/Src/stm32f0xx_hal_uart.c"
Finished building: ../Drivers/STM32F0xx_HAL_Driver/Src/stm32f0xx_hal_uart.c
 
Building file: ../Drivers/STM32F0xx_HAL_Driver/Src/stm32f0xx_hal_uart_ex.c
Invoking: MCU GCC Compiler
E:\gitworks\STM32-QT\smartcardconfig\smartcard\Debug
arm-none-eabi-gcc -mcpu=cortex-m0 -mthumb -mfloat-abi=soft '-D__weak=__attribute__((weak))' '-D__packed=__attribute__((__packed__))' -DUSE_HAL_DRIVER -DSTM32F051x8 -I"E:/gitworks/STM32-QT/smartcardconfig/smartcard/Inc" -I"E:/gitworks/STM32-QT/smartcardconfig/smartcard/Drivers/STM32F0xx_HAL_Driver/Inc" -I"E:/gitworks/STM32-QT/smartcardconfig/smartcard/Drivers/STM32F0xx_HAL_Driver/Inc/Legacy" -I"E:/gitworks/STM32-QT/smartcardconfig/smartcard/Drivers/CMSIS/Device/ST/STM32F0xx/Include" -I"E:/gitworks/STM32-QT/smartcardconfig/smartcard/Drivers/CMSIS/Include"  -Og -g3 -Wall -fmessage-length=0 -ffunction-sections -c -fmessage-length=0 -MMD -MP -MF"Drivers/STM32F0xx_HAL_Driver/Src/stm32f0xx_hal_uart_ex.d" -MT"Drivers/STM32F0xx_HAL_Driver/Src/stm32f0xx_hal_uart_ex.o" -o "Drivers/STM32F0xx_HAL_Driver/Src/stm32f0xx_hal_uart_ex.o" "../Drivers/STM32F0xx_HAL_Driver/Src/stm32f0xx_hal_uart_ex.c"
Finished building: ../Drivers/STM32F0xx_HAL_Driver/Src/stm32f0xx_hal_uart_ex.c
 
Building target: smartcard.elf
Invoking: MCU GCC Linker
arm-none-eabi-gcc -mcpu=cortex-m0 -mthumb -mfloat-abi=soft -specs=nosys.specs -specs=nano.specs -T"../STM32F051R8Tx_FLASH.ld" -Wl,-Map=output.map -Wl,--gc-sections -o "smartcard.elf" @"objects.list"   -lm
Finished building target: smartcard.elf
 
make --no-print-directory post-build
Generating binary and Printing size information:
arm-none-eabi-objcopy -O binary "smartcard.elf" "smartcard.bin"
arm-none-eabi-size "smartcard.elf"
   text	   data	    bss	    dec	    hex	filename
   8980	     12	   1852	  10844	   2a5c	smartcard.elf
 
11:09:53 **** Incremental Build of configuration Debug for project smartcard ****
make all 
make: Nothing to be done for 'all'.
11:09:58 **** Incremental Build of configuration Debug for project smartcard ****
make all 
make: Nothing to be done for 'all'.
11:11:06 **** Incremental Build of configuration Debug for project smartcard ****
make all 
Building file: ../Src/main.c
Invoking: MCU GCC Compiler
E:\gitworks\STM32-QT\smartcardconfig\smartcard\Debug
arm-none-eabi-gcc -mcpu=cortex-m0 -mthumb -mfloat-abi=soft '-D__weak=__attribute__((weak))' '-D__packed=__attribute__((__packed__))' -DUSE_HAL_DRIVER -DSTM32F051x8 -I"E:/gitworks/STM32-QT/smartcardconfig/smartcard/Inc" -I"E:/gitworks/STM32-QT/smartcardconfig/smartcard/Drivers/STM32F0xx_HAL_Driver/Inc" -I"E:/gitworks/STM32-QT/smartcardconfig/smartcard/Drivers/STM32F0xx_HAL_Driver/Inc/Legacy" -I"E:/gitworks/STM32-QT/smartcardconfig/smartcard/Drivers/CMSIS/Device/ST/STM32F0xx/Include" -I"E:/gitworks/STM32-QT/smartcardconfig/smartcard/Drivers/CMSIS/Include"  -Og -g3 -Wall -fmessage-length=0 -ffunction-sections -c -fmessage-length=0 -MMD -MP -MF"Src/main.d" -MT"Src/main.o" -o "Src/main.o" "../Src/main.c"
Finished building: ../Src/main.c
 
Building target: smartcard.elf
Invoking: MCU GCC Linker
arm-none-eabi-gcc -mcpu=cortex-m0 -mthumb -mfloat-abi=soft -specs=nosys.specs -specs=nano.specs -T"../STM32F051R8Tx_FLASH.ld" -Wl,-Map=output.map -Wl,--gc-sections -o "smartcard.elf" @"objects.list"   -lm
Finished building target: smartcard.elf
 
make --no-print-directory post-build
Generating binary and Printing size information:
arm-none-eabi-objcopy -O binary "smartcard.elf" "smartcard.bin"
arm-none-eabi-size "smartcard.elf"
   text	   data	    bss	    dec	    hex	filename
   9044	     12	   1852	  10908	   2a9c	smartcard.elf
 
11:12:47 **** Incremental Build of configuration Debug for project smartcard ****
make all 
Building file: ../Src/main.c
Invoking: MCU GCC Compiler
E:\gitworks\STM32-QT\smartcardconfig\smartcard\Debug
arm-none-eabi-gcc -mcpu=cortex-m0 -mthumb -mfloat-abi=soft '-D__weak=__attribute__((weak))' '-D__packed=__attribute__((__packed__))' -DUSE_HAL_DRIVER -DSTM32F051x8 -I"E:/gitworks/STM32-QT/smartcardconfig/smartcard/Inc" -I"E:/gitworks/STM32-QT/smartcardconfig/smartcard/Drivers/STM32F0xx_HAL_Driver/Inc" -I"E:/gitworks/STM32-QT/smartcardconfig/smartcard/Drivers/STM32F0xx_HAL_Driver/Inc/Legacy" -I"E:/gitworks/STM32-QT/smartcardconfig/smartcard/Drivers/CMSIS/Device/ST/STM32F0xx/Include" -I"E:/gitworks/STM32-QT/smartcardconfig/smartcard/Drivers/CMSIS/Include"  -Og -g3 -Wall -fmessage-length=0 -ffunction-sections -c -fmessage-length=0 -MMD -MP -MF"Src/main.d" -MT"Src/main.o" -o "Src/main.o" "../Src/main.c"
../Src/main.c: In function 'main':
../Src/main.c:106:23: error: incompatible type for argument 1 of 'HAL_TIM_IC_Start_IT'
   HAL_TIM_IC_Start_IT(htim2);
                       ^~~~~
In file included from E:/gitworks/STM32-QT/smartcardconfig/smartcard/Inc/stm32f0xx_hal_conf.h:277:0,
                 from E:/gitworks/STM32-QT/smartcardconfig/smartcard/Drivers/STM32F0xx_HAL_Driver/Inc/stm32f0xx_hal.h:46,
                 from ../Src/main.c:40:
E:/gitworks/STM32-QT/smartcardconfig/smartcard/Drivers/STM32F0xx_HAL_Driver/Inc/stm32f0xx_hal_tim.h:1685:19: note: expected 'TIM_HandleTypeDef * {aka struct <anonymous> *}' but argument is of type 'TIM_HandleTypeDef {aka struct <anonymous>}'
 HAL_StatusTypeDef HAL_TIM_IC_Start_IT(TIM_HandleTypeDef *htim, uint32_t Channel);
                   ^~~~~~~~~~~~~~~~~~~
../Src/main.c:106:3: error: too few arguments to function 'HAL_TIM_IC_Start_IT'
   HAL_TIM_IC_Start_IT(htim2);
   ^~~~~~~~~~~~~~~~~~~
In file included from E:/gitworks/STM32-QT/smartcardconfig/smartcard/Inc/stm32f0xx_hal_conf.h:277:0,
                 from E:/gitworks/STM32-QT/smartcardconfig/smartcard/Drivers/STM32F0xx_HAL_Driver/Inc/stm32f0xx_hal.h:46,
                 from ../Src/main.c:40:
E:/gitworks/STM32-QT/smartcardconfig/smartcard/Drivers/STM32F0xx_HAL_Driver/Inc/stm32f0xx_hal_tim.h:1685:19: note: declared here
 HAL_StatusTypeDef HAL_TIM_IC_Start_IT(TIM_HandleTypeDef *htim, uint32_t Channel);
                   ^~~~~~~~~~~~~~~~~~~
make: *** [Src/main.o] Error 1
Src/subdir.mk:27: recipe for target 'Src/main.o' failed
11:12:52 **** Incremental Build of configuration Debug for project smartcard ****
make all 
Building file: ../Src/main.c
Invoking: MCU GCC Compiler
E:\gitworks\STM32-QT\smartcardconfig\smartcard\Debug
arm-none-eabi-gcc -mcpu=cortex-m0 -mthumb -mfloat-abi=soft '-D__weak=__attribute__((weak))' '-D__packed=__attribute__((__packed__))' -DUSE_HAL_DRIVER -DSTM32F051x8 -I"E:/gitworks/STM32-QT/smartcardconfig/smartcard/Inc" -I"E:/gitworks/STM32-QT/smartcardconfig/smartcard/Drivers/STM32F0xx_HAL_Driver/Inc" -I"E:/gitworks/STM32-QT/smartcardconfig/smartcard/Drivers/STM32F0xx_HAL_Driver/Inc/Legacy" -I"E:/gitworks/STM32-QT/smartcardconfig/smartcard/Drivers/CMSIS/Device/ST/STM32F0xx/Include" -I"E:/gitworks/STM32-QT/smartcardconfig/smartcard/Drivers/CMSIS/Include"  -Og -g3 -Wall -fmessage-length=0 -ffunction-sections -c -fmessage-length=0 -MMD -MP -MF"Src/main.d" -MT"Src/main.o" -o "Src/main.o" "../Src/main.c"
../Src/main.c: In function 'main':
../Src/main.c:106:23: error: incompatible type for argument 1 of 'HAL_TIM_IC_Start_IT'
   HAL_TIM_IC_Start_IT(htim2);
                       ^~~~~
In file included from E:/gitworks/STM32-QT/smartcardconfig/smartcard/Inc/stm32f0xx_hal_conf.h:277:0,
                 from E:/gitworks/STM32-QT/smartcardconfig/smartcard/Drivers/STM32F0xx_HAL_Driver/Inc/stm32f0xx_hal.h:46,
                 from ../Src/main.c:40:
E:/gitworks/STM32-QT/smartcardconfig/smartcard/Drivers/STM32F0xx_HAL_Driver/Inc/stm32f0xx_hal_tim.h:1685:19: note: expected 'TIM_HandleTypeDef * {aka struct <anonymous> *}' but argument is of type 'TIM_HandleTypeDef {aka struct <anonymous>}'
 HAL_StatusTypeDef HAL_TIM_IC_Start_IT(TIM_HandleTypeDef *htim, uint32_t Channel);
                   ^~~~~~~~~~~~~~~~~~~
../Src/main.c:106:3: error: too few arguments to function 'HAL_TIM_IC_Start_IT'
   HAL_TIM_IC_Start_IT(htim2);
   ^~~~~~~~~~~~~~~~~~~
In file included from E:/gitworks/STM32-QT/smartcardconfig/smartcard/Inc/stm32f0xx_hal_conf.h:277:0,
                 from E:/gitworks/STM32-QT/smartcardconfig/smartcard/Drivers/STM32F0xx_HAL_Driver/Inc/stm32f0xx_hal.h:46,
                 from ../Src/main.c:40:
E:/gitworks/STM32-QT/smartcardconfig/smartcard/Drivers/STM32F0xx_HAL_Driver/Inc/stm32f0xx_hal_tim.h:1685:19: note: declared here
 HAL_StatusTypeDef HAL_TIM_IC_Start_IT(TIM_HandleTypeDef *htim, uint32_t Channel);
                   ^~~~~~~~~~~~~~~~~~~
Src/subdir.mk:27: recipe for target 'Src/main.o' failed
make: *** [Src/main.o] Error 1
11:14:33 **** Incremental Build of configuration Debug for project power ****
make all 
make: Nothing to be done for 'all'.
11:14:34 **** Incremental Build of configuration Debug for project smartcard ****
make all 
Building file: ../Src/main.c
Invoking: MCU GCC Compiler
E:\gitworks\STM32-QT\smartcardconfig\smartcard\Debug
arm-none-eabi-gcc -mcpu=cortex-m0 -mthumb -mfloat-abi=soft '-D__weak=__attribute__((weak))' '-D__packed=__attribute__((__packed__))' -DUSE_HAL_DRIVER -DSTM32F051x8 -I"E:/gitworks/STM32-QT/smartcardconfig/smartcard/Inc" -I"E:/gitworks/STM32-QT/smartcardconfig/smartcard/Drivers/STM32F0xx_HAL_Driver/Inc" -I"E:/gitworks/STM32-QT/smartcardconfig/smartcard/Drivers/STM32F0xx_HAL_Driver/Inc/Legacy" -I"E:/gitworks/STM32-QT/smartcardconfig/smartcard/Drivers/CMSIS/Device/ST/STM32F0xx/Include" -I"E:/gitworks/STM32-QT/smartcardconfig/smartcard/Drivers/CMSIS/Include"  -Og -g3 -Wall -fmessage-length=0 -ffunction-sections -c -fmessage-length=0 -MMD -MP -MF"Src/main.d" -MT"Src/main.o" -o "Src/main.o" "../Src/main.c"
../Src/main.c: In function 'main':
../Src/main.c:106:25: error: incompatible type for argument 1 of 'HAL_TIM_Base_Start_IT'
   HAL_TIM_Base_Start_IT(htim2);
                         ^~~~~
In file included from E:/gitworks/STM32-QT/smartcardconfig/smartcard/Inc/stm32f0xx_hal_conf.h:277:0,
                 from E:/gitworks/STM32-QT/smartcardconfig/smartcard/Drivers/STM32F0xx_HAL_Driver/Inc/stm32f0xx_hal.h:46,
                 from ../Src/main.c:40:
E:/gitworks/STM32-QT/smartcardconfig/smartcard/Drivers/STM32F0xx_HAL_Driver/Inc/stm32f0xx_hal_tim.h:1621:19: note: expected 'TIM_HandleTypeDef * {aka struct <anonymous> *}' but argument is of type 'TIM_HandleTypeDef {aka struct <anonymous>}'
 HAL_StatusTypeDef HAL_TIM_Base_Start_IT(TIM_HandleTypeDef *htim);
                   ^~~~~~~~~~~~~~~~~~~~~
Src/subdir.mk:27: recipe for target 'Src/main.o' failed
make: *** [Src/main.o] Error 1
11:15:00 **** Incremental Build of configuration Debug for project power ****
make all 
make: Nothing to be done for 'all'.
11:15:01 **** Incremental Build of configuration Debug for project smartcard ****
make all 
Building file: ../Src/main.c
Invoking: MCU GCC Compiler
E:\gitworks\STM32-QT\smartcardconfig\smartcard\Debug
arm-none-eabi-gcc -mcpu=cortex-m0 -mthumb -mfloat-abi=soft '-D__weak=__attribute__((weak))' '-D__packed=__attribute__((__packed__))' -DUSE_HAL_DRIVER -DSTM32F051x8 -I"E:/gitworks/STM32-QT/smartcardconfig/smartcard/Inc" -I"E:/gitworks/STM32-QT/smartcardconfig/smartcard/Drivers/STM32F0xx_HAL_Driver/Inc" -I"E:/gitworks/STM32-QT/smartcardconfig/smartcard/Drivers/STM32F0xx_HAL_Driver/Inc/Legacy" -I"E:/gitworks/STM32-QT/smartcardconfig/smartcard/Drivers/CMSIS/Device/ST/STM32F0xx/Include" -I"E:/gitworks/STM32-QT/smartcardconfig/smartcard/Drivers/CMSIS/Include"  -Og -g3 -Wall -fmessage-length=0 -ffunction-sections -c -fmessage-length=0 -MMD -MP -MF"Src/main.d" -MT"Src/main.o" -o "Src/main.o" "../Src/main.c"
Finished building: ../Src/main.c
 
Building file: ../Src/stm32f0xx_it.c
Invoking: MCU GCC Compiler
E:\gitworks\STM32-QT\smartcardconfig\smartcard\Debug
arm-none-eabi-gcc -mcpu=cortex-m0 -mthumb -mfloat-abi=soft '-D__weak=__attribute__((weak))' '-D__packed=__attribute__((__packed__))' -DUSE_HAL_DRIVER -DSTM32F051x8 -I"E:/gitworks/STM32-QT/smartcardconfig/smartcard/Inc" -I"E:/gitworks/STM32-QT/smartcardconfig/smartcard/Drivers/STM32F0xx_HAL_Driver/Inc" -I"E:/gitworks/STM32-QT/smartcardconfig/smartcard/Drivers/STM32F0xx_HAL_Driver/Inc/Legacy" -I"E:/gitworks/STM32-QT/smartcardconfig/smartcard/Drivers/CMSIS/Device/ST/STM32F0xx/Include" -I"E:/gitworks/STM32-QT/smartcardconfig/smartcard/Drivers/CMSIS/Include"  -Og -g3 -Wall -fmessage-length=0 -ffunction-sections -c -fmessage-length=0 -MMD -MP -MF"Src/stm32f0xx_it.d" -MT"Src/stm32f0xx_it.o" -o "Src/stm32f0xx_it.o" "../Src/stm32f0xx_it.c"
Finished building: ../Src/stm32f0xx_it.c
 
Building target: smartcard.elf
Invoking: MCU GCC Linker
arm-none-eabi-gcc -mcpu=cortex-m0 -mthumb -mfloat-abi=soft -specs=nosys.specs -specs=nano.specs -T"../STM32F051R8Tx_FLASH.ld" -Wl,-Map=output.map -Wl,--gc-sections -o "smartcard.elf" @"objects.list"   -lm
Finished building target: smartcard.elf
 
make --no-print-directory post-build
Generating binary and Printing size information:
arm-none-eabi-objcopy -O binary "smartcard.elf" "smartcard.bin"
arm-none-eabi-size "smartcard.elf"
   text	   data	    bss	    dec	    hex	filename
   9072	     12	   1852	  10936	   2ab8	smartcard.elf
 
11:15:05 **** Incremental Build of configuration Debug for project smartcard ****
make all 
make: Nothing to be done for 'all'.
11:15:25 **** Incremental Build of configuration Debug for project smartcard ****
make all 
Building file: ../Src/main.c
Invoking: MCU GCC Compiler
E:\gitworks\STM32-QT\smartcardconfig\smartcard\Debug
arm-none-eabi-gcc -mcpu=cortex-m0 -mthumb -mfloat-abi=soft '-D__weak=__attribute__((weak))' '-D__packed=__attribute__((__packed__))' -DUSE_HAL_DRIVER -DSTM32F051x8 -I"E:/gitworks/STM32-QT/smartcardconfig/smartcard/Inc" -I"E:/gitworks/STM32-QT/smartcardconfig/smartcard/Drivers/STM32F0xx_HAL_Driver/Inc" -I"E:/gitworks/STM32-QT/smartcardconfig/smartcard/Drivers/STM32F0xx_HAL_Driver/Inc/Legacy" -I"E:/gitworks/STM32-QT/smartcardconfig/smartcard/Drivers/CMSIS/Device/ST/STM32F0xx/Include" -I"E:/gitworks/STM32-QT/smartcardconfig/smartcard/Drivers/CMSIS/Include"  -Og -g3 -Wall -fmessage-length=0 -ffunction-sections -c -fmessage-length=0 -MMD -MP -MF"Src/main.d" -MT"Src/main.o" -o "Src/main.o" "../Src/main.c"
Finished building: ../Src/main.c
 
Building target: smartcard.elf
Invoking: MCU GCC Linker
arm-none-eabi-gcc -mcpu=cortex-m0 -mthumb -mfloat-abi=soft -specs=nosys.specs -specs=nano.specs -T"../STM32F051R8Tx_FLASH.ld" -Wl,-Map=output.map -Wl,--gc-sections -o "smartcard.elf" @"objects.list"   -lm
Finished building target: smartcard.elf
 
make --no-print-directory post-build
Generating binary and Printing size information:
arm-none-eabi-objcopy -O binary "smartcard.elf" "smartcard.bin"
arm-none-eabi-size "smartcard.elf"
   text	   data	    bss	    dec	    hex	filename
   9072	     12	   1852	  10936	   2ab8	smartcard.elf
 
11:15:34 **** Incremental Build of configuration Debug for project smartcard ****
make all 
Building file: ../Src/main.c
Invoking: MCU GCC Compiler
E:\gitworks\STM32-QT\smartcardconfig\smartcard\Debug
arm-none-eabi-gcc -mcpu=cortex-m0 -mthumb -mfloat-abi=soft '-D__weak=__attribute__((weak))' '-D__packed=__attribute__((__packed__))' -DUSE_HAL_DRIVER -DSTM32F051x8 -I"E:/gitworks/STM32-QT/smartcardconfig/smartcard/Inc" -I"E:/gitworks/STM32-QT/smartcardconfig/smartcard/Drivers/STM32F0xx_HAL_Driver/Inc" -I"E:/gitworks/STM32-QT/smartcardconfig/smartcard/Drivers/STM32F0xx_HAL_Driver/Inc/Legacy" -I"E:/gitworks/STM32-QT/smartcardconfig/smartcard/Drivers/CMSIS/Device/ST/STM32F0xx/Include" -I"E:/gitworks/STM32-QT/smartcardconfig/smartcard/Drivers/CMSIS/Include"  -Og -g3 -Wall -fmessage-length=0 -ffunction-sections -c -fmessage-length=0 -MMD -MP -MF"Src/main.d" -MT"Src/main.o" -o "Src/main.o" "../Src/main.c"
Finished building: ../Src/main.c
 
Building target: smartcard.elf
Invoking: MCU GCC Linker
arm-none-eabi-gcc -mcpu=cortex-m0 -mthumb -mfloat-abi=soft -specs=nosys.specs -specs=nano.specs -T"../STM32F051R8Tx_FLASH.ld" -Wl,-Map=output.map -Wl,--gc-sections -o "smartcard.elf" @"objects.list"   -lm
Finished building target: smartcard.elf
 
make --no-print-directory post-build
Generating binary and Printing size information:
arm-none-eabi-objcopy -O binary "smartcard.elf" "smartcard.bin"
arm-none-eabi-size "smartcard.elf"
   text	   data	    bss	    dec	    hex	filename
   9072	     12	   1852	  10936	   2ab8	smartcard.elf
 
14:24:36 **** Incremental Build of configuration Debug for project smartcard ****
make all 
Building file: ../Src/main.c
Invoking: MCU GCC Compiler
E:\gitworks\STM32-QT\smartcardconfig\smartcard\Debug
arm-none-eabi-gcc -mcpu=cortex-m0 -mthumb -mfloat-abi=soft '-D__weak=__attribute__((weak))' '-D__packed=__attribute__((__packed__))' -DUSE_HAL_DRIVER -DSTM32F051x8 -I"E:/gitworks/STM32-QT/smartcardconfig/smartcard/Inc" -I"E:/gitworks/STM32-QT/smartcardconfig/smartcard/Drivers/STM32F0xx_HAL_Driver/Inc" -I"E:/gitworks/STM32-QT/smartcardconfig/smartcard/Drivers/STM32F0xx_HAL_Driver/Inc/Legacy" -I"E:/gitworks/STM32-QT/smartcardconfig/smartcard/Drivers/CMSIS/Device/ST/STM32F0xx/Include" -I"E:/gitworks/STM32-QT/smartcardconfig/smartcard/Drivers/CMSIS/Include"  -Og -g3 -Wall -fmessage-length=0 -ffunction-sections -c -fmessage-length=0 -MMD -MP -MF"Src/main.d" -MT"Src/main.o" -o "Src/main.o" "../Src/main.c"
Finished building: ../Src/main.c
 
Building target: smartcard.elf
Invoking: MCU GCC Linker
arm-none-eabi-gcc -mcpu=cortex-m0 -mthumb -mfloat-abi=soft -specs=nosys.specs -specs=nano.specs -T"../STM32F051R8Tx_FLASH.ld" -Wl,-Map=output.map -Wl,--gc-sections -o "smartcard.elf" @"objects.list"   -lm
Finished building target: smartcard.elf
 
make --no-print-directory post-build
Generating binary and Printing size information:
arm-none-eabi-objcopy -O binary "smartcard.elf" "smartcard.bin"
arm-none-eabi-size "smartcard.elf"
   text	   data	    bss	    dec	    hex	filename
   9088	     12	   1852	  10952	   2ac8	smartcard.elf
 
14:24:46 **** Incremental Build of configuration Debug for project smartcard ****
make all 
make: Nothing to be done for 'all'.
14:24:50 **** Incremental Build of configuration Debug for project smartcard ****
make all 
make: Nothing to be done for 'all'.
14:24:53 **** Incremental Build of configuration Debug for project smartcard ****
make all 
make: Nothing to be done for 'all'.
14:25:08 **** Incremental Build of configuration Debug for project smartcard ****
make all 
Building file: ../Src/main.c
Invoking: MCU GCC Compiler
E:\gitworks\STM32-QT\smartcardconfig\smartcard\Debug
arm-none-eabi-gcc -mcpu=cortex-m0 -mthumb -mfloat-abi=soft '-D__weak=__attribute__((weak))' '-D__packed=__attribute__((__packed__))' -DUSE_HAL_DRIVER -DSTM32F051x8 -I"E:/gitworks/STM32-QT/smartcardconfig/smartcard/Inc" -I"E:/gitworks/STM32-QT/smartcardconfig/smartcard/Drivers/STM32F0xx_HAL_Driver/Inc" -I"E:/gitworks/STM32-QT/smartcardconfig/smartcard/Drivers/STM32F0xx_HAL_Driver/Inc/Legacy" -I"E:/gitworks/STM32-QT/smartcardconfig/smartcard/Drivers/CMSIS/Device/ST/STM32F0xx/Include" -I"E:/gitworks/STM32-QT/smartcardconfig/smartcard/Drivers/CMSIS/Include"  -Og -g3 -Wall -fmessage-length=0 -ffunction-sections -c -fmessage-length=0 -MMD -MP -MF"Src/main.d" -MT"Src/main.o" -o "Src/main.o" "../Src/main.c"
Finished building: ../Src/main.c
 
Building target: smartcard.elf
Invoking: MCU GCC Linker
arm-none-eabi-gcc -mcpu=cortex-m0 -mthumb -mfloat-abi=soft -specs=nosys.specs -specs=nano.specs -T"../STM32F051R8Tx_FLASH.ld" -Wl,-Map=output.map -Wl,--gc-sections -o "smartcard.elf" @"objects.list"   -lm
Finished building target: smartcard.elf
 
make --no-print-directory post-build
Generating binary and Printing size information:
arm-none-eabi-objcopy -O binary "smartcard.elf" "smartcard.bin"
arm-none-eabi-size "smartcard.elf"
   text	   data	    bss	    dec	    hex	filename
   9072	     12	   1852	  10936	   2ab8	smartcard.elf
 
14:25:54 **** Incremental Build of configuration Debug for project smartcard ****
make all 
Building file: ../Src/main.c
Invoking: MCU GCC Compiler
E:\gitworks\STM32-QT\smartcardconfig\smartcard\Debug
arm-none-eabi-gcc -mcpu=cortex-m0 -mthumb -mfloat-abi=soft '-D__weak=__attribute__((weak))' '-D__packed=__attribute__((__packed__))' -DUSE_HAL_DRIVER -DSTM32F051x8 -I"E:/gitworks/STM32-QT/smartcardconfig/smartcard/Inc" -I"E:/gitworks/STM32-QT/smartcardconfig/smartcard/Drivers/STM32F0xx_HAL_Driver/Inc" -I"E:/gitworks/STM32-QT/smartcardconfig/smartcard/Drivers/STM32F0xx_HAL_Driver/Inc/Legacy" -I"E:/gitworks/STM32-QT/smartcardconfig/smartcard/Drivers/CMSIS/Device/ST/STM32F0xx/Include" -I"E:/gitworks/STM32-QT/smartcardconfig/smartcard/Drivers/CMSIS/Include"  -Og -g3 -Wall -fmessage-length=0 -ffunction-sections -c -fmessage-length=0 -MMD -MP -MF"Src/main.d" -MT"Src/main.o" -o "Src/main.o" "../Src/main.c"
Finished building: ../Src/main.c
 
Building target: smartcard.elf
Invoking: MCU GCC Linker
arm-none-eabi-gcc -mcpu=cortex-m0 -mthumb -mfloat-abi=soft -specs=nosys.specs -specs=nano.specs -T"../STM32F051R8Tx_FLASH.ld" -Wl,-Map=output.map -Wl,--gc-sections -o "smartcard.elf" @"objects.list"   -lm
Finished building target: smartcard.elf
 
make --no-print-directory post-build
Generating binary and Printing size information:
arm-none-eabi-objcopy -O binary "smartcard.elf" "smartcard.bin"
arm-none-eabi-size "smartcard.elf"
   text	   data	    bss	    dec	    hex	filename
   9088	     12	   1852	  10952	   2ac8	smartcard.elf
 
14:26:05 **** Incremental Build of configuration Debug for project smartcard ****
make all 
Building file: ../Src/main.c
Invoking: MCU GCC Compiler
E:\gitworks\STM32-QT\smartcardconfig\smartcard\Debug
arm-none-eabi-gcc -mcpu=cortex-m0 -mthumb -mfloat-abi=soft '-D__weak=__attribute__((weak))' '-D__packed=__attribute__((__packed__))' -DUSE_HAL_DRIVER -DSTM32F051x8 -I"E:/gitworks/STM32-QT/smartcardconfig/smartcard/Inc" -I"E:/gitworks/STM32-QT/smartcardconfig/smartcard/Drivers/STM32F0xx_HAL_Driver/Inc" -I"E:/gitworks/STM32-QT/smartcardconfig/smartcard/Drivers/STM32F0xx_HAL_Driver/Inc/Legacy" -I"E:/gitworks/STM32-QT/smartcardconfig/smartcard/Drivers/CMSIS/Device/ST/STM32F0xx/Include" -I"E:/gitworks/STM32-QT/smartcardconfig/smartcard/Drivers/CMSIS/Include"  -Og -g3 -Wall -fmessage-length=0 -ffunction-sections -c -fmessage-length=0 -MMD -MP -MF"Src/main.d" -MT"Src/main.o" -o "Src/main.o" "../Src/main.c"
Finished building: ../Src/main.c
 
Building target: smartcard.elf
Invoking: MCU GCC Linker
arm-none-eabi-gcc -mcpu=cortex-m0 -mthumb -mfloat-abi=soft -specs=nosys.specs -specs=nano.specs -T"../STM32F051R8Tx_FLASH.ld" -Wl,-Map=output.map -Wl,--gc-sections -o "smartcard.elf" @"objects.list"   -lm
Finished building target: smartcard.elf
 
make --no-print-directory post-build
Generating binary and Printing size information:
arm-none-eabi-objcopy -O binary "smartcard.elf" "smartcard.bin"
arm-none-eabi-size "smartcard.elf"
   text	   data	    bss	    dec	    hex	filename
   9088	     12	   1852	  10952	   2ac8	smartcard.elf
 
14:26:28 **** Incremental Build of configuration Debug for project smartcard ****
make all 
Building file: ../Src/stm32f0xx_it.c
Invoking: MCU GCC Compiler
E:\gitworks\STM32-QT\smartcardconfig\smartcard\Debug
arm-none-eabi-gcc -mcpu=cortex-m0 -mthumb -mfloat-abi=soft '-D__weak=__attribute__((weak))' '-D__packed=__attribute__((__packed__))' -DUSE_HAL_DRIVER -DSTM32F051x8 -I"E:/gitworks/STM32-QT/smartcardconfig/smartcard/Inc" -I"E:/gitworks/STM32-QT/smartcardconfig/smartcard/Drivers/STM32F0xx_HAL_Driver/Inc" -I"E:/gitworks/STM32-QT/smartcardconfig/smartcard/Drivers/STM32F0xx_HAL_Driver/Inc/Legacy" -I"E:/gitworks/STM32-QT/smartcardconfig/smartcard/Drivers/CMSIS/Device/ST/STM32F0xx/Include" -I"E:/gitworks/STM32-QT/smartcardconfig/smartcard/Drivers/CMSIS/Include"  -Og -g3 -Wall -fmessage-length=0 -ffunction-sections -c -fmessage-length=0 -MMD -MP -MF"Src/stm32f0xx_it.d" -MT"Src/stm32f0xx_it.o" -o "Src/stm32f0xx_it.o" "../Src/stm32f0xx_it.c"
Finished building: ../Src/stm32f0xx_it.c
 
Building target: smartcard.elf
Invoking: MCU GCC Linker
arm-none-eabi-gcc -mcpu=cortex-m0 -mthumb -mfloat-abi=soft -specs=nosys.specs -specs=nano.specs -T"../STM32F051R8Tx_FLASH.ld" -Wl,-Map=output.map -Wl,--gc-sections -o "smartcard.elf" @"objects.list"   -lm
Finished building target: smartcard.elf
 
make --no-print-directory post-build
Generating binary and Printing size information:
arm-none-eabi-objcopy -O binary "smartcard.elf" "smartcard.bin"
arm-none-eabi-size "smartcard.elf"
   text	   data	    bss	    dec	    hex	filename
   9076	     12	   1852	  10940	   2abc	smartcard.elf
 
14:26:49 **** Incremental Build of configuration Debug for project smartcard ****
make all 
Building file: ../Src/main.c
Invoking: MCU GCC Compiler
E:\gitworks\STM32-QT\smartcardconfig\smartcard\Debug
arm-none-eabi-gcc -mcpu=cortex-m0 -mthumb -mfloat-abi=soft '-D__weak=__attribute__((weak))' '-D__packed=__attribute__((__packed__))' -DUSE_HAL_DRIVER -DSTM32F051x8 -I"E:/gitworks/STM32-QT/smartcardconfig/smartcard/Inc" -I"E:/gitworks/STM32-QT/smartcardconfig/smartcard/Drivers/STM32F0xx_HAL_Driver/Inc" -I"E:/gitworks/STM32-QT/smartcardconfig/smartcard/Drivers/STM32F0xx_HAL_Driver/Inc/Legacy" -I"E:/gitworks/STM32-QT/smartcardconfig/smartcard/Drivers/CMSIS/Device/ST/STM32F0xx/Include" -I"E:/gitworks/STM32-QT/smartcardconfig/smartcard/Drivers/CMSIS/Include"  -Og -g3 -Wall -fmessage-length=0 -ffunction-sections -c -fmessage-length=0 -MMD -MP -MF"Src/main.d" -MT"Src/main.o" -o "Src/main.o" "../Src/main.c"
Finished building: ../Src/main.c
 
Building target: smartcard.elf
Invoking: MCU GCC Linker
arm-none-eabi-gcc -mcpu=cortex-m0 -mthumb -mfloat-abi=soft -specs=nosys.specs -specs=nano.specs -T"../STM32F051R8Tx_FLASH.ld" -Wl,-Map=output.map -Wl,--gc-sections -o "smartcard.elf" @"objects.list"   -lm
Finished building target: smartcard.elf
 
make --no-print-directory post-build
Generating binary and Printing size information:
arm-none-eabi-objcopy -O binary "smartcard.elf" "smartcard.bin"
arm-none-eabi-size "smartcard.elf"
   text	   data	    bss	    dec	    hex	filename
   9076	     12	   1852	  10940	   2abc	smartcard.elf
 
