11:30:40 **** Incremental Build of configuration Debug for project testmcp ****
make all 
Building file: ../Src/main.c
Invoking: MCU GCC Compiler
E:\testst32cube\testmcp\Debug
arm-none-eabi-gcc -mcpu=cortex-m0 -mthumb -mfloat-abi=soft '-D__weak=__attribute__((weak))' '-D__packed=__attribute__((__packed__))' -DUSE_HAL_DRIVER -DSTM32F051x8 -I"E:/testst32cube/testmcp/Inc" -I"E:/testst32cube/testmcp/Drivers/STM32F0xx_HAL_Driver/Inc" -I"E:/testst32cube/testmcp/Drivers/STM32F0xx_HAL_Driver/Inc/Legacy" -I"E:/testst32cube/testmcp/Drivers/CMSIS/Device/ST/STM32F0xx/Include" -I"E:/testst32cube/testmcp/Drivers/CMSIS/Include"  -Og -g3 -Wall -fmessage-length=0 -ffunction-sections -c -fmessage-length=0 -MMD -MP -MF"Src/main.d" -MT"Src/main.o" -o "Src/main.o" "../Src/main.c"
../Src/main.c: In function 'mcp2515_readRegister':
../Src/main.c:144:13: warning: unused variable 'i' [-Wunused-variable]
  int8_t ret,i;
             ^
Finished building: ../Src/main.c
 
Building target: testmcp.elf
Invoking: MCU GCC Linker
arm-none-eabi-gcc -mcpu=cortex-m0 -mthumb -mfloat-abi=soft -specs=nosys.specs -specs=nano.specs -T"../STM32F051R8Tx_FLASH.ld" -Wl,-Map=output.map -Wl,--gc-sections -o "testmcp.elf" @"objects.list"   -lm
Finished building target: testmcp.elf
 
make --no-print-directory post-build
Generating binary and Printing size information:
arm-none-eabi-objcopy -O binary "testmcp.elf" "testmcp.bin"
arm-none-eabi-size "testmcp.elf"
   text	   data	    bss	    dec	    hex	filename
   5712	     12	   1684	   7408	   1cf0	testmcp.elf
 

11:30:42 Build Finished (took 2s.55ms)

