Archive member included to satisfy reference by file (symbol)

c:/program files (x86)/gnu tools arm embedded/5.4 2016q3/bin/../lib/gcc/arm-none-eabi/5.4.1/../../../../arm-none-eabi/lib/armv7e-m/fpu\libc_nano.a(lib_a-exit.o)
                              c:/program files (x86)/gnu tools arm embedded/5.4 2016q3/bin/../lib/gcc/arm-none-eabi/5.4.1/../../../../arm-none-eabi/lib/armv7e-m/fpu/crt0.o (exit)
c:/program files (x86)/gnu tools arm embedded/5.4 2016q3/bin/../lib/gcc/arm-none-eabi/5.4.1/../../../../arm-none-eabi/lib/armv7e-m/fpu\libc_nano.a(lib_a-impure.o)
                              c:/program files (x86)/gnu tools arm embedded/5.4 2016q3/bin/../lib/gcc/arm-none-eabi/5.4.1/../../../../arm-none-eabi/lib/armv7e-m/fpu\libc_nano.a(lib_a-exit.o) (_global_impure_ptr)
c:/program files (x86)/gnu tools arm embedded/5.4 2016q3/bin/../lib/gcc/arm-none-eabi/5.4.1/../../../../arm-none-eabi/lib/armv7e-m/fpu\libc_nano.a(lib_a-init.o)
                              c:/program files (x86)/gnu tools arm embedded/5.4 2016q3/bin/../lib/gcc/arm-none-eabi/5.4.1/../../../../arm-none-eabi/lib/armv7e-m/fpu/crt0.o (__libc_init_array)
c:/program files (x86)/gnu tools arm embedded/5.4 2016q3/bin/../lib/gcc/arm-none-eabi/5.4.1/../../../../arm-none-eabi/lib/armv7e-m/fpu\libc_nano.a(lib_a-memset.o)
                              c:/program files (x86)/gnu tools arm embedded/5.4 2016q3/bin/../lib/gcc/arm-none-eabi/5.4.1/../../../../arm-none-eabi/lib/armv7e-m/fpu/crt0.o (memset)
c:/program files (x86)/gnu tools arm embedded/5.4 2016q3/bin/../lib/gcc/arm-none-eabi/5.4.1/../../../../arm-none-eabi/lib/armv7e-m/fpu\libnosys.a(_exit.o)
                              c:/program files (x86)/gnu tools arm embedded/5.4 2016q3/bin/../lib/gcc/arm-none-eabi/5.4.1/../../../../arm-none-eabi/lib/armv7e-m/fpu\libc_nano.a(lib_a-exit.o) (_exit)

Discarded input sections

 .text          0x00000000        0x0 c:/program files (x86)/gnu tools arm embedded/5.4 2016q3/bin/../lib/gcc/arm-none-eabi/5.4.1/armv7e-m/fpu/crti.o
 .data          0x00000000        0x0 c:/program files (x86)/gnu tools arm embedded/5.4 2016q3/bin/../lib/gcc/arm-none-eabi/5.4.1/armv7e-m/fpu/crti.o
 .bss           0x00000000        0x0 c:/program files (x86)/gnu tools arm embedded/5.4 2016q3/bin/../lib/gcc/arm-none-eabi/5.4.1/armv7e-m/fpu/crti.o
 .data          0x00000000        0x4 c:/program files (x86)/gnu tools arm embedded/5.4 2016q3/bin/../lib/gcc/arm-none-eabi/5.4.1/armv7e-m/fpu/crtbegin.o
 .data          0x00000000        0x0 c:/program files (x86)/gnu tools arm embedded/5.4 2016q3/bin/../lib/gcc/arm-none-eabi/5.4.1/../../../../arm-none-eabi/lib/armv7e-m/fpu/crt0.o
 .bss           0x00000000        0x0 c:/program files (x86)/gnu tools arm embedded/5.4 2016q3/bin/../lib/gcc/arm-none-eabi/5.4.1/../../../../arm-none-eabi/lib/armv7e-m/fpu/crt0.o
 .ARM.extab     0x00000000        0x0 c:/program files (x86)/gnu tools arm embedded/5.4 2016q3/bin/../lib/gcc/arm-none-eabi/5.4.1/../../../../arm-none-eabi/lib/armv7e-m/fpu/crt0.o
 .data          0x00000000        0x0 _build/nrf52832_xxaa/gcc_startup_nrf52.S.o
 .bss           0x00000000        0x0 _build/nrf52832_xxaa/gcc_startup_nrf52.S.o
 .group         0x00000000        0x8 _build/nrf52832_xxaa/system_nrf52.c.o
 .group         0x00000000        0x8 _build/nrf52832_xxaa/system_nrf52.c.o
 .group         0x00000000        0x8 _build/nrf52832_xxaa/system_nrf52.c.o
 .group         0x00000000        0x8 _build/nrf52832_xxaa/system_nrf52.c.o
 .group         0x00000000        0x8 _build/nrf52832_xxaa/system_nrf52.c.o
 .group         0x00000000        0x8 _build/nrf52832_xxaa/system_nrf52.c.o
 .group         0x00000000        0x8 _build/nrf52832_xxaa/system_nrf52.c.o
 .group         0x00000000        0x8 _build/nrf52832_xxaa/system_nrf52.c.o
 .group         0x00000000        0x8 _build/nrf52832_xxaa/system_nrf52.c.o
 .group         0x00000000        0x8 _build/nrf52832_xxaa/system_nrf52.c.o
 .group         0x00000000        0x8 _build/nrf52832_xxaa/system_nrf52.c.o
 .group         0x00000000        0x8 _build/nrf52832_xxaa/system_nrf52.c.o
 .group         0x00000000        0x8 _build/nrf52832_xxaa/system_nrf52.c.o
 .group         0x00000000        0x8 _build/nrf52832_xxaa/system_nrf52.c.o
 .group         0x00000000        0x8 _build/nrf52832_xxaa/system_nrf52.c.o
 .group         0x00000000        0x8 _build/nrf52832_xxaa/system_nrf52.c.o
 .group         0x00000000        0x8 _build/nrf52832_xxaa/system_nrf52.c.o
 .group         0x00000000        0x8 _build/nrf52832_xxaa/system_nrf52.c.o
 .text          0x00000000        0x0 _build/nrf52832_xxaa/system_nrf52.c.o
 .data          0x00000000        0x0 _build/nrf52832_xxaa/system_nrf52.c.o
 .bss           0x00000000        0x0 _build/nrf52832_xxaa/system_nrf52.c.o
 .text.SystemCoreClockUpdate
                0x00000000       0x10 _build/nrf52832_xxaa/system_nrf52.c.o
 .group         0x00000000        0x8 _build/nrf52832_xxaa/main.c.o
 .group         0x00000000        0x8 _build/nrf52832_xxaa/main.c.o
 .group         0x00000000        0x8 _build/nrf52832_xxaa/main.c.o
 .group         0x00000000        0x8 _build/nrf52832_xxaa/main.c.o
 .group         0x00000000        0x8 _build/nrf52832_xxaa/main.c.o
 .group         0x00000000        0x8 _build/nrf52832_xxaa/main.c.o
 .group         0x00000000        0x8 _build/nrf52832_xxaa/main.c.o
 .group         0x00000000        0x8 _build/nrf52832_xxaa/main.c.o
 .group         0x00000000        0x8 _build/nrf52832_xxaa/main.c.o
 .group         0x00000000        0x8 _build/nrf52832_xxaa/main.c.o
 .group         0x00000000        0x8 _build/nrf52832_xxaa/main.c.o
 .group         0x00000000        0x8 _build/nrf52832_xxaa/main.c.o
 .group         0x00000000        0x8 _build/nrf52832_xxaa/main.c.o
 .group         0x00000000        0x8 _build/nrf52832_xxaa/main.c.o
 .group         0x00000000        0x8 _build/nrf52832_xxaa/main.c.o
 .group         0x00000000        0x8 _build/nrf52832_xxaa/main.c.o
 .group         0x00000000        0x8 _build/nrf52832_xxaa/main.c.o
 .group         0x00000000        0x8 _build/nrf52832_xxaa/main.c.o
 .group         0x00000000        0x8 _build/nrf52832_xxaa/main.c.o
 .group         0x00000000        0x8 _build/nrf52832_xxaa/main.c.o
 .group         0x00000000        0x8 _build/nrf52832_xxaa/main.c.o
 .group         0x00000000        0x8 _build/nrf52832_xxaa/main.c.o
 .group         0x00000000        0x8 _build/nrf52832_xxaa/main.c.o
 .group         0x00000000        0x8 _build/nrf52832_xxaa/main.c.o
 .group         0x00000000        0x8 _build/nrf52832_xxaa/main.c.o
 .group         0x00000000        0x8 _build/nrf52832_xxaa/main.c.o
 .group         0x00000000        0x8 _build/nrf52832_xxaa/main.c.o
 .group         0x00000000        0x8 _build/nrf52832_xxaa/main.c.o
 .group         0x00000000        0x8 _build/nrf52832_xxaa/main.c.o
 .group         0x00000000        0x8 _build/nrf52832_xxaa/main.c.o
 .group         0x00000000        0x8 _build/nrf52832_xxaa/main.c.o
 .group         0x00000000        0x8 _build/nrf52832_xxaa/main.c.o
 .group         0x00000000        0x8 _build/nrf52832_xxaa/main.c.o
 .group         0x00000000        0x8 _build/nrf52832_xxaa/main.c.o
 .group         0x00000000        0x8 _build/nrf52832_xxaa/main.c.o
 .group         0x00000000        0x8 _build/nrf52832_xxaa/main.c.o
 .group         0x00000000        0x8 _build/nrf52832_xxaa/main.c.o
 .group         0x00000000        0x8 _build/nrf52832_xxaa/main.c.o
 .group         0x00000000        0x8 _build/nrf52832_xxaa/main.c.o
 .group         0x00000000        0x8 _build/nrf52832_xxaa/main.c.o
 .group         0x00000000        0x8 _build/nrf52832_xxaa/main.c.o
 .group         0x00000000        0x8 _build/nrf52832_xxaa/main.c.o
 .group         0x00000000        0x8 _build/nrf52832_xxaa/main.c.o
 .group         0x00000000        0x8 _build/nrf52832_xxaa/main.c.o
 .group         0x00000000        0x8 _build/nrf52832_xxaa/main.c.o
 .group         0x00000000        0x8 _build/nrf52832_xxaa/main.c.o
 .group         0x00000000        0x8 _build/nrf52832_xxaa/main.c.o
 .group         0x00000000        0x8 _build/nrf52832_xxaa/main.c.o
 .group         0x00000000        0x8 _build/nrf52832_xxaa/main.c.o
 .group         0x00000000        0x8 _build/nrf52832_xxaa/main.c.o
 .group         0x00000000        0x8 _build/nrf52832_xxaa/main.c.o
 .group         0x00000000        0x8 _build/nrf52832_xxaa/main.c.o
 .group         0x00000000        0x8 _build/nrf52832_xxaa/main.c.o
 .group         0x00000000        0x8 _build/nrf52832_xxaa/main.c.o
 .group         0x00000000        0x8 _build/nrf52832_xxaa/main.c.o
 .group         0x00000000        0x8 _build/nrf52832_xxaa/main.c.o
 .group         0x00000000        0x8 _build/nrf52832_xxaa/main.c.o
 .group         0x00000000        0x8 _build/nrf52832_xxaa/main.c.o
 .group         0x00000000        0x8 _build/nrf52832_xxaa/main.c.o
 .group         0x00000000        0x8 _build/nrf52832_xxaa/main.c.o
 .group         0x00000000        0x8 _build/nrf52832_xxaa/main.c.o
 .group         0x00000000        0x8 _build/nrf52832_xxaa/main.c.o
 .group         0x00000000        0x8 _build/nrf52832_xxaa/main.c.o
 .text          0x00000000        0x0 _build/nrf52832_xxaa/main.c.o
 .data          0x00000000        0x0 _build/nrf52832_xxaa/main.c.o
 .bss           0x00000000        0x0 _build/nrf52832_xxaa/main.c.o
 .debug_macro   0x00000000      0x8a4 _build/nrf52832_xxaa/main.c.o
 .debug_macro   0x00000000       0x22 _build/nrf52832_xxaa/main.c.o
 .debug_macro   0x00000000       0x22 _build/nrf52832_xxaa/main.c.o
 .debug_macro   0x00000000       0x4f _build/nrf52832_xxaa/main.c.o
 .debug_macro   0x00000000       0x44 _build/nrf52832_xxaa/main.c.o
 .debug_macro   0x00000000       0xfd _build/nrf52832_xxaa/main.c.o
 .debug_macro   0x00000000       0x5e _build/nrf52832_xxaa/main.c.o
 .debug_macro   0x00000000      0x1df _build/nrf52832_xxaa/main.c.o
 .debug_macro   0x00000000       0x22 _build/nrf52832_xxaa/main.c.o
 .debug_macro   0x00000000       0x2d _build/nrf52832_xxaa/main.c.o
 .debug_macro   0x00000000       0x3b _build/nrf52832_xxaa/main.c.o
 .debug_macro   0x00000000       0x50 _build/nrf52832_xxaa/main.c.o
 .debug_macro   0x00000000      0xe66 _build/nrf52832_xxaa/main.c.o
 .debug_macro   0x00000000      0x392 _build/nrf52832_xxaa/main.c.o
 .debug_macro   0x00000000     0xcc94 _build/nrf52832_xxaa/main.c.o
 .debug_macro   0x00000000     0x1313 _build/nrf52832_xxaa/main.c.o
 .debug_macro   0x00000000       0x82 _build/nrf52832_xxaa/main.c.o
 .debug_macro   0x00000000       0x22 _build/nrf52832_xxaa/main.c.o
 .group         0x00000000        0x8 _build/nrf52832_xxaa/boards.c.o
 .group         0x00000000        0x8 _build/nrf52832_xxaa/boards.c.o
 .group         0x00000000        0x8 _build/nrf52832_xxaa/boards.c.o
 .group         0x00000000        0x8 _build/nrf52832_xxaa/boards.c.o
 .group         0x00000000        0x8 _build/nrf52832_xxaa/boards.c.o
 .group         0x00000000        0x8 _build/nrf52832_xxaa/boards.c.o
 .group         0x00000000        0x8 _build/nrf52832_xxaa/boards.c.o
 .group         0x00000000        0x8 _build/nrf52832_xxaa/boards.c.o
 .group         0x00000000        0x8 _build/nrf52832_xxaa/boards.c.o
 .group         0x00000000        0x8 _build/nrf52832_xxaa/boards.c.o
 .group         0x00000000        0x8 _build/nrf52832_xxaa/boards.c.o
 .group         0x00000000        0x8 _build/nrf52832_xxaa/boards.c.o
 .group         0x00000000        0x8 _build/nrf52832_xxaa/boards.c.o
 .group         0x00000000        0x8 _build/nrf52832_xxaa/boards.c.o
 .group         0x00000000        0x8 _build/nrf52832_xxaa/boards.c.o
 .group         0x00000000        0x8 _build/nrf52832_xxaa/boards.c.o
 .group         0x00000000        0x8 _build/nrf52832_xxaa/boards.c.o
 .group         0x00000000        0x8 _build/nrf52832_xxaa/boards.c.o
 .group         0x00000000        0x8 _build/nrf52832_xxaa/boards.c.o
 .group         0x00000000        0x8 _build/nrf52832_xxaa/boards.c.o
 .group         0x00000000        0x8 _build/nrf52832_xxaa/boards.c.o
 .group         0x00000000        0x8 _build/nrf52832_xxaa/boards.c.o
 .group         0x00000000        0x8 _build/nrf52832_xxaa/boards.c.o
 .group         0x00000000        0x8 _build/nrf52832_xxaa/boards.c.o
 .group         0x00000000        0x8 _build/nrf52832_xxaa/boards.c.o
 .group         0x00000000        0x8 _build/nrf52832_xxaa/boards.c.o
 .group         0x00000000        0x8 _build/nrf52832_xxaa/boards.c.o
 .group         0x00000000        0x8 _build/nrf52832_xxaa/boards.c.o
 .group         0x00000000        0x8 _build/nrf52832_xxaa/boards.c.o
 .group         0x00000000        0x8 _build/nrf52832_xxaa/boards.c.o
 .group         0x00000000        0x8 _build/nrf52832_xxaa/boards.c.o
 .group         0x00000000        0x8 _build/nrf52832_xxaa/boards.c.o
 .group         0x00000000        0x8 _build/nrf52832_xxaa/boards.c.o
 .group         0x00000000        0x8 _build/nrf52832_xxaa/boards.c.o
 .group         0x00000000        0x8 _build/nrf52832_xxaa/boards.c.o
 .group         0x00000000        0x8 _build/nrf52832_xxaa/boards.c.o
 .group         0x00000000        0x8 _build/nrf52832_xxaa/boards.c.o
 .group         0x00000000        0x8 _build/nrf52832_xxaa/boards.c.o
 .group         0x00000000        0x8 _build/nrf52832_xxaa/boards.c.o
 .group         0x00000000        0x8 _build/nrf52832_xxaa/boards.c.o
 .group         0x00000000        0x8 _build/nrf52832_xxaa/boards.c.o
 .group         0x00000000        0x8 _build/nrf52832_xxaa/boards.c.o
 .group         0x00000000        0x8 _build/nrf52832_xxaa/boards.c.o
 .group         0x00000000        0x8 _build/nrf52832_xxaa/boards.c.o
 .group         0x00000000        0x8 _build/nrf52832_xxaa/boards.c.o
 .group         0x00000000        0x8 _build/nrf52832_xxaa/boards.c.o
 .group         0x00000000        0x8 _build/nrf52832_xxaa/boards.c.o
 .group         0x00000000        0x8 _build/nrf52832_xxaa/boards.c.o
 .text          0x00000000        0x0 _build/nrf52832_xxaa/boards.c.o
 .data          0x00000000        0x0 _build/nrf52832_xxaa/boards.c.o
 .bss           0x00000000        0x0 _build/nrf52832_xxaa/boards.c.o
 .text.bsp_board_led_state_get
                0x00000000       0x20 _build/nrf52832_xxaa/boards.c.o
 .text.bsp_board_led_on
                0x00000000       0x18 _build/nrf52832_xxaa/boards.c.o
 .text.bsp_board_led_off
                0x00000000       0x18 _build/nrf52832_xxaa/boards.c.o
 .text.bsp_board_leds_off
                0x00000000       0x2c _build/nrf52832_xxaa/boards.c.o
 .text.bsp_board_leds_on
                0x00000000       0x2c _build/nrf52832_xxaa/boards.c.o
 .text.bsp_board_led_invert
                0x00000000       0x28 _build/nrf52832_xxaa/boards.c.o
 .text.bsp_board_led_idx_to_pin
                0x00000000        0xc _build/nrf52832_xxaa/boards.c.o
 .text.bsp_board_pin_to_led_idx
                0x00000000       0x24 _build/nrf52832_xxaa/boards.c.o
 .text.bsp_board_button_state_get
                0x00000000       0x20 _build/nrf52832_xxaa/boards.c.o
 .text.bsp_board_buttons_init
                0x00000000       0x18 _build/nrf52832_xxaa/boards.c.o
 .text.bsp_board_pin_to_button_idx
                0x00000000       0x24 _build/nrf52832_xxaa/boards.c.o
 .text.bsp_board_button_idx_to_pin
                0x00000000        0xc _build/nrf52832_xxaa/boards.c.o
 .rodata.m_board_btn_list
                0x00000000        0x4 _build/nrf52832_xxaa/boards.c.o
 .rodata.m_board_led_list
                0x00000000        0x4 _build/nrf52832_xxaa/boards.c.o
 .debug_macro   0x00000000      0x8a4 _build/nrf52832_xxaa/boards.c.o
 .debug_macro   0x00000000       0x22 _build/nrf52832_xxaa/boards.c.o
 .debug_macro   0x00000000       0x2d _build/nrf52832_xxaa/boards.c.o
 .debug_macro   0x00000000       0x22 _build/nrf52832_xxaa/boards.c.o
 .debug_macro   0x00000000       0x4f _build/nrf52832_xxaa/boards.c.o
 .debug_macro   0x00000000       0x44 _build/nrf52832_xxaa/boards.c.o
 .debug_macro   0x00000000       0xfd _build/nrf52832_xxaa/boards.c.o
 .debug_macro   0x00000000       0x5e _build/nrf52832_xxaa/boards.c.o
 .debug_macro   0x00000000      0x1df _build/nrf52832_xxaa/boards.c.o
 .debug_macro   0x00000000       0x50 _build/nrf52832_xxaa/boards.c.o
 .debug_macro   0x00000000      0xe66 _build/nrf52832_xxaa/boards.c.o
 .debug_macro   0x00000000      0x392 _build/nrf52832_xxaa/boards.c.o
 .debug_macro   0x00000000     0xcc94 _build/nrf52832_xxaa/boards.c.o
 .debug_macro   0x00000000     0x1313 _build/nrf52832_xxaa/boards.c.o
 .debug_macro   0x00000000       0x82 _build/nrf52832_xxaa/boards.c.o
 .debug_macro   0x00000000       0x22 _build/nrf52832_xxaa/boards.c.o
 .debug_macro   0x00000000      0x372 _build/nrf52832_xxaa/boards.c.o
 .debug_macro   0x00000000       0x52 _build/nrf52832_xxaa/boards.c.o
 .debug_macro   0x00000000       0x35 _build/nrf52832_xxaa/boards.c.o
 .debug_macro   0x00000000       0x9c _build/nrf52832_xxaa/boards.c.o
 .debug_macro   0x00000000       0x16 _build/nrf52832_xxaa/boards.c.o
 .debug_macro   0x00000000       0x97 _build/nrf52832_xxaa/boards.c.o
 .debug_macro   0x00000000      0x330 _build/nrf52832_xxaa/boards.c.o
 .debug_macro   0x00000000       0xf6 _build/nrf52832_xxaa/boards.c.o
 .debug_macro   0x00000000       0x10 _build/nrf52832_xxaa/boards.c.o
 .debug_macro   0x00000000       0x52 _build/nrf52832_xxaa/boards.c.o
 .debug_macro   0x00000000       0x1f _build/nrf52832_xxaa/boards.c.o
 .debug_macro   0x00000000       0x43 _build/nrf52832_xxaa/boards.c.o
 .debug_macro   0x00000000       0x20 _build/nrf52832_xxaa/boards.c.o
 .debug_macro   0x00000000      0x187 _build/nrf52832_xxaa/boards.c.o
 .debug_macro   0x00000000       0x10 _build/nrf52832_xxaa/boards.c.o
 .debug_macro   0x00000000       0xb6 _build/nrf52832_xxaa/boards.c.o
 .debug_macro   0x00000000       0x16 _build/nrf52832_xxaa/boards.c.o
 .debug_macro   0x00000000      0x145 _build/nrf52832_xxaa/boards.c.o
 .debug_macro   0x00000000       0x22 _build/nrf52832_xxaa/boards.c.o
 .debug_macro   0x00000000       0x8e _build/nrf52832_xxaa/boards.c.o
 .debug_macro   0x00000000     0x1434 _build/nrf52832_xxaa/boards.c.o
 .debug_macro   0x00000000       0x9b _build/nrf52832_xxaa/boards.c.o
 .debug_macro   0x00000000      0x16d _build/nrf52832_xxaa/boards.c.o
 .debug_macro   0x00000000       0x2b _build/nrf52832_xxaa/boards.c.o
 .debug_macro   0x00000000       0x10 _build/nrf52832_xxaa/boards.c.o
 .debug_macro   0x00000000       0x16 _build/nrf52832_xxaa/boards.c.o
 .debug_macro   0x00000000       0x35 _build/nrf52832_xxaa/boards.c.o
 .debug_macro   0x00000000       0x22 _build/nrf52832_xxaa/boards.c.o
 .debug_macro   0x00000000       0x16 _build/nrf52832_xxaa/boards.c.o
 .debug_macro   0x00000000      0x261 _build/nrf52832_xxaa/boards.c.o
 .debug_macro   0x00000000      0x115 _build/nrf52832_xxaa/boards.c.o
 .group         0x00000000        0x8 _build/nrf52832_xxaa/app_error.c.o
 .group         0x00000000        0x8 _build/nrf52832_xxaa/app_error.c.o
 .group         0x00000000        0x8 _build/nrf52832_xxaa/app_error.c.o
 .group         0x00000000        0x8 _build/nrf52832_xxaa/app_error.c.o
 .group         0x00000000        0x8 _build/nrf52832_xxaa/app_error.c.o
 .group         0x00000000        0x8 _build/nrf52832_xxaa/app_error.c.o
 .group         0x00000000        0x8 _build/nrf52832_xxaa/app_error.c.o
 .group         0x00000000        0x8 _build/nrf52832_xxaa/app_error.c.o
 .group         0x00000000        0x8 _build/nrf52832_xxaa/app_error.c.o
 .group         0x00000000        0x8 _build/nrf52832_xxaa/app_error.c.o
 .group         0x00000000        0x8 _build/nrf52832_xxaa/app_error.c.o
 .group         0x00000000        0x8 _build/nrf52832_xxaa/app_error.c.o
 .group         0x00000000        0x8 _build/nrf52832_xxaa/app_error.c.o
 .group         0x00000000        0x8 _build/nrf52832_xxaa/app_error.c.o
 .group         0x00000000        0x8 _build/nrf52832_xxaa/app_error.c.o
 .group         0x00000000        0x8 _build/nrf52832_xxaa/app_error.c.o
 .group         0x00000000        0x8 _build/nrf52832_xxaa/app_error.c.o
 .group         0x00000000        0x8 _build/nrf52832_xxaa/app_error.c.o
 .group         0x00000000        0x8 _build/nrf52832_xxaa/app_error.c.o
 .group         0x00000000        0x8 _build/nrf52832_xxaa/app_error.c.o
 .group         0x00000000        0x8 _build/nrf52832_xxaa/app_error.c.o
 .group         0x00000000        0x8 _build/nrf52832_xxaa/app_error.c.o
 .group         0x00000000        0x8 _build/nrf52832_xxaa/app_error.c.o
 .group         0x00000000        0x8 _build/nrf52832_xxaa/app_error.c.o
 .group         0x00000000        0x8 _build/nrf52832_xxaa/app_error.c.o
 .group         0x00000000        0x8 _build/nrf52832_xxaa/app_error.c.o
 .group         0x00000000        0x8 _build/nrf52832_xxaa/app_error.c.o
 .group         0x00000000        0x8 _build/nrf52832_xxaa/app_error.c.o
 .group         0x00000000        0x8 _build/nrf52832_xxaa/app_error.c.o
 .group         0x00000000        0x8 _build/nrf52832_xxaa/app_error.c.o
 .group         0x00000000        0x8 _build/nrf52832_xxaa/app_error.c.o
 .group         0x00000000        0x8 _build/nrf52832_xxaa/app_error.c.o
 .group         0x00000000        0x8 _build/nrf52832_xxaa/app_error.c.o
 .group         0x00000000        0x8 _build/nrf52832_xxaa/app_error.c.o
 .group         0x00000000        0x8 _build/nrf52832_xxaa/app_error.c.o
 .group         0x00000000        0x8 _build/nrf52832_xxaa/app_error.c.o
 .group         0x00000000        0x8 _build/nrf52832_xxaa/app_error.c.o
 .group         0x00000000        0x8 _build/nrf52832_xxaa/app_error.c.o
 .group         0x00000000        0x8 _build/nrf52832_xxaa/app_error.c.o
 .group         0x00000000        0x8 _build/nrf52832_xxaa/app_error.c.o
 .text          0x00000000        0x0 _build/nrf52832_xxaa/app_error.c.o
 .data          0x00000000        0x0 _build/nrf52832_xxaa/app_error.c.o
 .bss           0x00000000        0x0 _build/nrf52832_xxaa/app_error.c.o
 .text.app_error_handler
                0x00000000       0x20 _build/nrf52832_xxaa/app_error.c.o
 .text.app_error_handler_bare
                0x00000000       0x20 _build/nrf52832_xxaa/app_error.c.o
 .text.app_error_save_and_stop
                0x00000000       0x64 _build/nrf52832_xxaa/app_error.c.o
 .bss.m_error_data.6532
                0x00000000       0x20 _build/nrf52832_xxaa/app_error.c.o
 .debug_info    0x00000000      0x339 _build/nrf52832_xxaa/app_error.c.o
 .debug_abbrev  0x00000000      0x129 _build/nrf52832_xxaa/app_error.c.o
 .debug_loc     0x00000000      0x145 _build/nrf52832_xxaa/app_error.c.o
 .debug_aranges
                0x00000000       0x30 _build/nrf52832_xxaa/app_error.c.o
 .debug_ranges  0x00000000       0x20 _build/nrf52832_xxaa/app_error.c.o
 .debug_macro   0x00000000      0x21e _build/nrf52832_xxaa/app_error.c.o
 .debug_macro   0x00000000      0x8a4 _build/nrf52832_xxaa/app_error.c.o
 .debug_macro   0x00000000       0x22 _build/nrf52832_xxaa/app_error.c.o
 .debug_macro   0x00000000       0x2d _build/nrf52832_xxaa/app_error.c.o
 .debug_macro   0x00000000       0x22 _build/nrf52832_xxaa/app_error.c.o
 .debug_macro   0x00000000       0x4f _build/nrf52832_xxaa/app_error.c.o
 .debug_macro   0x00000000       0x44 _build/nrf52832_xxaa/app_error.c.o
 .debug_macro   0x00000000       0xfd _build/nrf52832_xxaa/app_error.c.o
 .debug_macro   0x00000000       0x5e _build/nrf52832_xxaa/app_error.c.o
 .debug_macro   0x00000000      0x1df _build/nrf52832_xxaa/app_error.c.o
 .debug_macro   0x00000000       0x35 _build/nrf52832_xxaa/app_error.c.o
 .debug_macro   0x00000000       0x50 _build/nrf52832_xxaa/app_error.c.o
 .debug_macro   0x00000000      0xe66 _build/nrf52832_xxaa/app_error.c.o
 .debug_macro   0x00000000      0x392 _build/nrf52832_xxaa/app_error.c.o
 .debug_macro   0x00000000     0xcc94 _build/nrf52832_xxaa/app_error.c.o
 .debug_macro   0x00000000     0x1313 _build/nrf52832_xxaa/app_error.c.o
 .debug_macro   0x00000000       0x82 _build/nrf52832_xxaa/app_error.c.o
 .debug_macro   0x00000000       0x22 _build/nrf52832_xxaa/app_error.c.o
 .debug_macro   0x00000000       0x52 _build/nrf52832_xxaa/app_error.c.o
 .debug_macro   0x00000000       0x35 _build/nrf52832_xxaa/app_error.c.o
 .debug_macro   0x00000000       0x9c _build/nrf52832_xxaa/app_error.c.o
 .debug_macro   0x00000000       0x16 _build/nrf52832_xxaa/app_error.c.o
 .debug_macro   0x00000000       0x97 _build/nrf52832_xxaa/app_error.c.o
 .debug_macro   0x00000000      0x330 _build/nrf52832_xxaa/app_error.c.o
 .debug_macro   0x00000000       0xf6 _build/nrf52832_xxaa/app_error.c.o
 .debug_macro   0x00000000       0x10 _build/nrf52832_xxaa/app_error.c.o
 .debug_macro   0x00000000       0x52 _build/nrf52832_xxaa/app_error.c.o
 .debug_macro   0x00000000       0x1f _build/nrf52832_xxaa/app_error.c.o
 .debug_macro   0x00000000       0x43 _build/nrf52832_xxaa/app_error.c.o
 .debug_macro   0x00000000       0x20 _build/nrf52832_xxaa/app_error.c.o
 .debug_macro   0x00000000      0x187 _build/nrf52832_xxaa/app_error.c.o
 .debug_macro   0x00000000       0x10 _build/nrf52832_xxaa/app_error.c.o
 .debug_macro   0x00000000       0xb6 _build/nrf52832_xxaa/app_error.c.o
 .debug_macro   0x00000000       0x16 _build/nrf52832_xxaa/app_error.c.o
 .debug_macro   0x00000000      0x145 _build/nrf52832_xxaa/app_error.c.o
 .debug_macro   0x00000000       0x22 _build/nrf52832_xxaa/app_error.c.o
 .debug_macro   0x00000000       0x8e _build/nrf52832_xxaa/app_error.c.o
 .debug_macro   0x00000000     0x1434 _build/nrf52832_xxaa/app_error.c.o
 .debug_macro   0x00000000       0x9b _build/nrf52832_xxaa/app_error.c.o
 .debug_macro   0x00000000      0x16d _build/nrf52832_xxaa/app_error.c.o
 .debug_macro   0x00000000       0x2b _build/nrf52832_xxaa/app_error.c.o
 .debug_line    0x00000000      0x4f6 _build/nrf52832_xxaa/app_error.c.o
 .debug_str     0x00000000    0x648ac _build/nrf52832_xxaa/app_error.c.o
 .comment       0x00000000       0x6f _build/nrf52832_xxaa/app_error.c.o
 .debug_frame   0x00000000       0x70 _build/nrf52832_xxaa/app_error.c.o
 .ARM.attributes
                0x00000000       0x39 _build/nrf52832_xxaa/app_error.c.o
 .group         0x00000000        0x8 _build/nrf52832_xxaa/app_error_weak.c.o
 .group         0x00000000        0x8 _build/nrf52832_xxaa/app_error_weak.c.o
 .group         0x00000000        0x8 _build/nrf52832_xxaa/app_error_weak.c.o
 .group         0x00000000        0x8 _build/nrf52832_xxaa/app_error_weak.c.o
 .group         0x00000000        0x8 _build/nrf52832_xxaa/app_error_weak.c.o
 .group         0x00000000        0x8 _build/nrf52832_xxaa/app_error_weak.c.o
 .group         0x00000000        0x8 _build/nrf52832_xxaa/app_error_weak.c.o
 .group         0x00000000        0x8 _build/nrf52832_xxaa/app_error_weak.c.o
 .group         0x00000000        0x8 _build/nrf52832_xxaa/app_error_weak.c.o
 .group         0x00000000        0x8 _build/nrf52832_xxaa/app_error_weak.c.o
 .group         0x00000000        0x8 _build/nrf52832_xxaa/app_error_weak.c.o
 .group         0x00000000        0x8 _build/nrf52832_xxaa/app_error_weak.c.o
 .group         0x00000000        0x8 _build/nrf52832_xxaa/app_error_weak.c.o
 .group         0x00000000        0x8 _build/nrf52832_xxaa/app_error_weak.c.o
 .group         0x00000000        0x8 _build/nrf52832_xxaa/app_error_weak.c.o
 .group         0x00000000        0x8 _build/nrf52832_xxaa/app_error_weak.c.o
 .group         0x00000000        0x8 _build/nrf52832_xxaa/app_error_weak.c.o
 .group         0x00000000        0x8 _build/nrf52832_xxaa/app_error_weak.c.o
 .group         0x00000000        0x8 _build/nrf52832_xxaa/app_error_weak.c.o
 .group         0x00000000        0x8 _build/nrf52832_xxaa/app_error_weak.c.o
 .group         0x00000000        0x8 _build/nrf52832_xxaa/app_error_weak.c.o
 .group         0x00000000        0x8 _build/nrf52832_xxaa/app_error_weak.c.o
 .group         0x00000000        0x8 _build/nrf52832_xxaa/app_error_weak.c.o
 .group         0x00000000        0x8 _build/nrf52832_xxaa/app_error_weak.c.o
 .group         0x00000000        0x8 _build/nrf52832_xxaa/app_error_weak.c.o
 .group         0x00000000        0x8 _build/nrf52832_xxaa/app_error_weak.c.o
 .group         0x00000000        0x8 _build/nrf52832_xxaa/app_error_weak.c.o
 .group         0x00000000        0x8 _build/nrf52832_xxaa/app_error_weak.c.o
 .group         0x00000000        0x8 _build/nrf52832_xxaa/app_error_weak.c.o
 .group         0x00000000        0x8 _build/nrf52832_xxaa/app_error_weak.c.o
 .group         0x00000000        0x8 _build/nrf52832_xxaa/app_error_weak.c.o
 .group         0x00000000        0x8 _build/nrf52832_xxaa/app_error_weak.c.o
 .group         0x00000000        0x8 _build/nrf52832_xxaa/app_error_weak.c.o
 .group         0x00000000        0x8 _build/nrf52832_xxaa/app_error_weak.c.o
 .group         0x00000000        0x8 _build/nrf52832_xxaa/app_error_weak.c.o
 .group         0x00000000        0x8 _build/nrf52832_xxaa/app_error_weak.c.o
 .group         0x00000000        0x8 _build/nrf52832_xxaa/app_error_weak.c.o
 .group         0x00000000        0x8 _build/nrf52832_xxaa/app_error_weak.c.o
 .group         0x00000000        0x8 _build/nrf52832_xxaa/app_error_weak.c.o
 .group         0x00000000        0x8 _build/nrf52832_xxaa/app_error_weak.c.o
 .group         0x00000000        0x8 _build/nrf52832_xxaa/app_error_weak.c.o
 .group         0x00000000        0x8 _build/nrf52832_xxaa/app_error_weak.c.o
 .group         0x00000000        0x8 _build/nrf52832_xxaa/app_error_weak.c.o
 .group         0x00000000        0x8 _build/nrf52832_xxaa/app_error_weak.c.o
 .group         0x00000000        0x8 _build/nrf52832_xxaa/app_error_weak.c.o
 .group         0x00000000        0x8 _build/nrf52832_xxaa/app_error_weak.c.o
 .group         0x00000000        0x8 _build/nrf52832_xxaa/app_error_weak.c.o
 .group         0x00000000        0x8 _build/nrf52832_xxaa/app_error_weak.c.o
 .group         0x00000000        0x8 _build/nrf52832_xxaa/app_error_weak.c.o
 .group         0x00000000        0x8 _build/nrf52832_xxaa/app_error_weak.c.o
 .group         0x00000000        0x8 _build/nrf52832_xxaa/app_error_weak.c.o
 .group         0x00000000        0x8 _build/nrf52832_xxaa/app_error_weak.c.o
 .group         0x00000000        0x8 _build/nrf52832_xxaa/app_error_weak.c.o
 .group         0x00000000        0x8 _build/nrf52832_xxaa/app_error_weak.c.o
 .group         0x00000000        0x8 _build/nrf52832_xxaa/app_error_weak.c.o
 .group         0x00000000        0x8 _build/nrf52832_xxaa/app_error_weak.c.o
 .group         0x00000000        0x8 _build/nrf52832_xxaa/app_error_weak.c.o
 .text          0x00000000        0x0 _build/nrf52832_xxaa/app_error_weak.c.o
 .data          0x00000000        0x0 _build/nrf52832_xxaa/app_error_weak.c.o
 .bss           0x00000000        0x0 _build/nrf52832_xxaa/app_error_weak.c.o
 .text.app_error_fault_handler
                0x00000000       0x30 _build/nrf52832_xxaa/app_error_weak.c.o
 .debug_info    0x00000000      0x37b _build/nrf52832_xxaa/app_error_weak.c.o
 .debug_abbrev  0x00000000      0x13a _build/nrf52832_xxaa/app_error_weak.c.o
 .debug_loc     0x00000000       0x42 _build/nrf52832_xxaa/app_error_weak.c.o
 .debug_aranges
                0x00000000       0x20 _build/nrf52832_xxaa/app_error_weak.c.o
 .debug_ranges  0x00000000       0x10 _build/nrf52832_xxaa/app_error_weak.c.o
 .debug_macro   0x00000000      0x32d _build/nrf52832_xxaa/app_error_weak.c.o
 .debug_macro   0x00000000      0x8a4 _build/nrf52832_xxaa/app_error_weak.c.o
 .debug_macro   0x00000000       0x22 _build/nrf52832_xxaa/app_error_weak.c.o
 .debug_macro   0x00000000       0x4f _build/nrf52832_xxaa/app_error_weak.c.o
 .debug_macro   0x00000000       0x44 _build/nrf52832_xxaa/app_error_weak.c.o
 .debug_macro   0x00000000       0xfd _build/nrf52832_xxaa/app_error_weak.c.o
 .debug_macro   0x00000000       0x5e _build/nrf52832_xxaa/app_error_weak.c.o
 .debug_macro   0x00000000      0x1df _build/nrf52832_xxaa/app_error_weak.c.o
 .debug_macro   0x00000000       0x52 _build/nrf52832_xxaa/app_error_weak.c.o
 .debug_macro   0x00000000       0x35 _build/nrf52832_xxaa/app_error_weak.c.o
 .debug_macro   0x00000000       0x9c _build/nrf52832_xxaa/app_error_weak.c.o
 .debug_macro   0x00000000       0x16 _build/nrf52832_xxaa/app_error_weak.c.o
 .debug_macro   0x00000000       0x97 _build/nrf52832_xxaa/app_error_weak.c.o
 .debug_macro   0x00000000      0x330 _build/nrf52832_xxaa/app_error_weak.c.o
 .debug_macro   0x00000000       0xf6 _build/nrf52832_xxaa/app_error_weak.c.o
 .debug_macro   0x00000000       0x10 _build/nrf52832_xxaa/app_error_weak.c.o
 .debug_macro   0x00000000       0x52 _build/nrf52832_xxaa/app_error_weak.c.o
 .debug_macro   0x00000000       0x1f _build/nrf52832_xxaa/app_error_weak.c.o
 .debug_macro   0x00000000       0x43 _build/nrf52832_xxaa/app_error_weak.c.o
 .debug_macro   0x00000000       0x20 _build/nrf52832_xxaa/app_error_weak.c.o
 .debug_macro   0x00000000      0x187 _build/nrf52832_xxaa/app_error_weak.c.o
 .debug_macro   0x00000000       0x10 _build/nrf52832_xxaa/app_error_weak.c.o
 .debug_macro   0x00000000       0xb6 _build/nrf52832_xxaa/app_error_weak.c.o
 .debug_macro   0x00000000       0x16 _build/nrf52832_xxaa/app_error_weak.c.o
 .debug_macro   0x00000000      0x145 _build/nrf52832_xxaa/app_error_weak.c.o
 .debug_macro   0x00000000       0x22 _build/nrf52832_xxaa/app_error_weak.c.o
 .debug_macro   0x00000000       0x22 _build/nrf52832_xxaa/app_error_weak.c.o
 .debug_macro   0x00000000       0x2d _build/nrf52832_xxaa/app_error_weak.c.o
 .debug_macro   0x00000000       0x3b _build/nrf52832_xxaa/app_error_weak.c.o
 .debug_macro   0x00000000       0x50 _build/nrf52832_xxaa/app_error_weak.c.o
 .debug_macro   0x00000000      0xe66 _build/nrf52832_xxaa/app_error_weak.c.o
 .debug_macro   0x00000000      0x392 _build/nrf52832_xxaa/app_error_weak.c.o
 .debug_macro   0x00000000     0xcc94 _build/nrf52832_xxaa/app_error_weak.c.o
 .debug_macro   0x00000000     0x1313 _build/nrf52832_xxaa/app_error_weak.c.o
 .debug_macro   0x00000000       0x82 _build/nrf52832_xxaa/app_error_weak.c.o
 .debug_macro   0x00000000       0x22 _build/nrf52832_xxaa/app_error_weak.c.o
 .debug_macro   0x00000000       0x8e _build/nrf52832_xxaa/app_error_weak.c.o
 .debug_macro   0x00000000     0x1434 _build/nrf52832_xxaa/app_error_weak.c.o
 .debug_macro   0x00000000       0x9b _build/nrf52832_xxaa/app_error_weak.c.o
 .debug_macro   0x00000000      0x16d _build/nrf52832_xxaa/app_error_weak.c.o
 .debug_macro   0x00000000       0x2b _build/nrf52832_xxaa/app_error_weak.c.o
 .debug_macro   0x00000000       0x16 _build/nrf52832_xxaa/app_error_weak.c.o
 .debug_macro   0x00000000       0x35 _build/nrf52832_xxaa/app_error_weak.c.o
 .debug_macro   0x00000000       0x22 _build/nrf52832_xxaa/app_error_weak.c.o
 .debug_macro   0x00000000      0x49d _build/nrf52832_xxaa/app_error_weak.c.o
 .debug_macro   0x00000000       0x4b _build/nrf52832_xxaa/app_error_weak.c.o
 .debug_macro   0x00000000       0x31 _build/nrf52832_xxaa/app_error_weak.c.o
 .debug_macro   0x00000000       0x10 _build/nrf52832_xxaa/app_error_weak.c.o
 .debug_macro   0x00000000      0x167 _build/nrf52832_xxaa/app_error_weak.c.o
 .debug_macro   0x00000000       0x68 _build/nrf52832_xxaa/app_error_weak.c.o
 .debug_macro   0x00000000       0x28 _build/nrf52832_xxaa/app_error_weak.c.o
 .debug_macro   0x00000000       0x16 _build/nrf52832_xxaa/app_error_weak.c.o
 .debug_macro   0x00000000       0x22 _build/nrf52832_xxaa/app_error_weak.c.o
 .debug_macro   0x00000000       0x16 _build/nrf52832_xxaa/app_error_weak.c.o
 .debug_macro   0x00000000       0x7e _build/nrf52832_xxaa/app_error_weak.c.o
 .debug_macro   0x00000000       0x8c _build/nrf52832_xxaa/app_error_weak.c.o
 .debug_macro   0x00000000       0x10 _build/nrf52832_xxaa/app_error_weak.c.o
 .debug_macro   0x00000000       0x1c _build/nrf52832_xxaa/app_error_weak.c.o
 .debug_line    0x00000000      0x70b _build/nrf52832_xxaa/app_error_weak.c.o
 .debug_str     0x00000000    0x6bb89 _build/nrf52832_xxaa/app_error_weak.c.o
 .comment       0x00000000       0x6f _build/nrf52832_xxaa/app_error_weak.c.o
 .debug_frame   0x00000000       0x20 _build/nrf52832_xxaa/app_error_weak.c.o
 .ARM.attributes
                0x00000000       0x39 _build/nrf52832_xxaa/app_error_weak.c.o
 .group         0x00000000        0x8 _build/nrf52832_xxaa/app_util_platform.c.o
 .group         0x00000000        0x8 _build/nrf52832_xxaa/app_util_platform.c.o
 .group         0x00000000        0x8 _build/nrf52832_xxaa/app_util_platform.c.o
 .group         0x00000000        0x8 _build/nrf52832_xxaa/app_util_platform.c.o
 .group         0x00000000        0x8 _build/nrf52832_xxaa/app_util_platform.c.o
 .group         0x00000000        0x8 _build/nrf52832_xxaa/app_util_platform.c.o
 .group         0x00000000        0x8 _build/nrf52832_xxaa/app_util_platform.c.o
 .group         0x00000000        0x8 _build/nrf52832_xxaa/app_util_platform.c.o
 .group         0x00000000        0x8 _build/nrf52832_xxaa/app_util_platform.c.o
 .group         0x00000000        0x8 _build/nrf52832_xxaa/app_util_platform.c.o
 .group         0x00000000        0x8 _build/nrf52832_xxaa/app_util_platform.c.o
 .group         0x00000000        0x8 _build/nrf52832_xxaa/app_util_platform.c.o
 .group         0x00000000        0x8 _build/nrf52832_xxaa/app_util_platform.c.o
 .group         0x00000000        0x8 _build/nrf52832_xxaa/app_util_platform.c.o
 .group         0x00000000        0x8 _build/nrf52832_xxaa/app_util_platform.c.o
 .group         0x00000000        0x8 _build/nrf52832_xxaa/app_util_platform.c.o
 .group         0x00000000        0x8 _build/nrf52832_xxaa/app_util_platform.c.o
 .group         0x00000000        0x8 _build/nrf52832_xxaa/app_util_platform.c.o
 .group         0x00000000        0x8 _build/nrf52832_xxaa/app_util_platform.c.o
 .group         0x00000000        0x8 _build/nrf52832_xxaa/app_util_platform.c.o
 .group         0x00000000        0x8 _build/nrf52832_xxaa/app_util_platform.c.o
 .group         0x00000000        0x8 _build/nrf52832_xxaa/app_util_platform.c.o
 .group         0x00000000        0x8 _build/nrf52832_xxaa/app_util_platform.c.o
 .group         0x00000000        0x8 _build/nrf52832_xxaa/app_util_platform.c.o
 .group         0x00000000        0x8 _build/nrf52832_xxaa/app_util_platform.c.o
 .group         0x00000000        0x8 _build/nrf52832_xxaa/app_util_platform.c.o
 .group         0x00000000        0x8 _build/nrf52832_xxaa/app_util_platform.c.o
 .group         0x00000000        0x8 _build/nrf52832_xxaa/app_util_platform.c.o
 .group         0x00000000        0x8 _build/nrf52832_xxaa/app_util_platform.c.o
 .group         0x00000000        0x8 _build/nrf52832_xxaa/app_util_platform.c.o
 .group         0x00000000        0x8 _build/nrf52832_xxaa/app_util_platform.c.o
 .group         0x00000000        0x8 _build/nrf52832_xxaa/app_util_platform.c.o
 .group         0x00000000        0x8 _build/nrf52832_xxaa/app_util_platform.c.o
 .group         0x00000000        0x8 _build/nrf52832_xxaa/app_util_platform.c.o
 .group         0x00000000        0x8 _build/nrf52832_xxaa/app_util_platform.c.o
 .group         0x00000000        0x8 _build/nrf52832_xxaa/app_util_platform.c.o
 .group         0x00000000        0x8 _build/nrf52832_xxaa/app_util_platform.c.o
 .group         0x00000000        0x8 _build/nrf52832_xxaa/app_util_platform.c.o
 .group         0x00000000        0x8 _build/nrf52832_xxaa/app_util_platform.c.o
 .group         0x00000000        0x8 _build/nrf52832_xxaa/app_util_platform.c.o
 .group         0x00000000        0x8 _build/nrf52832_xxaa/app_util_platform.c.o
 .group         0x00000000        0x8 _build/nrf52832_xxaa/app_util_platform.c.o
 .text          0x00000000        0x0 _build/nrf52832_xxaa/app_util_platform.c.o
 .data          0x00000000        0x0 _build/nrf52832_xxaa/app_util_platform.c.o
 .bss           0x00000000        0x0 _build/nrf52832_xxaa/app_util_platform.c.o
 .text.app_util_disable_irq
                0x00000000       0x10 _build/nrf52832_xxaa/app_util_platform.c.o
 .text.app_util_enable_irq
                0x00000000       0x14 _build/nrf52832_xxaa/app_util_platform.c.o
 .text.app_util_critical_region_enter
                0x00000000       0x10 _build/nrf52832_xxaa/app_util_platform.c.o
 .text.app_util_critical_region_exit
                0x00000000       0x14 _build/nrf52832_xxaa/app_util_platform.c.o
 .text.privilege_level_get
                0x00000000       0x1c _build/nrf52832_xxaa/app_util_platform.c.o
 .text.current_int_priority_get
                0x00000000       0x3c _build/nrf52832_xxaa/app_util_platform.c.o
 .bss.m_in_critical_region
                0x00000000        0x4 _build/nrf52832_xxaa/app_util_platform.c.o
 .debug_info    0x00000000      0x79c _build/nrf52832_xxaa/app_util_platform.c.o
 .debug_abbrev  0x00000000      0x22d _build/nrf52832_xxaa/app_util_platform.c.o
 .debug_loc     0x00000000       0xa0 _build/nrf52832_xxaa/app_util_platform.c.o
 .debug_aranges
                0x00000000       0x48 _build/nrf52832_xxaa/app_util_platform.c.o
 .debug_ranges  0x00000000       0x50 _build/nrf52832_xxaa/app_util_platform.c.o
 .debug_macro   0x00000000      0x23a _build/nrf52832_xxaa/app_util_platform.c.o
 .debug_macro   0x00000000      0x8a4 _build/nrf52832_xxaa/app_util_platform.c.o
 .debug_macro   0x00000000       0x22 _build/nrf52832_xxaa/app_util_platform.c.o
 .debug_macro   0x00000000       0x4f _build/nrf52832_xxaa/app_util_platform.c.o
 .debug_macro   0x00000000       0x44 _build/nrf52832_xxaa/app_util_platform.c.o
 .debug_macro   0x00000000       0xfd _build/nrf52832_xxaa/app_util_platform.c.o
 .debug_macro   0x00000000       0x5e _build/nrf52832_xxaa/app_util_platform.c.o
 .debug_macro   0x00000000      0x1df _build/nrf52832_xxaa/app_util_platform.c.o
 .debug_macro   0x00000000       0x2e _build/nrf52832_xxaa/app_util_platform.c.o
 .debug_macro   0x00000000       0x22 _build/nrf52832_xxaa/app_util_platform.c.o
 .debug_macro   0x00000000       0x2d _build/nrf52832_xxaa/app_util_platform.c.o
 .debug_macro   0x00000000       0x3b _build/nrf52832_xxaa/app_util_platform.c.o
 .debug_macro   0x00000000       0x50 _build/nrf52832_xxaa/app_util_platform.c.o
 .debug_macro   0x00000000      0xe66 _build/nrf52832_xxaa/app_util_platform.c.o
 .debug_macro   0x00000000      0x392 _build/nrf52832_xxaa/app_util_platform.c.o
 .debug_macro   0x00000000     0xcc94 _build/nrf52832_xxaa/app_util_platform.c.o
 .debug_macro   0x00000000     0x1313 _build/nrf52832_xxaa/app_util_platform.c.o
 .debug_macro   0x00000000       0x82 _build/nrf52832_xxaa/app_util_platform.c.o
 .debug_macro   0x00000000       0x52 _build/nrf52832_xxaa/app_util_platform.c.o
 .debug_macro   0x00000000       0x35 _build/nrf52832_xxaa/app_util_platform.c.o
 .debug_macro   0x00000000       0x9c _build/nrf52832_xxaa/app_util_platform.c.o
 .debug_macro   0x00000000       0x16 _build/nrf52832_xxaa/app_util_platform.c.o
 .debug_macro   0x00000000       0x97 _build/nrf52832_xxaa/app_util_platform.c.o
 .debug_macro   0x00000000      0x330 _build/nrf52832_xxaa/app_util_platform.c.o
 .debug_macro   0x00000000       0xf6 _build/nrf52832_xxaa/app_util_platform.c.o
 .debug_macro   0x00000000       0x10 _build/nrf52832_xxaa/app_util_platform.c.o
 .debug_macro   0x00000000       0x52 _build/nrf52832_xxaa/app_util_platform.c.o
 .debug_macro   0x00000000       0x1f _build/nrf52832_xxaa/app_util_platform.c.o
 .debug_macro   0x00000000       0x43 _build/nrf52832_xxaa/app_util_platform.c.o
 .debug_macro   0x00000000       0x20 _build/nrf52832_xxaa/app_util_platform.c.o
 .debug_macro   0x00000000      0x187 _build/nrf52832_xxaa/app_util_platform.c.o
 .debug_macro   0x00000000       0x10 _build/nrf52832_xxaa/app_util_platform.c.o
 .debug_macro   0x00000000       0xb6 _build/nrf52832_xxaa/app_util_platform.c.o
 .debug_macro   0x00000000       0x16 _build/nrf52832_xxaa/app_util_platform.c.o
 .debug_macro   0x00000000      0x145 _build/nrf52832_xxaa/app_util_platform.c.o
 .debug_macro   0x00000000       0x22 _build/nrf52832_xxaa/app_util_platform.c.o
 .debug_macro   0x00000000       0x8e _build/nrf52832_xxaa/app_util_platform.c.o
 .debug_macro   0x00000000     0x1434 _build/nrf52832_xxaa/app_util_platform.c.o
 .debug_macro   0x00000000       0x9b _build/nrf52832_xxaa/app_util_platform.c.o
 .debug_macro   0x00000000      0x16d _build/nrf52832_xxaa/app_util_platform.c.o
 .debug_macro   0x00000000       0x2b _build/nrf52832_xxaa/app_util_platform.c.o
 .debug_macro   0x00000000       0x10 _build/nrf52832_xxaa/app_util_platform.c.o
 .debug_macro   0x00000000       0x7e _build/nrf52832_xxaa/app_util_platform.c.o
 .debug_line    0x00000000      0x56f _build/nrf52832_xxaa/app_util_platform.c.o
 .debug_str     0x00000000    0x64fbe _build/nrf52832_xxaa/app_util_platform.c.o
 .comment       0x00000000       0x6f _build/nrf52832_xxaa/app_util_platform.c.o
 .debug_frame   0x00000000       0x70 _build/nrf52832_xxaa/app_util_platform.c.o
 .ARM.attributes
                0x00000000       0x39 _build/nrf52832_xxaa/app_util_platform.c.o
 .group         0x00000000        0x8 _build/nrf52832_xxaa/nrf_assert.c.o
 .group         0x00000000        0x8 _build/nrf52832_xxaa/nrf_assert.c.o
 .group         0x00000000        0x8 _build/nrf52832_xxaa/nrf_assert.c.o
 .group         0x00000000        0x8 _build/nrf52832_xxaa/nrf_assert.c.o
 .group         0x00000000        0x8 _build/nrf52832_xxaa/nrf_assert.c.o
 .group         0x00000000        0x8 _build/nrf52832_xxaa/nrf_assert.c.o
 .group         0x00000000        0x8 _build/nrf52832_xxaa/nrf_assert.c.o
 .group         0x00000000        0x8 _build/nrf52832_xxaa/nrf_assert.c.o
 .group         0x00000000        0x8 _build/nrf52832_xxaa/nrf_assert.c.o
 .group         0x00000000        0x8 _build/nrf52832_xxaa/nrf_assert.c.o
 .group         0x00000000        0x8 _build/nrf52832_xxaa/nrf_assert.c.o
 .group         0x00000000        0x8 _build/nrf52832_xxaa/nrf_assert.c.o
 .group         0x00000000        0x8 _build/nrf52832_xxaa/nrf_assert.c.o
 .group         0x00000000        0x8 _build/nrf52832_xxaa/nrf_assert.c.o
 .group         0x00000000        0x8 _build/nrf52832_xxaa/nrf_assert.c.o
 .group         0x00000000        0x8 _build/nrf52832_xxaa/nrf_assert.c.o
 .group         0x00000000        0x8 _build/nrf52832_xxaa/nrf_assert.c.o
 .group         0x00000000        0x8 _build/nrf52832_xxaa/nrf_assert.c.o
 .group         0x00000000        0x8 _build/nrf52832_xxaa/nrf_assert.c.o
 .group         0x00000000        0x8 _build/nrf52832_xxaa/nrf_assert.c.o
 .group         0x00000000        0x8 _build/nrf52832_xxaa/nrf_assert.c.o
 .group         0x00000000        0x8 _build/nrf52832_xxaa/nrf_assert.c.o
 .group         0x00000000        0x8 _build/nrf52832_xxaa/nrf_assert.c.o
 .group         0x00000000        0x8 _build/nrf52832_xxaa/nrf_assert.c.o
 .group         0x00000000        0x8 _build/nrf52832_xxaa/nrf_assert.c.o
 .group         0x00000000        0x8 _build/nrf52832_xxaa/nrf_assert.c.o
 .group         0x00000000        0x8 _build/nrf52832_xxaa/nrf_assert.c.o
 .group         0x00000000        0x8 _build/nrf52832_xxaa/nrf_assert.c.o
 .group         0x00000000        0x8 _build/nrf52832_xxaa/nrf_assert.c.o
 .group         0x00000000        0x8 _build/nrf52832_xxaa/nrf_assert.c.o
 .group         0x00000000        0x8 _build/nrf52832_xxaa/nrf_assert.c.o
 .group         0x00000000        0x8 _build/nrf52832_xxaa/nrf_assert.c.o
 .group         0x00000000        0x8 _build/nrf52832_xxaa/nrf_assert.c.o
 .group         0x00000000        0x8 _build/nrf52832_xxaa/nrf_assert.c.o
 .group         0x00000000        0x8 _build/nrf52832_xxaa/nrf_assert.c.o
 .group         0x00000000        0x8 _build/nrf52832_xxaa/nrf_assert.c.o
 .group         0x00000000        0x8 _build/nrf52832_xxaa/nrf_assert.c.o
 .group         0x00000000        0x8 _build/nrf52832_xxaa/nrf_assert.c.o
 .group         0x00000000        0x8 _build/nrf52832_xxaa/nrf_assert.c.o
 .group         0x00000000        0x8 _build/nrf52832_xxaa/nrf_assert.c.o
 .group         0x00000000        0x8 _build/nrf52832_xxaa/nrf_assert.c.o
 .text          0x00000000        0x0 _build/nrf52832_xxaa/nrf_assert.c.o
 .data          0x00000000        0x0 _build/nrf52832_xxaa/nrf_assert.c.o
 .bss           0x00000000        0x0 _build/nrf52832_xxaa/nrf_assert.c.o
 .text.assert_nrf_callback
                0x00000000       0x1c _build/nrf52832_xxaa/nrf_assert.c.o
 .debug_info    0x00000000      0x187 _build/nrf52832_xxaa/nrf_assert.c.o
 .debug_abbrev  0x00000000       0xde _build/nrf52832_xxaa/nrf_assert.c.o
 .debug_loc     0x00000000       0x5a _build/nrf52832_xxaa/nrf_assert.c.o
 .debug_aranges
                0x00000000       0x20 _build/nrf52832_xxaa/nrf_assert.c.o
 .debug_ranges  0x00000000       0x10 _build/nrf52832_xxaa/nrf_assert.c.o
 .debug_macro   0x00000000      0x227 _build/nrf52832_xxaa/nrf_assert.c.o
 .debug_macro   0x00000000      0x8a4 _build/nrf52832_xxaa/nrf_assert.c.o
 .debug_macro   0x00000000       0x22 _build/nrf52832_xxaa/nrf_assert.c.o
 .debug_macro   0x00000000       0x4f _build/nrf52832_xxaa/nrf_assert.c.o
 .debug_macro   0x00000000       0x44 _build/nrf52832_xxaa/nrf_assert.c.o
 .debug_macro   0x00000000       0xfd _build/nrf52832_xxaa/nrf_assert.c.o
 .debug_macro   0x00000000       0x5e _build/nrf52832_xxaa/nrf_assert.c.o
 .debug_macro   0x00000000      0x1df _build/nrf52832_xxaa/nrf_assert.c.o
 .debug_macro   0x00000000       0x22 _build/nrf52832_xxaa/nrf_assert.c.o
 .debug_macro   0x00000000       0x2d _build/nrf52832_xxaa/nrf_assert.c.o
 .debug_macro   0x00000000       0x3b _build/nrf52832_xxaa/nrf_assert.c.o
 .debug_macro   0x00000000       0x50 _build/nrf52832_xxaa/nrf_assert.c.o
 .debug_macro   0x00000000      0xe66 _build/nrf52832_xxaa/nrf_assert.c.o
 .debug_macro   0x00000000      0x392 _build/nrf52832_xxaa/nrf_assert.c.o
 .debug_macro   0x00000000     0xcc94 _build/nrf52832_xxaa/nrf_assert.c.o
 .debug_macro   0x00000000     0x1313 _build/nrf52832_xxaa/nrf_assert.c.o
 .debug_macro   0x00000000       0x82 _build/nrf52832_xxaa/nrf_assert.c.o
 .debug_macro   0x00000000       0x22 _build/nrf52832_xxaa/nrf_assert.c.o
 .debug_macro   0x00000000       0x52 _build/nrf52832_xxaa/nrf_assert.c.o
 .debug_macro   0x00000000       0x35 _build/nrf52832_xxaa/nrf_assert.c.o
 .debug_macro   0x00000000       0x9c _build/nrf52832_xxaa/nrf_assert.c.o
 .debug_macro   0x00000000       0x16 _build/nrf52832_xxaa/nrf_assert.c.o
 .debug_macro   0x00000000       0x97 _build/nrf52832_xxaa/nrf_assert.c.o
 .debug_macro   0x00000000      0x330 _build/nrf52832_xxaa/nrf_assert.c.o
 .debug_macro   0x00000000       0xf6 _build/nrf52832_xxaa/nrf_assert.c.o
 .debug_macro   0x00000000       0x10 _build/nrf52832_xxaa/nrf_assert.c.o
 .debug_macro   0x00000000       0x52 _build/nrf52832_xxaa/nrf_assert.c.o
 .debug_macro   0x00000000       0x1f _build/nrf52832_xxaa/nrf_assert.c.o
 .debug_macro   0x00000000       0x43 _build/nrf52832_xxaa/nrf_assert.c.o
 .debug_macro   0x00000000       0x20 _build/nrf52832_xxaa/nrf_assert.c.o
 .debug_macro   0x00000000      0x187 _build/nrf52832_xxaa/nrf_assert.c.o
 .debug_macro   0x00000000       0x10 _build/nrf52832_xxaa/nrf_assert.c.o
 .debug_macro   0x00000000       0xb6 _build/nrf52832_xxaa/nrf_assert.c.o
 .debug_macro   0x00000000       0x16 _build/nrf52832_xxaa/nrf_assert.c.o
 .debug_macro   0x00000000      0x145 _build/nrf52832_xxaa/nrf_assert.c.o
 .debug_macro   0x00000000       0x22 _build/nrf52832_xxaa/nrf_assert.c.o
 .debug_macro   0x00000000       0x8e _build/nrf52832_xxaa/nrf_assert.c.o
 .debug_macro   0x00000000     0x1434 _build/nrf52832_xxaa/nrf_assert.c.o
 .debug_macro   0x00000000       0x9b _build/nrf52832_xxaa/nrf_assert.c.o
 .debug_macro   0x00000000      0x16d _build/nrf52832_xxaa/nrf_assert.c.o
 .debug_macro   0x00000000       0x2b _build/nrf52832_xxaa/nrf_assert.c.o
 .debug_macro   0x00000000       0x10 _build/nrf52832_xxaa/nrf_assert.c.o
 .debug_line    0x00000000      0x4b0 _build/nrf52832_xxaa/nrf_assert.c.o
 .debug_str     0x00000000    0x648a5 _build/nrf52832_xxaa/nrf_assert.c.o
 .comment       0x00000000       0x6f _build/nrf52832_xxaa/nrf_assert.c.o
 .debug_frame   0x00000000       0x2c _build/nrf52832_xxaa/nrf_assert.c.o
 .ARM.attributes
                0x00000000       0x39 _build/nrf52832_xxaa/nrf_assert.c.o
 .group         0x00000000        0x8 _build/nrf52832_xxaa/nrf_strerror.c.o
 .group         0x00000000        0x8 _build/nrf52832_xxaa/nrf_strerror.c.o
 .group         0x00000000        0x8 _build/nrf52832_xxaa/nrf_strerror.c.o
 .group         0x00000000        0x8 _build/nrf52832_xxaa/nrf_strerror.c.o
 .group         0x00000000        0x8 _build/nrf52832_xxaa/nrf_strerror.c.o
 .group         0x00000000        0x8 _build/nrf52832_xxaa/nrf_strerror.c.o
 .group         0x00000000        0x8 _build/nrf52832_xxaa/nrf_strerror.c.o
 .group         0x00000000        0x8 _build/nrf52832_xxaa/nrf_strerror.c.o
 .group         0x00000000        0x8 _build/nrf52832_xxaa/nrf_strerror.c.o
 .group         0x00000000        0x8 _build/nrf52832_xxaa/nrf_strerror.c.o
 .group         0x00000000        0x8 _build/nrf52832_xxaa/nrf_strerror.c.o
 .group         0x00000000        0x8 _build/nrf52832_xxaa/nrf_strerror.c.o
 .group         0x00000000        0x8 _build/nrf52832_xxaa/nrf_strerror.c.o
 .group         0x00000000        0x8 _build/nrf52832_xxaa/nrf_strerror.c.o
 .group         0x00000000        0x8 _build/nrf52832_xxaa/nrf_strerror.c.o
 .group         0x00000000        0x8 _build/nrf52832_xxaa/nrf_strerror.c.o
 .group         0x00000000        0x8 _build/nrf52832_xxaa/nrf_strerror.c.o
 .group         0x00000000        0x8 _build/nrf52832_xxaa/nrf_strerror.c.o
 .group         0x00000000        0x8 _build/nrf52832_xxaa/nrf_strerror.c.o
 .group         0x00000000        0x8 _build/nrf52832_xxaa/nrf_strerror.c.o
 .group         0x00000000        0x8 _build/nrf52832_xxaa/nrf_strerror.c.o
 .group         0x00000000        0x8 _build/nrf52832_xxaa/nrf_strerror.c.o
 .group         0x00000000        0x8 _build/nrf52832_xxaa/nrf_strerror.c.o
 .group         0x00000000        0x8 _build/nrf52832_xxaa/nrf_strerror.c.o
 .group         0x00000000        0x8 _build/nrf52832_xxaa/nrf_strerror.c.o
 .group         0x00000000        0x8 _build/nrf52832_xxaa/nrf_strerror.c.o
 .group         0x00000000        0x8 _build/nrf52832_xxaa/nrf_strerror.c.o
 .group         0x00000000        0x8 _build/nrf52832_xxaa/nrf_strerror.c.o
 .group         0x00000000        0x8 _build/nrf52832_xxaa/nrf_strerror.c.o
 .group         0x00000000        0x8 _build/nrf52832_xxaa/nrf_strerror.c.o
 .group         0x00000000        0x8 _build/nrf52832_xxaa/nrf_strerror.c.o
 .group         0x00000000        0x8 _build/nrf52832_xxaa/nrf_strerror.c.o
 .group         0x00000000        0x8 _build/nrf52832_xxaa/nrf_strerror.c.o
 .group         0x00000000        0x8 _build/nrf52832_xxaa/nrf_strerror.c.o
 .group         0x00000000        0x8 _build/nrf52832_xxaa/nrf_strerror.c.o
 .group         0x00000000        0x8 _build/nrf52832_xxaa/nrf_strerror.c.o
 .group         0x00000000        0x8 _build/nrf52832_xxaa/nrf_strerror.c.o
 .text          0x00000000        0x0 _build/nrf52832_xxaa/nrf_strerror.c.o
 .data          0x00000000        0x0 _build/nrf52832_xxaa/nrf_strerror.c.o
 .bss           0x00000000        0x0 _build/nrf52832_xxaa/nrf_strerror.c.o
 .debug_info    0x00000000       0xc9 _build/nrf52832_xxaa/nrf_strerror.c.o
 .debug_abbrev  0x00000000       0x5f _build/nrf52832_xxaa/nrf_strerror.c.o
 .debug_aranges
                0x00000000       0x18 _build/nrf52832_xxaa/nrf_strerror.c.o
 .debug_macro   0x00000000      0x1f6 _build/nrf52832_xxaa/nrf_strerror.c.o
 .debug_macro   0x00000000      0x8a4 _build/nrf52832_xxaa/nrf_strerror.c.o
 .debug_macro   0x00000000       0x22 _build/nrf52832_xxaa/nrf_strerror.c.o
 .debug_macro   0x00000000       0x4f _build/nrf52832_xxaa/nrf_strerror.c.o
 .debug_macro   0x00000000       0x44 _build/nrf52832_xxaa/nrf_strerror.c.o
 .debug_macro   0x00000000       0xfd _build/nrf52832_xxaa/nrf_strerror.c.o
 .debug_macro   0x00000000       0x5e _build/nrf52832_xxaa/nrf_strerror.c.o
 .debug_macro   0x00000000      0x1df _build/nrf52832_xxaa/nrf_strerror.c.o
 .debug_macro   0x00000000       0x22 _build/nrf52832_xxaa/nrf_strerror.c.o
 .debug_macro   0x00000000       0x52 _build/nrf52832_xxaa/nrf_strerror.c.o
 .debug_macro   0x00000000       0x35 _build/nrf52832_xxaa/nrf_strerror.c.o
 .debug_macro   0x00000000       0x9c _build/nrf52832_xxaa/nrf_strerror.c.o
 .debug_macro   0x00000000      0x16d _build/nrf52832_xxaa/nrf_strerror.c.o
 .debug_macro   0x00000000       0x52 _build/nrf52832_xxaa/nrf_strerror.c.o
 .debug_macro   0x00000000       0x1f _build/nrf52832_xxaa/nrf_strerror.c.o
 .debug_macro   0x00000000       0x43 _build/nrf52832_xxaa/nrf_strerror.c.o
 .debug_macro   0x00000000       0x20 _build/nrf52832_xxaa/nrf_strerror.c.o
 .debug_macro   0x00000000      0x187 _build/nrf52832_xxaa/nrf_strerror.c.o
 .debug_macro   0x00000000      0x330 _build/nrf52832_xxaa/nrf_strerror.c.o
 .debug_macro   0x00000000       0x10 _build/nrf52832_xxaa/nrf_strerror.c.o
 .debug_macro   0x00000000       0x35 _build/nrf52832_xxaa/nrf_strerror.c.o
 .debug_macro   0x00000000     0x1434 _build/nrf52832_xxaa/nrf_strerror.c.o
 .debug_macro   0x00000000      0x16d _build/nrf52832_xxaa/nrf_strerror.c.o
 .debug_macro   0x00000000       0x2e _build/nrf52832_xxaa/nrf_strerror.c.o
 .debug_macro   0x00000000       0x22 _build/nrf52832_xxaa/nrf_strerror.c.o
 .debug_macro   0x00000000       0x8e _build/nrf52832_xxaa/nrf_strerror.c.o
 .debug_macro   0x00000000       0x9b _build/nrf52832_xxaa/nrf_strerror.c.o
 .debug_macro   0x00000000       0x22 _build/nrf52832_xxaa/nrf_strerror.c.o
 .debug_macro   0x00000000       0x2d _build/nrf52832_xxaa/nrf_strerror.c.o
 .debug_macro   0x00000000       0x3b _build/nrf52832_xxaa/nrf_strerror.c.o
 .debug_macro   0x00000000       0x50 _build/nrf52832_xxaa/nrf_strerror.c.o
 .debug_macro   0x00000000      0xe66 _build/nrf52832_xxaa/nrf_strerror.c.o
 .debug_macro   0x00000000      0x392 _build/nrf52832_xxaa/nrf_strerror.c.o
 .debug_macro   0x00000000     0xcc94 _build/nrf52832_xxaa/nrf_strerror.c.o
 .debug_macro   0x00000000     0x1313 _build/nrf52832_xxaa/nrf_strerror.c.o
 .debug_macro   0x00000000       0x82 _build/nrf52832_xxaa/nrf_strerror.c.o
 .debug_macro   0x00000000      0x49d _build/nrf52832_xxaa/nrf_strerror.c.o
 .debug_macro   0x00000000       0x4b _build/nrf52832_xxaa/nrf_strerror.c.o
 .debug_line    0x00000000      0x4aa _build/nrf52832_xxaa/nrf_strerror.c.o
 .debug_str     0x00000000    0x6838d _build/nrf52832_xxaa/nrf_strerror.c.o
 .comment       0x00000000       0x6f _build/nrf52832_xxaa/nrf_strerror.c.o
 .ARM.attributes
                0x00000000       0x39 _build/nrf52832_xxaa/nrf_strerror.c.o
 .text          0x00000000        0x0 c:/program files (x86)/gnu tools arm embedded/5.4 2016q3/bin/../lib/gcc/arm-none-eabi/5.4.1/../../../../arm-none-eabi/lib/armv7e-m/fpu\libc_nano.a(lib_a-exit.o)
 .data          0x00000000        0x0 c:/program files (x86)/gnu tools arm embedded/5.4 2016q3/bin/../lib/gcc/arm-none-eabi/5.4.1/../../../../arm-none-eabi/lib/armv7e-m/fpu\libc_nano.a(lib_a-exit.o)
 .bss           0x00000000        0x0 c:/program files (x86)/gnu tools arm embedded/5.4 2016q3/bin/../lib/gcc/arm-none-eabi/5.4.1/../../../../arm-none-eabi/lib/armv7e-m/fpu\libc_nano.a(lib_a-exit.o)
 .text          0x00000000        0x0 c:/program files (x86)/gnu tools arm embedded/5.4 2016q3/bin/../lib/gcc/arm-none-eabi/5.4.1/../../../../arm-none-eabi/lib/armv7e-m/fpu\libc_nano.a(lib_a-impure.o)
 .data          0x00000000        0x0 c:/program files (x86)/gnu tools arm embedded/5.4 2016q3/bin/../lib/gcc/arm-none-eabi/5.4.1/../../../../arm-none-eabi/lib/armv7e-m/fpu\libc_nano.a(lib_a-impure.o)
 .bss           0x00000000        0x0 c:/program files (x86)/gnu tools arm embedded/5.4 2016q3/bin/../lib/gcc/arm-none-eabi/5.4.1/../../../../arm-none-eabi/lib/armv7e-m/fpu\libc_nano.a(lib_a-impure.o)
 .data._impure_ptr
                0x00000000        0x4 c:/program files (x86)/gnu tools arm embedded/5.4 2016q3/bin/../lib/gcc/arm-none-eabi/5.4.1/../../../../arm-none-eabi/lib/armv7e-m/fpu\libc_nano.a(lib_a-impure.o)
 .text          0x00000000        0x0 c:/program files (x86)/gnu tools arm embedded/5.4 2016q3/bin/../lib/gcc/arm-none-eabi/5.4.1/../../../../arm-none-eabi/lib/armv7e-m/fpu\libc_nano.a(lib_a-init.o)
 .data          0x00000000        0x0 c:/program files (x86)/gnu tools arm embedded/5.4 2016q3/bin/../lib/gcc/arm-none-eabi/5.4.1/../../../../arm-none-eabi/lib/armv7e-m/fpu\libc_nano.a(lib_a-init.o)
 .bss           0x00000000        0x0 c:/program files (x86)/gnu tools arm embedded/5.4 2016q3/bin/../lib/gcc/arm-none-eabi/5.4.1/../../../../arm-none-eabi/lib/armv7e-m/fpu\libc_nano.a(lib_a-init.o)
 .text          0x00000000        0x0 c:/program files (x86)/gnu tools arm embedded/5.4 2016q3/bin/../lib/gcc/arm-none-eabi/5.4.1/../../../../arm-none-eabi/lib/armv7e-m/fpu\libc_nano.a(lib_a-memset.o)
 .data          0x00000000        0x0 c:/program files (x86)/gnu tools arm embedded/5.4 2016q3/bin/../lib/gcc/arm-none-eabi/5.4.1/../../../../arm-none-eabi/lib/armv7e-m/fpu\libc_nano.a(lib_a-memset.o)
 .bss           0x00000000        0x0 c:/program files (x86)/gnu tools arm embedded/5.4 2016q3/bin/../lib/gcc/arm-none-eabi/5.4.1/../../../../arm-none-eabi/lib/armv7e-m/fpu\libc_nano.a(lib_a-memset.o)
 .text          0x00000000        0x0 c:/program files (x86)/gnu tools arm embedded/5.4 2016q3/bin/../lib/gcc/arm-none-eabi/5.4.1/../../../../arm-none-eabi/lib/armv7e-m/fpu\libnosys.a(_exit.o)
 .data          0x00000000        0x0 c:/program files (x86)/gnu tools arm embedded/5.4 2016q3/bin/../lib/gcc/arm-none-eabi/5.4.1/../../../../arm-none-eabi/lib/armv7e-m/fpu\libnosys.a(_exit.o)
 .bss           0x00000000        0x0 c:/program files (x86)/gnu tools arm embedded/5.4 2016q3/bin/../lib/gcc/arm-none-eabi/5.4.1/../../../../arm-none-eabi/lib/armv7e-m/fpu\libnosys.a(_exit.o)
 .text          0x00000000        0x0 c:/program files (x86)/gnu tools arm embedded/5.4 2016q3/bin/../lib/gcc/arm-none-eabi/5.4.1/armv7e-m/fpu/crtend.o
 .data          0x00000000        0x0 c:/program files (x86)/gnu tools arm embedded/5.4 2016q3/bin/../lib/gcc/arm-none-eabi/5.4.1/armv7e-m/fpu/crtend.o
 .bss           0x00000000        0x0 c:/program files (x86)/gnu tools arm embedded/5.4 2016q3/bin/../lib/gcc/arm-none-eabi/5.4.1/armv7e-m/fpu/crtend.o
 .text          0x00000000        0x0 c:/program files (x86)/gnu tools arm embedded/5.4 2016q3/bin/../lib/gcc/arm-none-eabi/5.4.1/armv7e-m/fpu/crtn.o
 .data          0x00000000        0x0 c:/program files (x86)/gnu tools arm embedded/5.4 2016q3/bin/../lib/gcc/arm-none-eabi/5.4.1/armv7e-m/fpu/crtn.o
 .bss           0x00000000        0x0 c:/program files (x86)/gnu tools arm embedded/5.4 2016q3/bin/../lib/gcc/arm-none-eabi/5.4.1/armv7e-m/fpu/crtn.o

Memory Configuration

Name             Origin             Length             Attributes
FLASH            0x00000000         0x00080000         xr
RAM              0x20000000         0x00010000         xrw
*default*        0x00000000         0xffffffff

Linker script and memory map


.text           0x00000000      0x8a4
 *(.isr_vector)
 .isr_vector    0x00000000      0x200 _build/nrf52832_xxaa/gcc_startup_nrf52.S.o
                0x00000000                __isr_vector
 *(.text*)
 .text          0x00000200       0x5c c:/program files (x86)/gnu tools arm embedded/5.4 2016q3/bin/../lib/gcc/arm-none-eabi/5.4.1/armv7e-m/fpu/crtbegin.o
 .text          0x0000025c       0x74 c:/program files (x86)/gnu tools arm embedded/5.4 2016q3/bin/../lib/gcc/arm-none-eabi/5.4.1/../../../../arm-none-eabi/lib/armv7e-m/fpu/crt0.o
                0x0000025c                _start
                0x0000025c                _mainCRTStartup
 .text          0x000002d0       0x3c _build/nrf52832_xxaa/gcc_startup_nrf52.S.o
                0x000002d0                Reset_Handler
                0x000002f8                NMI_Handler
                0x000002fa                HardFault_Handler
                0x000002fc                MemoryManagement_Handler
                0x000002fe                BusFault_Handler
                0x00000300                UsageFault_Handler
                0x00000302                SVC_Handler
                0x00000304                DebugMon_Handler
                0x00000306                PendSV_Handler
                0x00000308                SysTick_Handler
                0x0000030a                SWI0_EGU0_IRQHandler
                0x0000030a                POWER_CLOCK_IRQHandler
                0x0000030a                RADIO_IRQHandler
                0x0000030a                PDM_IRQHandler
                0x0000030a                TEMP_IRQHandler
                0x0000030a                QDEC_IRQHandler
                0x0000030a                TIMER3_IRQHandler
                0x0000030a                FPU_IRQHandler
                0x0000030a                SPIM0_SPIS0_TWIM0_TWIS0_SPI0_TWI0_IRQHandler
                0x0000030a                GPIOTE_IRQHandler
                0x0000030a                PWM1_IRQHandler
                0x0000030a                TIMER4_IRQHandler
                0x0000030a                RTC0_IRQHandler
                0x0000030a                SWI4_EGU4_IRQHandler
                0x0000030a                TIMER0_IRQHandler
                0x0000030a                SWI2_EGU2_IRQHandler
                0x0000030a                TIMER1_IRQHandler
                0x0000030a                PWM2_IRQHandler
                0x0000030a                ECB_IRQHandler
                0x0000030a                SPIM1_SPIS1_TWIM1_TWIS1_SPI1_TWI1_IRQHandler
                0x0000030a                Default_Handler
                0x0000030a                SAADC_IRQHandler
                0x0000030a                CCM_AAR_IRQHandler
                0x0000030a                WDT_IRQHandler
                0x0000030a                UARTE0_UART0_IRQHandler
                0x0000030a                SWI5_EGU5_IRQHandler
                0x0000030a                RNG_IRQHandler
                0x0000030a                RTC2_IRQHandler
                0x0000030a                PWM0_IRQHandler
                0x0000030a                SWI3_EGU3_IRQHandler
                0x0000030a                RTC1_IRQHandler
                0x0000030a                SWI1_EGU1_IRQHandler
                0x0000030a                SPIM2_SPIS2_SPI2_IRQHandler
                0x0000030a                NFCT_IRQHandler
                0x0000030a                I2S_IRQHandler
                0x0000030a                MWU_IRQHandler
                0x0000030a                TIMER2_IRQHandler
                0x0000030a                COMP_LPCOMP_IRQHandler
 .text.SystemInit
                0x0000030c      0x390 _build/nrf52832_xxaa/system_nrf52.c.o
                0x0000030c                SystemInit
 .text.startup.main
                0x0000069c      0x124 _build/nrf52832_xxaa/main.c.o
                0x0000069c                main
 .text.bsp_board_leds_init
                0x000007c0       0x3c _build/nrf52832_xxaa/boards.c.o
                0x000007c0                bsp_board_leds_init
 .text.exit     0x000007fc       0x28 c:/program files (x86)/gnu tools arm embedded/5.4 2016q3/bin/../lib/gcc/arm-none-eabi/5.4.1/../../../../arm-none-eabi/lib/armv7e-m/fpu\libc_nano.a(lib_a-exit.o)
                0x000007fc                exit
 .text.__libc_init_array
                0x00000824       0x4c c:/program files (x86)/gnu tools arm embedded/5.4 2016q3/bin/../lib/gcc/arm-none-eabi/5.4.1/../../../../arm-none-eabi/lib/armv7e-m/fpu\libc_nano.a(lib_a-init.o)
                0x00000824                __libc_init_array
 .text.memset   0x00000870       0x10 c:/program files (x86)/gnu tools arm embedded/5.4 2016q3/bin/../lib/gcc/arm-none-eabi/5.4.1/../../../../arm-none-eabi/lib/armv7e-m/fpu\libc_nano.a(lib_a-memset.o)
                0x00000870                memset
 .text._exit    0x00000880        0x4 c:/program files (x86)/gnu tools arm embedded/5.4 2016q3/bin/../lib/gcc/arm-none-eabi/5.4.1/../../../../arm-none-eabi/lib/armv7e-m/fpu\libnosys.a(_exit.o)
                0x00000880                _exit
 *(.init)
 .init          0x00000884        0x4 c:/program files (x86)/gnu tools arm embedded/5.4 2016q3/bin/../lib/gcc/arm-none-eabi/5.4.1/armv7e-m/fpu/crti.o
                0x00000884                _init
 .init          0x00000888        0x8 c:/program files (x86)/gnu tools arm embedded/5.4 2016q3/bin/../lib/gcc/arm-none-eabi/5.4.1/armv7e-m/fpu/crtn.o
 *(.fini)
 .fini          0x00000890        0x4 c:/program files (x86)/gnu tools arm embedded/5.4 2016q3/bin/../lib/gcc/arm-none-eabi/5.4.1/armv7e-m/fpu/crti.o
                0x00000890                _fini
 .fini          0x00000894        0x8 c:/program files (x86)/gnu tools arm embedded/5.4 2016q3/bin/../lib/gcc/arm-none-eabi/5.4.1/armv7e-m/fpu/crtn.o
 *crtbegin.o(.ctors)
 *crtbegin?.o(.ctors)
 *(EXCLUDE_FILE(*crtend.o *crtend?.o) .ctors)
 *(SORT(.ctors.*))
 *(.ctors)
 *crtbegin.o(.dtors)
 *crtbegin?.o(.dtors)
 *(EXCLUDE_FILE(*crtend.o *crtend?.o) .dtors)
 *(SORT(.dtors.*))
 *(.dtors)
 *(.rodata*)
 .rodata._global_impure_ptr
                0x0000089c        0x4 c:/program files (x86)/gnu tools arm embedded/5.4 2016q3/bin/../lib/gcc/arm-none-eabi/5.4.1/../../../../arm-none-eabi/lib/armv7e-m/fpu\libc_nano.a(lib_a-impure.o)
                0x0000089c                _global_impure_ptr
 *(.eh_frame*)
 .eh_frame      0x000008a0        0x0 c:/program files (x86)/gnu tools arm embedded/5.4 2016q3/bin/../lib/gcc/arm-none-eabi/5.4.1/armv7e-m/fpu/crtbegin.o
 .eh_frame      0x000008a0        0x4 c:/program files (x86)/gnu tools arm embedded/5.4 2016q3/bin/../lib/gcc/arm-none-eabi/5.4.1/armv7e-m/fpu/crtend.o

.glue_7         0x000008a4        0x0
 .glue_7        0x000008a4        0x0 linker stubs

.glue_7t        0x000008a4        0x0
 .glue_7t       0x000008a4        0x0 linker stubs

.vfp11_veneer   0x000008a4        0x0
 .vfp11_veneer  0x000008a4        0x0 linker stubs

.v4_bx          0x000008a4        0x0
 .v4_bx         0x000008a4        0x0 linker stubs

.iplt           0x000008a4        0x0
 .iplt          0x000008a4        0x0 c:/program files (x86)/gnu tools arm embedded/5.4 2016q3/bin/../lib/gcc/arm-none-eabi/5.4.1/armv7e-m/fpu/crtbegin.o

.mem_section_dummy_rom

.log_const_data
                0x000008a4        0x0
                [!provide]                PROVIDE (__start_log_const_data, .)
 *(SORT(.log_const_data*))
                [!provide]                PROVIDE (__stop_log_const_data, .)

.ARM.extab
 *(.ARM.extab* .gnu.linkonce.armextab.*)
                0x000008a4                __exidx_start = .

.ARM.exidx      0x000008a4        0x8
 *(.ARM.exidx* .gnu.linkonce.armexidx.*)
 .ARM.exidx     0x000008a4        0x8 c:/program files (x86)/gnu tools arm embedded/5.4 2016q3/bin/../lib/gcc/arm-none-eabi/5.4.1/../../../../arm-none-eabi/lib/armv7e-m/fpu/crt0.o
                0x000008ac                __exidx_end = .
                0x000008ac                __etext = .

.rel.dyn        0x000008ac        0x0
 .rel.iplt      0x000008ac        0x0 c:/program files (x86)/gnu tools arm embedded/5.4 2016q3/bin/../lib/gcc/arm-none-eabi/5.4.1/armv7e-m/fpu/crtbegin.o

.data           0x20000000       0x70 load address 0x000008ac
                0x20000000                __data_start__ = .
 *(vtable)
 *(.data*)
 .data.SystemCoreClock
                0x20000000        0x4 _build/nrf52832_xxaa/system_nrf52.c.o
                0x20000000                SystemCoreClock
 .data.impure_data
                0x20000004       0x60 c:/program files (x86)/gnu tools arm embedded/5.4 2016q3/bin/../lib/gcc/arm-none-eabi/5.4.1/../../../../arm-none-eabi/lib/armv7e-m/fpu\libc_nano.a(lib_a-impure.o)
                0x20000064                . = ALIGN (0x4)
                0x20000064                PROVIDE (__preinit_array_start, .)
 *(.preinit_array)
                0x20000064                PROVIDE (__preinit_array_end, .)
                0x20000064                . = ALIGN (0x4)
                0x20000064                PROVIDE (__init_array_start, .)
 *(SORT(.init_array.*))
 *(.init_array)
 .init_array    0x20000064        0x4 c:/program files (x86)/gnu tools arm embedded/5.4 2016q3/bin/../lib/gcc/arm-none-eabi/5.4.1/armv7e-m/fpu/crtbegin.o
                0x20000068                PROVIDE (__init_array_end, .)
                0x20000068                . = ALIGN (0x4)
                [!provide]                PROVIDE (__fini_array_start, .)
 *(SORT(.fini_array.*))
 *(.fini_array)
 .fini_array    0x20000068        0x4 c:/program files (x86)/gnu tools arm embedded/5.4 2016q3/bin/../lib/gcc/arm-none-eabi/5.4.1/armv7e-m/fpu/crtbegin.o
                [!provide]                PROVIDE (__fini_array_end, .)
 *(.jcr*)
 .jcr           0x2000006c        0x0 c:/program files (x86)/gnu tools arm embedded/5.4 2016q3/bin/../lib/gcc/arm-none-eabi/5.4.1/armv7e-m/fpu/crtbegin.o
 .jcr           0x2000006c        0x4 c:/program files (x86)/gnu tools arm embedded/5.4 2016q3/bin/../lib/gcc/arm-none-eabi/5.4.1/armv7e-m/fpu/crtend.o
                0x20000070                . = ALIGN (0x4)
                0x20000070                __data_end__ = .
LOAD c:/program files (x86)/gnu tools arm embedded/5.4 2016q3/bin/../lib/gcc/arm-none-eabi/5.4.1/armv7e-m/fpu/crti.o
LOAD c:/program files (x86)/gnu tools arm embedded/5.4 2016q3/bin/../lib/gcc/arm-none-eabi/5.4.1/armv7e-m/fpu/crtbegin.o
LOAD c:/program files (x86)/gnu tools arm embedded/5.4 2016q3/bin/../lib/gcc/arm-none-eabi/5.4.1/../../../../arm-none-eabi/lib/armv7e-m/fpu/crt0.o
LOAD _build/nrf52832_xxaa/gcc_startup_nrf52.S.o
LOAD _build/nrf52832_xxaa/system_nrf52.c.o
LOAD _build/nrf52832_xxaa/main.c.o
LOAD _build/nrf52832_xxaa/boards.c.o
LOAD _build/nrf52832_xxaa/app_error.c.o
LOAD _build/nrf52832_xxaa/app_error_weak.c.o
LOAD _build/nrf52832_xxaa/app_util_platform.c.o
LOAD _build/nrf52832_xxaa/nrf_assert.c.o
LOAD _build/nrf52832_xxaa/nrf_strerror.c.o
LOAD c:/program files (x86)/gnu tools arm embedded/5.4 2016q3/bin/../lib/gcc/arm-none-eabi/5.4.1/../../../../arm-none-eabi/lib/armv7e-m/fpu\libc_nano.a
LOAD c:/program files (x86)/gnu tools arm embedded/5.4 2016q3/bin/../lib/gcc/arm-none-eabi/5.4.1/../../../../arm-none-eabi/lib/armv7e-m/fpu\libnosys.a
LOAD c:/program files (x86)/gnu tools arm embedded/5.4 2016q3/bin/../lib/gcc/arm-none-eabi/5.4.1/../../../../arm-none-eabi/lib/armv7e-m/fpu\libm.a
START GROUP
LOAD c:/program files (x86)/gnu tools arm embedded/5.4 2016q3/bin/../lib/gcc/arm-none-eabi/5.4.1/armv7e-m/fpu\libgcc.a
LOAD c:/program files (x86)/gnu tools arm embedded/5.4 2016q3/bin/../lib/gcc/arm-none-eabi/5.4.1/../../../../arm-none-eabi/lib/armv7e-m/fpu\libg_nano.a
LOAD c:/program files (x86)/gnu tools arm embedded/5.4 2016q3/bin/../lib/gcc/arm-none-eabi/5.4.1/../../../../arm-none-eabi/lib/armv7e-m/fpu\libc_nano.a
END GROUP
START GROUP
LOAD c:/program files (x86)/gnu tools arm embedded/5.4 2016q3/bin/../lib/gcc/arm-none-eabi/5.4.1/armv7e-m/fpu\libgcc.a
LOAD c:/program files (x86)/gnu tools arm embedded/5.4 2016q3/bin/../lib/gcc/arm-none-eabi/5.4.1/../../../../arm-none-eabi/lib/armv7e-m/fpu\libc_nano.a
END GROUP
LOAD c:/program files (x86)/gnu tools arm embedded/5.4 2016q3/bin/../lib/gcc/arm-none-eabi/5.4.1/armv7e-m/fpu/crtend.o
LOAD c:/program files (x86)/gnu tools arm embedded/5.4 2016q3/bin/../lib/gcc/arm-none-eabi/5.4.1/armv7e-m/fpu/crtn.o
START GROUP
LOAD c:/program files (x86)/gnu tools arm embedded/5.4 2016q3/bin/../lib/gcc/arm-none-eabi/5.4.1/armv7e-m/fpu\libgcc.a
LOAD c:/program files (x86)/gnu tools arm embedded/5.4 2016q3/bin/../lib/gcc/arm-none-eabi/5.4.1/../../../../arm-none-eabi/lib/armv7e-m/fpu\libc.a
LOAD c:/program files (x86)/gnu tools arm embedded/5.4 2016q3/bin/../lib/gcc/arm-none-eabi/5.4.1/../../../../arm-none-eabi/lib/armv7e-m/fpu\libnosys.a
END GROUP

.igot.plt       0x20000070        0x0 load address 0x0000091c
 .igot.plt      0x20000070        0x0 c:/program files (x86)/gnu tools arm embedded/5.4 2016q3/bin/../lib/gcc/arm-none-eabi/5.4.1/armv7e-m/fpu/crtbegin.o
                0x20000070                . = ALIGN (0x4)

.mem_section_dummy_ram

.log_dynamic_data
                0x20000070        0x0
                [!provide]                PROVIDE (__start_log_dynamic_data, .)
 *(SORT(.log_dynamic_data*))
                [!provide]                PROVIDE (__stop_log_dynamic_data, .)

.bss            0x20000070       0x1c load address 0x0000091c
                0x20000070                . = ALIGN (0x4)
                0x20000070                __bss_start__ = .
 *(.bss*)
 .bss           0x20000070       0x1c c:/program files (x86)/gnu tools arm embedded/5.4 2016q3/bin/../lib/gcc/arm-none-eabi/5.4.1/armv7e-m/fpu/crtbegin.o
 *(COMMON)
                0x2000008c                . = ALIGN (0x4)
                0x2000008c                __bss_end__ = .

.heap           0x20000090     0x2000
                0x20000090                __HeapBase = .
                0x20000090                __end__ = .
                [!provide]                PROVIDE (end, .)
 *(.heap*)
 .heap          0x20000090     0x2000 _build/nrf52832_xxaa/gcc_startup_nrf52.S.o
                0x20002090                __HeapLimit = .

.stack_dummy    0x20000090     0x2000
 *(.stack*)
 .stack         0x20000090     0x2000 _build/nrf52832_xxaa/gcc_startup_nrf52.S.o
                0x20010000                __StackTop = (ORIGIN (RAM) + LENGTH (RAM))
                0x2000e000                __StackLimit = (__StackTop - SIZEOF (.stack_dummy))
                0x20010000                PROVIDE (__stack, __StackTop)
                0x00000001                ASSERT ((__StackLimit >= __HeapLimit), region RAM overflowed with stack)
                0x00000070                DataInitFlashUsed = (__bss_start__ - __data_start__)
                0x000008ac                CodeFlashUsed = (__etext - ORIGIN (FLASH))
                0x0000091c                TotalFlashUsed = (CodeFlashUsed + DataInitFlashUsed)
                0x00000001                ASSERT ((TotalFlashUsed <= LENGTH (FLASH)), region FLASH overflowed with .data and user data)
OUTPUT(_build/nrf52832_xxaa.out elf32-littlearm)

.ARM.attributes
                0x00000000       0x30
 .ARM.attributes
                0x00000000       0x22 c:/program files (x86)/gnu tools arm embedded/5.4 2016q3/bin/../lib/gcc/arm-none-eabi/5.4.1/armv7e-m/fpu/crti.o
 .ARM.attributes
                0x00000022       0x34 c:/program files (x86)/gnu tools arm embedded/5.4 2016q3/bin/../lib/gcc/arm-none-eabi/5.4.1/armv7e-m/fpu/crtbegin.o
 .ARM.attributes
                0x00000056       0x20 c:/program files (x86)/gnu tools arm embedded/5.4 2016q3/bin/../lib/gcc/arm-none-eabi/5.4.1/../../../../arm-none-eabi/lib/armv7e-m/fpu/crt0.o
 .ARM.attributes
                0x00000076       0x20 _build/nrf52832_xxaa/gcc_startup_nrf52.S.o
 .ARM.attributes
                0x00000096       0x39 _build/nrf52832_xxaa/system_nrf52.c.o
 .ARM.attributes
                0x000000cf       0x39 _build/nrf52832_xxaa/main.c.o
 .ARM.attributes
                0x00000108       0x39 _build/nrf52832_xxaa/boards.c.o
 .ARM.attributes
                0x00000141       0x34 c:/program files (x86)/gnu tools arm embedded/5.4 2016q3/bin/../lib/gcc/arm-none-eabi/5.4.1/../../../../arm-none-eabi/lib/armv7e-m/fpu\libc_nano.a(lib_a-exit.o)
 .ARM.attributes
                0x00000175       0x34 c:/program files (x86)/gnu tools arm embedded/5.4 2016q3/bin/../lib/gcc/arm-none-eabi/5.4.1/../../../../arm-none-eabi/lib/armv7e-m/fpu\libc_nano.a(lib_a-impure.o)
 .ARM.attributes
                0x000001a9       0x34 c:/program files (x86)/gnu tools arm embedded/5.4 2016q3/bin/../lib/gcc/arm-none-eabi/5.4.1/../../../../arm-none-eabi/lib/armv7e-m/fpu\libc_nano.a(lib_a-init.o)
 .ARM.attributes
                0x000001dd       0x34 c:/program files (x86)/gnu tools arm embedded/5.4 2016q3/bin/../lib/gcc/arm-none-eabi/5.4.1/../../../../arm-none-eabi/lib/armv7e-m/fpu\libc_nano.a(lib_a-memset.o)
 .ARM.attributes
                0x00000211       0x34 c:/program files (x86)/gnu tools arm embedded/5.4 2016q3/bin/../lib/gcc/arm-none-eabi/5.4.1/../../../../arm-none-eabi/lib/armv7e-m/fpu\libnosys.a(_exit.o)
 .ARM.attributes
                0x00000245       0x34 c:/program files (x86)/gnu tools arm embedded/5.4 2016q3/bin/../lib/gcc/arm-none-eabi/5.4.1/armv7e-m/fpu/crtend.o
 .ARM.attributes
                0x00000279       0x22 c:/program files (x86)/gnu tools arm embedded/5.4 2016q3/bin/../lib/gcc/arm-none-eabi/5.4.1/armv7e-m/fpu/crtn.o

.comment        0x00000000       0x6e
 .comment       0x00000000       0x6e _build/nrf52832_xxaa/system_nrf52.c.o
                                 0x6f (size before relaxing)
 .comment       0x0000006e       0x6f _build/nrf52832_xxaa/main.c.o
 .comment       0x0000006e       0x6f _build/nrf52832_xxaa/boards.c.o

.debug_line     0x00000000     0x1395
 .debug_line    0x00000000       0x82 _build/nrf52832_xxaa/gcc_startup_nrf52.S.o
 .debug_line    0x00000082      0x472 _build/nrf52832_xxaa/system_nrf52.c.o
 .debug_line    0x000004f4      0x7cd _build/nrf52832_xxaa/main.c.o
 .debug_line    0x00000cc1      0x6d4 _build/nrf52832_xxaa/boards.c.o

.debug_info     0x00000000     0x23fb
 .debug_info    0x00000000       0x7e _build/nrf52832_xxaa/gcc_startup_nrf52.S.o
 .debug_info    0x0000007e     0x1144 _build/nrf52832_xxaa/system_nrf52.c.o
 .debug_info    0x000011c2      0x641 _build/nrf52832_xxaa/main.c.o
 .debug_info    0x00001803      0xbf8 _build/nrf52832_xxaa/boards.c.o

.debug_abbrev   0x00000000      0x67b
 .debug_abbrev  0x00000000       0x14 _build/nrf52832_xxaa/gcc_startup_nrf52.S.o
 .debug_abbrev  0x00000014      0x1e7 _build/nrf52832_xxaa/system_nrf52.c.o
 .debug_abbrev  0x000001fb      0x217 _build/nrf52832_xxaa/main.c.o
 .debug_abbrev  0x00000412      0x269 _build/nrf52832_xxaa/boards.c.o

.debug_aranges  0x00000000       0xe8
 .debug_aranges
                0x00000000       0x20 _build/nrf52832_xxaa/gcc_startup_nrf52.S.o
 .debug_aranges
                0x00000020       0x28 _build/nrf52832_xxaa/system_nrf52.c.o
 .debug_aranges
                0x00000048       0x20 _build/nrf52832_xxaa/main.c.o
 .debug_aranges
                0x00000068       0x80 _build/nrf52832_xxaa/boards.c.o

.debug_ranges   0x00000000      0x2c0
 .debug_ranges  0x00000000      0x148 _build/nrf52832_xxaa/system_nrf52.c.o
 .debug_ranges  0x00000148       0x48 _build/nrf52832_xxaa/main.c.o
 .debug_ranges  0x00000190      0x130 _build/nrf52832_xxaa/boards.c.o

.debug_macro    0x00000000    0x138ad
 .debug_macro   0x00000000       0xf5 _build/nrf52832_xxaa/system_nrf52.c.o
 .debug_macro   0x000000f5      0x8a4 _build/nrf52832_xxaa/system_nrf52.c.o
 .debug_macro   0x00000999       0x22 _build/nrf52832_xxaa/system_nrf52.c.o
 .debug_macro   0x000009bb       0x4f _build/nrf52832_xxaa/system_nrf52.c.o
 .debug_macro   0x00000a0a       0x44 _build/nrf52832_xxaa/system_nrf52.c.o
 .debug_macro   0x00000a4e       0xfd _build/nrf52832_xxaa/system_nrf52.c.o
 .debug_macro   0x00000b4b       0x5e _build/nrf52832_xxaa/system_nrf52.c.o
 .debug_macro   0x00000ba9      0x1df _build/nrf52832_xxaa/system_nrf52.c.o
 .debug_macro   0x00000d88       0x22 _build/nrf52832_xxaa/system_nrf52.c.o
 .debug_macro   0x00000daa       0x22 _build/nrf52832_xxaa/system_nrf52.c.o
 .debug_macro   0x00000dcc       0x2d _build/nrf52832_xxaa/system_nrf52.c.o
 .debug_macro   0x00000df9       0x3b _build/nrf52832_xxaa/system_nrf52.c.o
 .debug_macro   0x00000e34       0x50 _build/nrf52832_xxaa/system_nrf52.c.o
 .debug_macro   0x00000e84      0xe66 _build/nrf52832_xxaa/system_nrf52.c.o
 .debug_macro   0x00001cea      0x392 _build/nrf52832_xxaa/system_nrf52.c.o
 .debug_macro   0x0000207c     0xcc94 _build/nrf52832_xxaa/system_nrf52.c.o
 .debug_macro   0x0000ed10     0x1313 _build/nrf52832_xxaa/system_nrf52.c.o
 .debug_macro   0x00010023       0x82 _build/nrf52832_xxaa/system_nrf52.c.o
 .debug_macro   0x000100a5       0x22 _build/nrf52832_xxaa/system_nrf52.c.o
 .debug_macro   0x000100c7      0x37f _build/nrf52832_xxaa/main.c.o
 .debug_macro   0x00010446       0x10 _build/nrf52832_xxaa/main.c.o
 .debug_macro   0x00010456      0x372 _build/nrf52832_xxaa/main.c.o
 .debug_macro   0x000107c8       0x52 _build/nrf52832_xxaa/main.c.o
 .debug_macro   0x0001081a       0x35 _build/nrf52832_xxaa/main.c.o
 .debug_macro   0x0001084f       0x9c _build/nrf52832_xxaa/main.c.o
 .debug_macro   0x000108eb       0x16 _build/nrf52832_xxaa/main.c.o
 .debug_macro   0x00010901       0x97 _build/nrf52832_xxaa/main.c.o
 .debug_macro   0x00010998      0x330 _build/nrf52832_xxaa/main.c.o
 .debug_macro   0x00010cc8       0xf6 _build/nrf52832_xxaa/main.c.o
 .debug_macro   0x00010dbe       0x10 _build/nrf52832_xxaa/main.c.o
 .debug_macro   0x00010dce       0x52 _build/nrf52832_xxaa/main.c.o
 .debug_macro   0x00010e20       0x1f _build/nrf52832_xxaa/main.c.o
 .debug_macro   0x00010e3f       0x43 _build/nrf52832_xxaa/main.c.o
 .debug_macro   0x00010e82       0x20 _build/nrf52832_xxaa/main.c.o
 .debug_macro   0x00010ea2      0x187 _build/nrf52832_xxaa/main.c.o
 .debug_macro   0x00011029       0x10 _build/nrf52832_xxaa/main.c.o
 .debug_macro   0x00011039       0xb6 _build/nrf52832_xxaa/main.c.o
 .debug_macro   0x000110ef       0x16 _build/nrf52832_xxaa/main.c.o
 .debug_macro   0x00011105      0x145 _build/nrf52832_xxaa/main.c.o
 .debug_macro   0x0001124a       0x8e _build/nrf52832_xxaa/main.c.o
 .debug_macro   0x000112d8     0x1434 _build/nrf52832_xxaa/main.c.o
 .debug_macro   0x0001270c       0x9b _build/nrf52832_xxaa/main.c.o
 .debug_macro   0x000127a7      0x16d _build/nrf52832_xxaa/main.c.o
 .debug_macro   0x00012914       0x2b _build/nrf52832_xxaa/main.c.o
 .debug_macro   0x0001293f       0x10 _build/nrf52832_xxaa/main.c.o
 .debug_macro   0x0001294f       0x16 _build/nrf52832_xxaa/main.c.o
 .debug_macro   0x00012965       0x35 _build/nrf52832_xxaa/main.c.o
 .debug_macro   0x0001299a       0x22 _build/nrf52832_xxaa/main.c.o
 .debug_macro   0x000129bc       0x16 _build/nrf52832_xxaa/main.c.o
 .debug_macro   0x000129d2      0x261 _build/nrf52832_xxaa/main.c.o
 .debug_macro   0x00012c33      0x115 _build/nrf52832_xxaa/main.c.o
 .debug_macro   0x00012d48       0x16 _build/nrf52832_xxaa/main.c.o
 .debug_macro   0x00012d5e       0x22 _build/nrf52832_xxaa/main.c.o
 .debug_macro   0x00012d80      0x49d _build/nrf52832_xxaa/main.c.o
 .debug_macro   0x0001321d       0x4b _build/nrf52832_xxaa/main.c.o
 .debug_macro   0x00013268       0x31 _build/nrf52832_xxaa/main.c.o
 .debug_macro   0x00013299       0x10 _build/nrf52832_xxaa/main.c.o
 .debug_macro   0x000132a9      0x167 _build/nrf52832_xxaa/main.c.o
 .debug_macro   0x00013410       0x68 _build/nrf52832_xxaa/main.c.o
 .debug_macro   0x00013478       0x28 _build/nrf52832_xxaa/main.c.o
 .debug_macro   0x000134a0       0x7e _build/nrf52832_xxaa/main.c.o
 .debug_macro   0x0001351e       0x8c _build/nrf52832_xxaa/main.c.o
 .debug_macro   0x000135aa       0x10 _build/nrf52832_xxaa/main.c.o
 .debug_macro   0x000135ba       0x1c _build/nrf52832_xxaa/main.c.o
 .debug_macro   0x000135d6       0x10 _build/nrf52832_xxaa/main.c.o
 .debug_macro   0x000135e6      0x292 _build/nrf52832_xxaa/boards.c.o
 .debug_macro   0x00013878       0x35 _build/nrf52832_xxaa/boards.c.o

.debug_str      0x00000000    0x6d110
 .debug_str     0x00000000    0x5b0bd _build/nrf52832_xxaa/system_nrf52.c.o
                              0x5bb3a (size before relaxing)
 .debug_str     0x0005b0bd    0x11e53 _build/nrf52832_xxaa/main.c.o
                              0x6d709 (size before relaxing)
 .debug_str     0x0006cf10      0x200 _build/nrf52832_xxaa/boards.c.o
                              0x66662 (size before relaxing)

.debug_frame    0x00000000      0x208
 .debug_frame   0x00000000       0x48 _build/nrf52832_xxaa/system_nrf52.c.o
 .debug_frame   0x00000048       0x28 _build/nrf52832_xxaa/main.c.o
 .debug_frame   0x00000070      0x104 _build/nrf52832_xxaa/boards.c.o
 .debug_frame   0x00000174       0x28 c:/program files (x86)/gnu tools arm embedded/5.4 2016q3/bin/../lib/gcc/arm-none-eabi/5.4.1/../../../../arm-none-eabi/lib/armv7e-m/fpu\libc_nano.a(lib_a-exit.o)
 .debug_frame   0x0000019c       0x2c c:/program files (x86)/gnu tools arm embedded/5.4 2016q3/bin/../lib/gcc/arm-none-eabi/5.4.1/../../../../arm-none-eabi/lib/armv7e-m/fpu\libc_nano.a(lib_a-init.o)
 .debug_frame   0x000001c8       0x20 c:/program files (x86)/gnu tools arm embedded/5.4 2016q3/bin/../lib/gcc/arm-none-eabi/5.4.1/../../../../arm-none-eabi/lib/armv7e-m/fpu\libc_nano.a(lib_a-memset.o)
 .debug_frame   0x000001e8       0x20 c:/program files (x86)/gnu tools arm embedded/5.4 2016q3/bin/../lib/gcc/arm-none-eabi/5.4.1/../../../../arm-none-eabi/lib/armv7e-m/fpu\libnosys.a(_exit.o)

.debug_loc      0x00000000      0x955
 .debug_loc     0x00000000       0xd0 _build/nrf52832_xxaa/main.c.o
 .debug_loc     0x000000d0      0x885 _build/nrf52832_xxaa/boards.c.o
