Archive member included because of file (symbol)

c:/winavr/bin/../lib/gcc/avr/4.3.3/avr5\libgcc.a(_udivmodqi4.o)
                              ./New Folder/rtc_ds1337.o (__udivmodqi4)
c:/winavr/bin/../lib/gcc/avr/4.3.3/avr5\libgcc.a(_divmodhi4.o)
                              ./New Folder/aes.o (__divmodhi4)
c:/winavr/bin/../lib/gcc/avr/4.3.3/avr5\libgcc.a(_udivmodsi4.o)
                              ./New Folder/twi.o (__udivmodsi4)
c:/winavr/bin/../lib/gcc/avr/4.3.3/avr5\libgcc.a(_exit.o)
                              c:/winavr/bin/../lib/gcc/avr/4.3.3/../../../../avr/lib/avr5/crtm16.o (exit)
c:/winavr/bin/../lib/gcc/avr/4.3.3/avr5\libgcc.a(_copy_data.o)
                              ./New Folder/a.o (__do_copy_data)
c:/winavr/bin/../lib/gcc/avr/4.3.3/avr5\libgcc.a(_clear_bss.o)
                              ./New Folder/a.o (__do_clear_bss)
c:/winavr/bin/../lib/gcc/avr/4.3.3/avr5\libgcc.a(_udivmodhi4.o)
                              c:/winavr/bin/../lib/gcc/avr/4.3.3/avr5\libgcc.a(_divmodhi4.o) (__udivmodhi4)
c:/winavr/bin/../lib/gcc/avr/4.3.3/../../../../avr/lib/avr5\libc.a(fgetc.o)
                              ./New Folder/a.o (fgetc)
c:/winavr/bin/../lib/gcc/avr/4.3.3/../../../../avr/lib/avr5\libc.a(iob.o)
                              ./New Folder/a.o (__iob)
c:/winavr/bin/../lib/gcc/avr/4.3.3/../../../../avr/lib/avr5\libc.a(printf.o)
                              ./New Folder/a.o (printf)
c:/winavr/bin/../lib/gcc/avr/4.3.3/../../../../avr/lib/avr5\libc.a(vfprintf_std.o)
                              c:/winavr/bin/../lib/gcc/avr/4.3.3/../../../../avr/lib/avr5\libc.a(printf.o) (vfprintf)
c:/winavr/bin/../lib/gcc/avr/4.3.3/../../../../avr/lib/avr5\libc.a(strnlen_P.o)
                              c:/winavr/bin/../lib/gcc/avr/4.3.3/../../../../avr/lib/avr5\libc.a(vfprintf_std.o) (strnlen_P)
c:/winavr/bin/../lib/gcc/avr/4.3.3/../../../../avr/lib/avr5\libc.a(strnlen.o)
                              c:/winavr/bin/../lib/gcc/avr/4.3.3/../../../../avr/lib/avr5\libc.a(vfprintf_std.o) (strnlen)
c:/winavr/bin/../lib/gcc/avr/4.3.3/../../../../avr/lib/avr5\libc.a(fputc.o)
                              c:/winavr/bin/../lib/gcc/avr/4.3.3/../../../../avr/lib/avr5\libc.a(vfprintf_std.o) (fputc)
c:/winavr/bin/../lib/gcc/avr/4.3.3/../../../../avr/lib/avr5\libc.a(ultoa_invert.o)
                              c:/winavr/bin/../lib/gcc/avr/4.3.3/../../../../avr/lib/avr5\libc.a(vfprintf_std.o) (__ultoa_invert)
c:/winavr/bin/../lib/gcc/avr/4.3.3/avr5\libgcc.a(_prologue.o)
                              c:/winavr/bin/../lib/gcc/avr/4.3.3/../../../../avr/lib/avr5\libc.a(printf.o) (__prologue_saves__)
c:/winavr/bin/../lib/gcc/avr/4.3.3/avr5\libgcc.a(_epilogue.o)
                              c:/winavr/bin/../lib/gcc/avr/4.3.3/../../../../avr/lib/avr5\libc.a(printf.o) (__epilogue_restores__)

Allocating common symbols
Common symbol       size              file

tampon_tx           0x20              ./New Folder/usart.o
rx_out              0x1               ./New Folder/usart.o
tampon_rx           0x20              ./New Folder/usart.o
MAGTEK_f_bit        0x2               ./New Folder/a.o
heure_actuelle      0x9               ./New Folder/a.o
enkey               0x4               ./New Folder/a.o
crypto_key          0x21              ./New Folder/a.o
KB_buf              0x10              ./New Folder/a.o
KB_scan_line        0x1               ./New Folder/a.o
MAGTEK_bits         0xc8              ./New Folder/a.o
KB_key              0x1               ./New Folder/a.o
MAGTEK_rip          0x2               ./New Folder/a.o
tx_out              0x1               ./New Folder/usart.o
KB_timer            0x2               ./New Folder/a.o
MAGTEK_str          0x29              ./New Folder/a.o
KB_char_cnt         0x1               ./New Folder/a.o
KB_keypressed       0x1               ./New Folder/a.o
delai               0x2               ./New Folder/a.o
kbdebug             0x1               ./New Folder/a.o
KB_in_read          0x1               ./New Folder/a.o
kb_scan_slacker     0x2               ./New Folder/a.o
tx_in               0x1               ./New Folder/usart.o
MAGTEK_bit_cnt      0x2               ./New Folder/a.o
KB_ready            0x1               ./New Folder/a.o
rx_in               0x1               ./New Folder/usart.o
keymap              0x11              ./New Folder/a.o
MAGTEK_re           0x2               ./New Folder/a.o
__iob               0x6               c:/winavr/bin/../lib/gcc/avr/4.3.3/../../../../avr/lib/avr5\libc.a(iob.o)

Memory Configuration

Name             Origin             Length             Attributes
text             0x00000000         0x00020000         xr
data             0x00800060         0x0000ffa0         rw !x
eeprom           0x00810000         0x00010000         rw !x
fuse             0x00820000         0x00000400         rw !x
lock             0x00830000         0x00000400         rw !x
signature        0x00840000         0x00000400         rw !x
*default*        0x00000000         0xffffffff

Linker script and memory map

LOAD c:/winavr/bin/../lib/gcc/avr/4.3.3/../../../../avr/lib/avr5/crtm16.o
LOAD ./New Folder/a.o
LOAD ./New Folder/aes.o
LOAD ./New Folder/eeprom.o
LOAD ./New Folder/i2ceeprom.o
LOAD ./New Folder/kb.o
LOAD ./New Folder/magtek.o
LOAD ./New Folder/main.o
LOAD ./New Folder/rtc_ds1337.o
LOAD ./New Folder/smalltools.o
LOAD ./New Folder/twi.o
LOAD ./New Folder/usart.o
LOAD ./aes.o
LOAD ./eeprom.o
LOAD ./i2ceeprom.o
LOAD ./kb.o
LOAD ./magtek.o
LOAD ./main.o
LOAD ./rtc_ds1337.o
LOAD ./smalltools.o
LOAD ./twi.o
LOAD ./usart.o
LOAD c:/winavr/bin/../lib/gcc/avr/4.3.3/avr5\libgcc.a
LOAD c:/winavr/bin/../lib/gcc/avr/4.3.3/../../../../avr/lib/avr5\libc.a
LOAD c:/winavr/bin/../lib/gcc/avr/4.3.3/avr5\libgcc.a

.hash
 *(.hash)

.dynsym
 *(.dynsym)

.dynstr
 *(.dynstr)

.gnu.version
 *(.gnu.version)

.gnu.version_d
 *(.gnu.version_d)

.gnu.version_r
 *(.gnu.version_r)

.rel.init
 *(.rel.init)

.rela.init
 *(.rela.init)

.rel.text
 *(.rel.text)
 *(.rel.text.*)
 *(.rel.gnu.linkonce.t*)

.rela.text
 *(.rela.text)
 *(.rela.text.*)
 *(.rela.gnu.linkonce.t*)

.rel.fini
 *(.rel.fini)

.rela.fini
 *(.rela.fini)

.rel.rodata
 *(.rel.rodata)
 *(.rel.rodata.*)
 *(.rel.gnu.linkonce.r*)

.rela.rodata
 *(.rela.rodata)
 *(.rela.rodata.*)
 *(.rela.gnu.linkonce.r*)

.rel.data
 *(.rel.data)
 *(.rel.data.*)
 *(.rel.gnu.linkonce.d*)

.rela.data
 *(.rela.data)
 *(.rela.data.*)
 *(.rela.gnu.linkonce.d*)

.rel.ctors
 *(.rel.ctors)

.rela.ctors
 *(.rela.ctors)

.rel.dtors
 *(.rel.dtors)

.rela.dtors
 *(.rela.dtors)

.rel.got
 *(.rel.got)

.rela.got
 *(.rela.got)

.rel.bss
 *(.rel.bss)

.rela.bss
 *(.rela.bss)

.rel.plt
 *(.rel.plt)

.rela.plt
 *(.rela.plt)

.text           0x00000000     0xc2f0
 *(.vectors)
 .vectors       0x00000000       0x54 c:/winavr/bin/../lib/gcc/avr/4.3.3/../../../../avr/lib/avr5/crtm16.o
                0x00000000                __vectors
                0x00000000                __vector_default
 *(.vectors)
 *(.progmem.gcc*)
 *(.progmem*)
                0x00000054                . = ALIGN (0x2)
                0x00000054                __trampolines_start = .
 *(.trampolines)
 .trampolines   0x00000054        0x0 linker stubs
 *(.trampolines*)
                0x00000054                __trampolines_end = .
 *(.jumptables)
 *(.jumptables*)
 *(.lowtext)
 *(.lowtext*)
                0x00000054                __ctors_start = .
 *(.ctors)
                0x00000054                __ctors_end = .
                0x00000054                __dtors_start = .
 *(.dtors)
                0x00000054                __dtors_end = .
 SORT(*)(.ctors)
 SORT(*)(.dtors)
 *(.init0)
 .init0         0x00000054        0x0 c:/winavr/bin/../lib/gcc/avr/4.3.3/../../../../avr/lib/avr5/crtm16.o
                0x00000054                __init
 *(.init0)
 *(.init1)
 *(.init1)
 *(.init2)
 .init2         0x00000054        0xc c:/winavr/bin/../lib/gcc/avr/4.3.3/../../../../avr/lib/avr5/crtm16.o
 *(.init2)
 *(.init3)
 *(.init3)
 *(.init4)
 .init4         0x00000060       0x16 c:/winavr/bin/../lib/gcc/avr/4.3.3/avr5\libgcc.a(_copy_data.o)
                0x00000060                __do_copy_data
 .init4         0x00000076       0x10 c:/winavr/bin/../lib/gcc/avr/4.3.3/avr5\libgcc.a(_clear_bss.o)
                0x00000076                __do_clear_bss
 *(.init4)
 *(.init5)
 *(.init5)
 *(.init6)
 *(.init6)
 *(.init7)
 *(.init7)
 *(.init8)
 *(.init8)
 *(.init9)
 .init9         0x00000086        0x8 c:/winavr/bin/../lib/gcc/avr/4.3.3/../../../../avr/lib/avr5/crtm16.o
 *(.init9)
 *(.text)
 .text          0x0000008e        0x4 c:/winavr/bin/../lib/gcc/avr/4.3.3/../../../../avr/lib/avr5/crtm16.o
                0x0000008e                __bad_interrupt
                0x0000008e                __vector_6
                0x0000008e                __vector_3
                0x0000008e                __vector_13
                0x0000008e                __vector_17
                0x0000008e                __vector_19
                0x0000008e                __vector_7
                0x0000008e                __vector_5
                0x0000008e                __vector_4
                0x0000008e                __vector_9
                0x0000008e                __vector_15
                0x0000008e                __vector_8
                0x0000008e                __vector_14
                0x0000008e                __vector_10
                0x0000008e                __vector_16
                0x0000008e                __vector_20
 .text          0x00000092     0x1f92 ./New Folder/a.o
                0x00001b5e                __vector_1
                0x00001d1c                write_kb_i2ceeprom
                0x00000092                main
                0x00001e98                write_mag_i2ceeprom
 .text          0x00002024     0x150c ./New Folder/aes.o
                0x0000258a                select_key
                0x0000207c                sub_s_box
                0x000031de                add_round_key
                0x000032b0                aes_round
                0x000029fe                mix_column
                0x00002650                byte_sub
                0x00002024                rcon
                0x00002290                multi
                0x0000241e                expand_key
                0x000027b4                shift_row
                0x0000335c                rijndael
 .text          0x00003530      0x154 ./New Folder/eeprom.o
                0x000035ea                EEPROM_read
                0x00003530                EEPROM_write
 .text          0x00003684      0x304 ./New Folder/i2ceeprom.o
                0x00003684                I2CEEPROM_write
                0x00003866                format_mem
                0x0000378c                I2CEEPROM_read
 .text          0x00003988      0x176 ./New Folder/kb.o
                0x000039f2                KB_int_proc
                0x00003988                KB_Init
 .text          0x00003afe      0x5ca ./New Folder/magtek.o
                0x00003bb6                __vector_2
                0x00003d5e                MAGTEK_analyse
                0x00003c8a                __vector_18
                0x00003afe                init_MAGTEK
 .text          0x000040c8     0x1f92 ./New Folder/main.o
 .text          0x0000605a      0x31c ./New Folder/rtc_ds1337.o
                0x0000611c                RTC_get_time
                0x00006094                dec2bcd
                0x000060c6                RTC_init
                0x0000605a                bcd2dec
                0x00006212                RTC_set_time
 .text          0x00006376      0x498 ./New Folder/smalltools.o
                0x0000654a                stringcomp
                0x000065ee                stringcpy
                0x000064b2                strtoi
                0x00006706                wait
                0x000066b4                write_eeptr
                0x00006376                USART_getstring
                0x00006668                read_eeptr
                0x00006736                crcccitt
 .text          0x0000680e      0x3d8 ./New Folder/twi.o
                0x00006af6                Send_adr
                0x000068fc                Send_to_TWI
                0x0000680e                Init_TWI
                0x000068e6                Send_stop
                0x00006890                Send_start
                0x00006878                Wait_TWI_int
                0x00006aa4                Send_byte
                0x00006b5c                Get_byte
 .text          0x00006be6      0x242 ./New Folder/usart.o
                0x00006d6a                USART_putchar
                0x00006be6                USART_init
                0x00006cf2                __vector_12
                0x00006dda                USART_getchar
                0x00006c96                __vector_11
 .text          0x00006e28     0x150c ./aes.o
 .text          0x00008334      0x154 ./eeprom.o
 .text          0x00008488      0x304 ./i2ceeprom.o
 .text          0x0000878c      0x176 ./kb.o
 .text          0x00008902      0x5ca ./magtek.o
 .text          0x00008ecc     0x1f92 ./main.o
 .text          0x0000ae5e      0x31c ./rtc_ds1337.o
 .text          0x0000b17a      0x498 ./smalltools.o
 .text          0x0000b612      0x3d8 ./twi.o
 .text          0x0000b9ea      0x242 ./usart.o
 .text          0x0000bc2c        0x0 c:/winavr/bin/../lib/gcc/avr/4.3.3/avr5\libgcc.a(_udivmodqi4.o)
 .text          0x0000bc2c        0x0 c:/winavr/bin/../lib/gcc/avr/4.3.3/avr5\libgcc.a(_divmodhi4.o)
 .text          0x0000bc2c        0x0 c:/winavr/bin/../lib/gcc/avr/4.3.3/avr5\libgcc.a(_udivmodsi4.o)
 .text          0x0000bc2c        0x0 c:/winavr/bin/../lib/gcc/avr/4.3.3/avr5\libgcc.a(_exit.o)
 .text          0x0000bc2c        0x0 c:/winavr/bin/../lib/gcc/avr/4.3.3/avr5\libgcc.a(_copy_data.o)
 .text          0x0000bc2c        0x0 c:/winavr/bin/../lib/gcc/avr/4.3.3/avr5\libgcc.a(_clear_bss.o)
 .text          0x0000bc2c        0x0 c:/winavr/bin/../lib/gcc/avr/4.3.3/avr5\libgcc.a(_udivmodhi4.o)
 .text          0x0000bc2c        0x0 c:/winavr/bin/../lib/gcc/avr/4.3.3/../../../../avr/lib/avr5\libc.a(fgetc.o)
 .text          0x0000bc2c        0x0 c:/winavr/bin/../lib/gcc/avr/4.3.3/../../../../avr/lib/avr5\libc.a(iob.o)
 .text          0x0000bc2c        0x0 c:/winavr/bin/../lib/gcc/avr/4.3.3/../../../../avr/lib/avr5\libc.a(printf.o)
 .text          0x0000bc2c        0x0 c:/winavr/bin/../lib/gcc/avr/4.3.3/../../../../avr/lib/avr5\libc.a(vfprintf_std.o)
 .text          0x0000bc2c        0x0 c:/winavr/bin/../lib/gcc/avr/4.3.3/../../../../avr/lib/avr5\libc.a(strnlen_P.o)
 .text          0x0000bc2c        0x0 c:/winavr/bin/../lib/gcc/avr/4.3.3/../../../../avr/lib/avr5\libc.a(strnlen.o)
 .text          0x0000bc2c        0x0 c:/winavr/bin/../lib/gcc/avr/4.3.3/../../../../avr/lib/avr5\libc.a(fputc.o)
 .text          0x0000bc2c        0x0 c:/winavr/bin/../lib/gcc/avr/4.3.3/../../../../avr/lib/avr5\libc.a(ultoa_invert.o)
 .text          0x0000bc2c        0x0 c:/winavr/bin/../lib/gcc/avr/4.3.3/avr5\libgcc.a(_prologue.o)
 .text          0x0000bc2c        0x0 c:/winavr/bin/../lib/gcc/avr/4.3.3/avr5\libgcc.a(_epilogue.o)
                0x0000bc2c                . = ALIGN (0x2)
 *(.text.*)
 .text.libgcc   0x0000bc2c       0x18 c:/winavr/bin/../lib/gcc/avr/4.3.3/avr5\libgcc.a(_udivmodqi4.o)
                0x0000bc2c                __udivmodqi4
 .text.libgcc   0x0000bc44       0x26 c:/winavr/bin/../lib/gcc/avr/4.3.3/avr5\libgcc.a(_divmodhi4.o)
                0x0000bc44                __divmodhi4
                0x0000bc44                _div
 .text.libgcc   0x0000bc6a       0x44 c:/winavr/bin/../lib/gcc/avr/4.3.3/avr5\libgcc.a(_udivmodsi4.o)
                0x0000bc6a                __udivmodsi4
 .text.libgcc   0x0000bcae        0x0 c:/winavr/bin/../lib/gcc/avr/4.3.3/avr5\libgcc.a(_exit.o)
 .text.libgcc   0x0000bcae        0x0 c:/winavr/bin/../lib/gcc/avr/4.3.3/avr5\libgcc.a(_copy_data.o)
 .text.libgcc   0x0000bcae        0x0 c:/winavr/bin/../lib/gcc/avr/4.3.3/avr5\libgcc.a(_clear_bss.o)
 .text.libgcc   0x0000bcae       0x28 c:/winavr/bin/../lib/gcc/avr/4.3.3/avr5\libgcc.a(_udivmodhi4.o)
                0x0000bcae                __udivmodhi4
 .text.avr-libc
                0x0000bcd6       0x84 c:/winavr/bin/../lib/gcc/avr/4.3.3/../../../../avr/lib/avr5\libc.a(fgetc.o)
                0x0000bcd6                fgetc
 .text.avr-libc
                0x0000bd5a       0x2a c:/winavr/bin/../lib/gcc/avr/4.3.3/../../../../avr/lib/avr5\libc.a(printf.o)
                0x0000bd5a                printf
 .text.avr-libc
                0x0000bd84      0x3ba c:/winavr/bin/../lib/gcc/avr/4.3.3/../../../../avr/lib/avr5\libc.a(vfprintf_std.o)
                0x0000bd84                vfprintf
 .text.avr-libc
                0x0000c13e       0x16 c:/winavr/bin/../lib/gcc/avr/4.3.3/../../../../avr/lib/avr5\libc.a(strnlen_P.o)
                0x0000c13e                strnlen_P
 .text.avr-libc
                0x0000c154       0x16 c:/winavr/bin/../lib/gcc/avr/4.3.3/../../../../avr/lib/avr5\libc.a(strnlen.o)
                0x0000c154                strnlen
 .text.avr-libc
                0x0000c16a       0x58 c:/winavr/bin/../lib/gcc/avr/4.3.3/../../../../avr/lib/avr5\libc.a(fputc.o)
                0x0000c16a                fputc
 .text.avr-libc
                0x0000c1c2       0xbc c:/winavr/bin/../lib/gcc/avr/4.3.3/../../../../avr/lib/avr5\libc.a(ultoa_invert.o)
                0x0000c1c2                __ultoa_invert
 .text.libgcc   0x0000c27e       0x38 c:/winavr/bin/../lib/gcc/avr/4.3.3/avr5\libgcc.a(_prologue.o)
                0x0000c27e                __prologue_saves__
 .text.libgcc   0x0000c2b6       0x36 c:/winavr/bin/../lib/gcc/avr/4.3.3/avr5\libgcc.a(_epilogue.o)
                0x0000c2b6                __epilogue_restores__
                0x0000c2ec                . = ALIGN (0x2)
 *(.fini9)
 .fini9         0x0000c2ec        0x0 c:/winavr/bin/../lib/gcc/avr/4.3.3/avr5\libgcc.a(_exit.o)
                0x0000c2ec                exit
                0x0000c2ec                _exit
 *(.fini9)
 *(.fini8)
 *(.fini8)
 *(.fini7)
 *(.fini7)
 *(.fini6)
 *(.fini6)
 *(.fini5)
 *(.fini5)
 *(.fini4)
 *(.fini4)
 *(.fini3)
 *(.fini3)
 *(.fini2)
 *(.fini2)
 *(.fini1)
 *(.fini1)
 *(.fini0)
 .fini0         0x0000c2ec        0x4 c:/winavr/bin/../lib/gcc/avr/4.3.3/avr5\libgcc.a(_exit.o)
 *(.fini0)
                0x0000c2f0                _etext = .

.data           0x00800060      0x946 load address 0x0000c2f0
                0x00800060                PROVIDE (__data_start, .)
 *(.data)
 .data          0x00800060        0x0 c:/winavr/bin/../lib/gcc/avr/4.3.3/../../../../avr/lib/avr5/crtm16.o
 .data          0x00800060      0x30e ./New Folder/a.o
 .data          0x0080036e        0x0 ./New Folder/aes.o
 .data          0x0080036e        0x0 ./New Folder/eeprom.o
 .data          0x0080036e        0x0 ./New Folder/i2ceeprom.o
 .data          0x0080036e        0x0 ./New Folder/kb.o
 .data          0x0080036e        0x0 ./New Folder/magtek.o
 .data          0x0080036e      0x30e ./New Folder/main.o
 .data          0x0080067c        0x0 ./New Folder/rtc_ds1337.o
 .data          0x0080067c        0x0 ./New Folder/smalltools.o
 .data          0x0080067c        0x0 ./New Folder/twi.o
 .data          0x0080067c        0xe ./New Folder/usart.o
                0x0080067c                USART_str
 .data          0x0080068a        0x0 ./aes.o
 .data          0x0080068a        0x0 ./eeprom.o
 .data          0x0080068a        0x0 ./i2ceeprom.o
 .data          0x0080068a        0x0 ./kb.o
 .data          0x0080068a        0x0 ./magtek.o
 .data          0x0080068a      0x30e ./main.o
 .data          0x00800998        0x0 ./rtc_ds1337.o
 .data          0x00800998        0x0 ./smalltools.o
 .data          0x00800998        0x0 ./twi.o
 .data          0x00800998        0xe ./usart.o
 .data          0x008009a6        0x0 c:/winavr/bin/../lib/gcc/avr/4.3.3/avr5\libgcc.a(_udivmodqi4.o)
 .data          0x008009a6        0x0 c:/winavr/bin/../lib/gcc/avr/4.3.3/avr5\libgcc.a(_divmodhi4.o)
 .data          0x008009a6        0x0 c:/winavr/bin/../lib/gcc/avr/4.3.3/avr5\libgcc.a(_udivmodsi4.o)
 .data          0x008009a6        0x0 c:/winavr/bin/../lib/gcc/avr/4.3.3/avr5\libgcc.a(_exit.o)
 .data          0x008009a6        0x0 c:/winavr/bin/../lib/gcc/avr/4.3.3/avr5\libgcc.a(_copy_data.o)
 .data          0x008009a6        0x0 c:/winavr/bin/../lib/gcc/avr/4.3.3/avr5\libgcc.a(_clear_bss.o)
 .data          0x008009a6        0x0 c:/winavr/bin/../lib/gcc/avr/4.3.3/avr5\libgcc.a(_udivmodhi4.o)
 .data          0x008009a6        0x0 c:/winavr/bin/../lib/gcc/avr/4.3.3/../../../../avr/lib/avr5\libc.a(fgetc.o)
 .data          0x008009a6        0x0 c:/winavr/bin/../lib/gcc/avr/4.3.3/../../../../avr/lib/avr5\libc.a(iob.o)
 .data          0x008009a6        0x0 c:/winavr/bin/../lib/gcc/avr/4.3.3/../../../../avr/lib/avr5\libc.a(printf.o)
 .data          0x008009a6        0x0 c:/winavr/bin/../lib/gcc/avr/4.3.3/../../../../avr/lib/avr5\libc.a(vfprintf_std.o)
 .data          0x008009a6        0x0 c:/winavr/bin/../lib/gcc/avr/4.3.3/../../../../avr/lib/avr5\libc.a(strnlen_P.o)
 .data          0x008009a6        0x0 c:/winavr/bin/../lib/gcc/avr/4.3.3/../../../../avr/lib/avr5\libc.a(strnlen.o)
 .data          0x008009a6        0x0 c:/winavr/bin/../lib/gcc/avr/4.3.3/../../../../avr/lib/avr5\libc.a(fputc.o)
 .data          0x008009a6        0x0 c:/winavr/bin/../lib/gcc/avr/4.3.3/../../../../avr/lib/avr5\libc.a(ultoa_invert.o)
 .data          0x008009a6        0x0 c:/winavr/bin/../lib/gcc/avr/4.3.3/avr5\libgcc.a(_prologue.o)
 .data          0x008009a6        0x0 c:/winavr/bin/../lib/gcc/avr/4.3.3/avr5\libgcc.a(_epilogue.o)
 *(.data*)
 *(.rodata)
 *(.rodata*)
 *(.gnu.linkonce.d*)
                0x008009a6                . = ALIGN (0x2)
                0x008009a6                _edata = .
                0x008009a6                PROVIDE (__data_end, .)

.bss            0x008009a6      0x19f
                0x008009a6                PROVIDE (__bss_start, .)
 *(.bss)
 .bss           0x008009a6        0x0 c:/winavr/bin/../lib/gcc/avr/4.3.3/../../../../avr/lib/avr5/crtm16.o
 .bss           0x008009a6        0x0 ./New Folder/a.o
 .bss           0x008009a6        0x0 ./New Folder/aes.o
 .bss           0x008009a6        0x0 ./New Folder/eeprom.o
 .bss           0x008009a6        0x0 ./New Folder/i2ceeprom.o
 .bss           0x008009a6        0x0 ./New Folder/kb.o
 .bss           0x008009a6        0x0 ./New Folder/magtek.o
 .bss           0x008009a6        0x0 ./New Folder/main.o
 .bss           0x008009a6        0x0 ./New Folder/rtc_ds1337.o
 .bss           0x008009a6        0x0 ./New Folder/smalltools.o
 .bss           0x008009a6        0x0 ./New Folder/twi.o
 .bss           0x008009a6        0x0 ./New Folder/usart.o
 .bss           0x008009a6        0x0 ./aes.o
 .bss           0x008009a6        0x0 ./eeprom.o
 .bss           0x008009a6        0x0 ./i2ceeprom.o
 .bss           0x008009a6        0x0 ./kb.o
 .bss           0x008009a6        0x0 ./magtek.o
 .bss           0x008009a6        0x0 ./main.o
 .bss           0x008009a6        0x0 ./rtc_ds1337.o
 .bss           0x008009a6        0x0 ./smalltools.o
 .bss           0x008009a6        0x0 ./twi.o
 .bss           0x008009a6        0x0 ./usart.o
 .bss           0x008009a6        0x0 c:/winavr/bin/../lib/gcc/avr/4.3.3/avr5\libgcc.a(_udivmodqi4.o)
 .bss           0x008009a6        0x0 c:/winavr/bin/../lib/gcc/avr/4.3.3/avr5\libgcc.a(_divmodhi4.o)
 .bss           0x008009a6        0x0 c:/winavr/bin/../lib/gcc/avr/4.3.3/avr5\libgcc.a(_udivmodsi4.o)
 .bss           0x008009a6        0x0 c:/winavr/bin/../lib/gcc/avr/4.3.3/avr5\libgcc.a(_exit.o)
 .bss           0x008009a6        0x0 c:/winavr/bin/../lib/gcc/avr/4.3.3/avr5\libgcc.a(_copy_data.o)
 .bss           0x008009a6        0x0 c:/winavr/bin/../lib/gcc/avr/4.3.3/avr5\libgcc.a(_clear_bss.o)
 .bss           0x008009a6        0x0 c:/winavr/bin/../lib/gcc/avr/4.3.3/avr5\libgcc.a(_udivmodhi4.o)
 .bss           0x008009a6        0x0 c:/winavr/bin/../lib/gcc/avr/4.3.3/../../../../avr/lib/avr5\libc.a(fgetc.o)
 .bss           0x008009a6        0x0 c:/winavr/bin/../lib/gcc/avr/4.3.3/../../../../avr/lib/avr5\libc.a(iob.o)
 .bss           0x008009a6        0x0 c:/winavr/bin/../lib/gcc/avr/4.3.3/../../../../avr/lib/avr5\libc.a(printf.o)
 .bss           0x008009a6        0x0 c:/winavr/bin/../lib/gcc/avr/4.3.3/../../../../avr/lib/avr5\libc.a(vfprintf_std.o)
 .bss           0x008009a6        0x0 c:/winavr/bin/../lib/gcc/avr/4.3.3/../../../../avr/lib/avr5\libc.a(strnlen_P.o)
 .bss           0x008009a6        0x0 c:/winavr/bin/../lib/gcc/avr/4.3.3/../../../../avr/lib/avr5\libc.a(strnlen.o)
 .bss           0x008009a6        0x0 c:/winavr/bin/../lib/gcc/avr/4.3.3/../../../../avr/lib/avr5\libc.a(fputc.o)
 .bss           0x008009a6        0x0 c:/winavr/bin/../lib/gcc/avr/4.3.3/../../../../avr/lib/avr5\libc.a(ultoa_invert.o)
 .bss           0x008009a6        0x0 c:/winavr/bin/../lib/gcc/avr/4.3.3/avr5\libgcc.a(_prologue.o)
 .bss           0x008009a6        0x0 c:/winavr/bin/../lib/gcc/avr/4.3.3/avr5\libgcc.a(_epilogue.o)
 *(.bss*)
 *(COMMON)
 COMMON         0x008009a6      0x155 ./New Folder/a.o
                0x008009a6                MAGTEK_f_bit
                0x008009a8                heure_actuelle
                0x008009b1                enkey
                0x008009b5                crypto_key
                0x008009d6                KB_buf
                0x008009e6                KB_scan_line
                0x008009e7                MAGTEK_bits
                0x00800aaf                KB_key
                0x00800ab0                MAGTEK_rip
                0x00800ab2                KB_timer
                0x00800ab4                MAGTEK_str
                0x00800add                KB_char_cnt
                0x00800ade                KB_keypressed
                0x00800adf                delai
                0x00800ae1                kbdebug
                0x00800ae2                KB_in_read
                0x00800ae3                kb_scan_slacker
                0x00800ae5                MAGTEK_bit_cnt
                0x00800ae7                KB_ready
                0x00800ae8                keymap
                0x00800af9                MAGTEK_re
 COMMON         0x00800afb       0x44 ./New Folder/usart.o
                0x00800afb                tampon_tx
                0x00800b1b                rx_out
                0x00800b1c                tampon_rx
                0x00800b3c                tx_out
                0x00800b3d                tx_in
                0x00800b3e                rx_in
 COMMON         0x00800b3f        0x6 c:/winavr/bin/../lib/gcc/avr/4.3.3/../../../../avr/lib/avr5\libc.a(iob.o)
                0x00800b3f                __iob
                0x00800b45                PROVIDE (__bss_end, .)
                0x0000c2f0                __data_load_start = LOADADDR (.data)
                0x0000cc36                __data_load_end = (__data_load_start + SIZEOF (.data))

.noinit         0x00800b45        0x0
                0x00800b45                PROVIDE (__noinit_start, .)
 *(.noinit*)
                0x00800b45                PROVIDE (__noinit_end, .)
                0x00800b45                _end = .
                0x00800b45                PROVIDE (__heap_start, .)

.eeprom         0x00810000      0x1bc
 *(.eeprom*)
 .eeprom        0x00810000       0x94 ./New Folder/a.o
                0x00810000                EEPVars
 .eeprom        0x00810094       0x94 ./New Folder/main.o
 .eeprom        0x00810128       0x94 ./main.o
                0x008101bc                __eeprom_end = .

.fuse
 *(.fuse)
 *(.lfuse)
 *(.hfuse)
 *(.efuse)

.lock
 *(.lock*)

.signature
 *(.signature*)

.stab           0x00000000     0xbb80
 *(.stab)
 .stab          0x00000000     0x1bfc ./New Folder/a.o
 .stab          0x00001bfc      0xec4 ./New Folder/aes.o
                                0xed0 (size before relaxing)
 .stab          0x00002ac0      0x294 ./New Folder/eeprom.o
                                0x450 (size before relaxing)
 .stab          0x00002d54      0x4b0 ./New Folder/i2ceeprom.o
                                0x6a8 (size before relaxing)
 .stab          0x00003204      0x36c ./New Folder/kb.o
                                0x528 (size before relaxing)
 .stab          0x00003570      0x780 ./New Folder/magtek.o
                                0x990 (size before relaxing)
 .stab          0x00003cf0     0x1980 ./New Folder/main.o
                               0x1bfc (size before relaxing)
 .stab          0x00005670      0x570 ./New Folder/rtc_ds1337.o
                                0x75c (size before relaxing)
 .stab          0x00005be0      0x6fc ./New Folder/smalltools.o
                                0x900 (size before relaxing)
 .stab          0x000062dc      0x504 ./New Folder/twi.o
                                0x6d8 (size before relaxing)
 .stab          0x000067e0      0x3f0 ./New Folder/usart.o
                                0x600 (size before relaxing)
 .stab          0x00006bd0      0xec4 ./aes.o
                                0xed0 (size before relaxing)
 .stab          0x00007a94      0x294 ./eeprom.o
                                0x450 (size before relaxing)
 .stab          0x00007d28      0x4ec ./i2ceeprom.o
                                0x6a8 (size before relaxing)
 .stab          0x00008214      0x36c ./kb.o
                                0x528 (size before relaxing)
 .stab          0x00008580      0x6f0 ./magtek.o
                                0x990 (size before relaxing)
 .stab          0x00008c70     0x19b0 ./main.o
                               0x1bfc (size before relaxing)
 .stab          0x0000a620      0x570 ./rtc_ds1337.o
                                0x75c (size before relaxing)
 .stab          0x0000ab90      0x6fc ./smalltools.o
                                0x900 (size before relaxing)
 .stab          0x0000b28c      0x504 ./twi.o
                                0x6d8 (size before relaxing)
 .stab          0x0000b790      0x3f0 ./usart.o
                                0x600 (size before relaxing)

.stabstr        0x00000000     0x1e4c
 *(.stabstr)
 .stabstr       0x00000000     0x1e4c ./New Folder/a.o

.stab.excl
 *(.stab.excl)

.stab.exclstr
 *(.stab.exclstr)

.stab.index
 *(.stab.index)

.stab.indexstr
 *(.stab.indexstr)

.comment
 *(.comment)

.debug
 *(.debug)

.line
 *(.line)

.debug_srcinfo
 *(.debug_srcinfo)

.debug_sfnames
 *(.debug_sfnames)

.debug_aranges
 *(.debug_aranges)

.debug_pubnames
 *(.debug_pubnames)

.debug_info
 *(.debug_info)
 *(.gnu.linkonce.wi.*)

.debug_abbrev
 *(.debug_abbrev)

.debug_line
 *(.debug_line)

.debug_frame
 *(.debug_frame)

.debug_str
 *(.debug_str)

.debug_loc
 *(.debug_loc)

.debug_macinfo
 *(.debug_macinfo)
OUTPUT(test.elf elf32-avr)
LOAD linker stubs
